Archive member included because of file (symbol)

C:\marmalade\6.1\s3e\edk\lib\android\libedk.a(edk_helpers.o)
                              release\s3ePlayhaven_platform.os (s3eEdkThreadRunOnOS)
C:\Android\android-ndk-r8d\sources\cxx-stl\gnu-libstdc++\4.4.3\libs\armeabi\libgnustl_static.a(del_opv.o)
                              release\s3ePlayhaven_platform.os (operator delete[](void*))
C:\Android\android-ndk-r8d\sources\cxx-stl\gnu-libstdc++\4.4.3\libs\armeabi\libgnustl_static.a(new_op.o)
                              release\s3ePlayhaven_platform.os (operator new(unsigned int))
C:\Android\android-ndk-r8d\sources\cxx-stl\gnu-libstdc++\4.4.3\libs\armeabi\libgnustl_static.a(new_opv.o)
                              release\s3ePlayhaven_platform.os (operator new[](unsigned int))
C:\Android\android-ndk-r8d\sources\cxx-stl\gnu-libstdc++\4.4.3\libs\armeabi\libgnustl_static.a(del_op.o)
                              C:\Android\android-ndk-r8d\sources\cxx-stl\gnu-libstdc++\4.4.3\libs\armeabi\libgnustl_static.a(del_opv.o) (operator delete(void*))
C:\Android\android-ndk-r8d\sources\cxx-stl\gnu-libstdc++\4.4.3\libs\armeabi\libgnustl_static.a(eh_alloc.o)
                              C:\Android\android-ndk-r8d\sources\cxx-stl\gnu-libstdc++\4.4.3\libs\armeabi\libgnustl_static.a(new_op.o) (__cxa_allocate_exception)
C:\Android\android-ndk-r8d\sources\cxx-stl\gnu-libstdc++\4.4.3\libs\armeabi\libgnustl_static.a(eh_arm.o)
                              C:\Android\android-ndk-r8d\sources\cxx-stl\gnu-libstdc++\4.4.3\libs\armeabi\libgnustl_static.a(new_op.o) (__cxa_end_cleanup)
C:\Android\android-ndk-r8d\sources\cxx-stl\gnu-libstdc++\4.4.3\libs\armeabi\libgnustl_static.a(eh_aux_runtime.o)
                              C:\Android\android-ndk-r8d\sources\cxx-stl\gnu-libstdc++\4.4.3\libs\armeabi\libgnustl_static.a(eh_arm.o) (__cxa_bad_typeid)
C:\Android\android-ndk-r8d\sources\cxx-stl\gnu-libstdc++\4.4.3\libs\armeabi\libgnustl_static.a(eh_call.o)
                              C:\Android\android-ndk-r8d\sources\cxx-stl\gnu-libstdc++\4.4.3\libs\armeabi\libgnustl_static.a(new_op.o) (__cxa_call_unexpected)
C:\Android\android-ndk-r8d\sources\cxx-stl\gnu-libstdc++\4.4.3\libs\armeabi\libgnustl_static.a(eh_catch.o)
                              C:\Android\android-ndk-r8d\sources\cxx-stl\gnu-libstdc++\4.4.3\libs\armeabi\libgnustl_static.a(eh_call.o) (__cxa_end_catch)
C:\Android\android-ndk-r8d\sources\cxx-stl\gnu-libstdc++\4.4.3\libs\armeabi\libgnustl_static.a(eh_exception.o)
                              C:\Android\android-ndk-r8d\sources\cxx-stl\gnu-libstdc++\4.4.3\libs\armeabi\libgnustl_static.a(eh_alloc.o) (std::exception::~exception())
C:\Android\android-ndk-r8d\sources\cxx-stl\gnu-libstdc++\4.4.3\libs\armeabi\libgnustl_static.a(eh_globals.o)
                              C:\Android\android-ndk-r8d\sources\cxx-stl\gnu-libstdc++\4.4.3\libs\armeabi\libgnustl_static.a(eh_call.o) (__cxa_get_globals_fast)
C:\Android\android-ndk-r8d\sources\cxx-stl\gnu-libstdc++\4.4.3\libs\armeabi\libgnustl_static.a(eh_personality.o)
                              C:\Android\android-ndk-r8d\sources\cxx-stl\gnu-libstdc++\4.4.3\libs\armeabi\libgnustl_static.a(new_op.o) (__gxx_personality_v0)
C:\Android\android-ndk-r8d\sources\cxx-stl\gnu-libstdc++\4.4.3\libs\armeabi\libgnustl_static.a(eh_terminate.o)
                              C:\Android\android-ndk-r8d\sources\cxx-stl\gnu-libstdc++\4.4.3\libs\armeabi\libgnustl_static.a(eh_call.o) (__cxxabiv1::__terminate(void (*)()))
C:\Android\android-ndk-r8d\sources\cxx-stl\gnu-libstdc++\4.4.3\libs\armeabi\libgnustl_static.a(eh_throw.o)
                              C:\Android\android-ndk-r8d\sources\cxx-stl\gnu-libstdc++\4.4.3\libs\armeabi\libgnustl_static.a(eh_call.o) (__cxa_rethrow)
C:\Android\android-ndk-r8d\sources\cxx-stl\gnu-libstdc++\4.4.3\libs\armeabi\libgnustl_static.a(eh_unex_handler.o)
                              C:\Android\android-ndk-r8d\sources\cxx-stl\gnu-libstdc++\4.4.3\libs\armeabi\libgnustl_static.a(eh_terminate.o) (__cxxabiv1::__unexpected_handler)
C:\Android\android-ndk-r8d\sources\cxx-stl\gnu-libstdc++\4.4.3\libs\armeabi\libgnustl_static.a(fundamental_type_info.o)
                              C:\Android\android-ndk-r8d\sources\cxx-stl\gnu-libstdc++\4.4.3\libs\armeabi\libgnustl_static.a(eh_arm.o) (typeinfo for void)
C:\Android\android-ndk-r8d\sources\cxx-stl\gnu-libstdc++\4.4.3\libs\armeabi\libgnustl_static.a(new_handler.o)
                              C:\Android\android-ndk-r8d\sources\cxx-stl\gnu-libstdc++\4.4.3\libs\armeabi\libgnustl_static.a(new_op.o) (std::bad_alloc::~bad_alloc())
C:\Android\android-ndk-r8d\sources\cxx-stl\gnu-libstdc++\4.4.3\libs\armeabi\libgnustl_static.a(pointer_type_info.o)
                              C:\Android\android-ndk-r8d\sources\cxx-stl\gnu-libstdc++\4.4.3\libs\armeabi\libgnustl_static.a(fundamental_type_info.o) (vtable for __cxxabiv1::__pointer_type_info)
[...]
Memory Configuration

Name             Origin             Length             Attributes
*default*        0x00000000         0xffffffff

Linker script and memory map

LOAD C:/Android/android-ndk-r8d/platforms/android-9/arch-arm/usr/lib/crtbegin_so.o
LOAD release\s3ePlayhaven_platform.os
LOAD release\s3ePlayhaven.os
LOAD release\s3ePlayhaven_register.os
LOAD C:\marmalade\6.1\s3e\edk\lib\android\libedk.a
LOAD C:\marmalade\6.1\s3e\edk\lib\android/libplaceholderplaceholderplaceholderplaceholderplaceholder.so
LOAD C:\Android\android-ndk-r8d\platforms\android-9\arch-arm\usr\lib/liblog.so
LOAD C:\Android\android-ndk-r8d\sources\cxx-stl\gnu-libstdc++\4.4.3\libs\armeabi\libgnustl_static.a
LOAD c:/Android/android-ndk-r8d/toolchains/arm-linux-androideabi-4.4.3/prebuilt/windows/bin/../lib/gcc/arm-linux-androideabi/4.4.3\libgcc.a
LOAD C:\Android\android-ndk-r8d\platforms\android-9\arch-arm\usr\lib/libstdc++.so
LOAD C:\Android\android-ndk-r8d\platforms\android-9\arch-arm\usr\lib/libm.so
LOAD C:\Android\android-ndk-r8d\platforms\android-9\arch-arm\usr\lib/libc.so
LOAD c:/Android/android-ndk-r8d/toolchains/arm-linux-androideabi-4.4.3/prebuilt/windows/bin/../lib/gcc/arm-linux-androideabi/4.4.3\libgcc.a
LOAD C:\Android\android-ndk-r8d\platforms\android-9\arch-arm\usr\lib/libc.so
LOAD C:\Android\android-ndk-r8d\platforms\android-9\arch-arm\usr\lib/libdl.so
LOAD c:/Android/android-ndk-r8d/toolchains/arm-linux-androideabi-4.4.3/prebuilt/windows/bin/../lib/gcc/arm-linux-androideabi/4.4.3\libgcc.a
LOAD C:/Android/android-ndk-r8d/platforms/android-9/arch-arm/usr/lib/crtend_so.o
                0x000000f4                . = (0x0 + SIZEOF_HEADERS)

.note.gnu.build-id
 *(.note.gnu.build-id)

.hash           0x000000f4      0x940
 *(.hash)
 .hash          0x000000f4      0x940 C:/Android/android-ndk-r8d/platforms/android-9/arch-arm/usr/lib/crtbegin_so.o

.gnu.hash
 *(.gnu.hash)

.dynsym         0x00000a34     0x1470
 *(.dynsym)
 .dynsym        0x00000a34     0x1470 C:/Android/android-ndk-r8d/platforms/android-9/arch-arm/usr/lib/crtbegin_so.o

.dynstr         0x00001ea4     0x18dc
 *(.dynstr)
 .dynstr        0x00001ea4     0x18dc C:/Android/android-ndk-r8d/platforms/android-9/arch-arm/usr/lib/crtbegin_so.o

.gnu.version    0x00003780        0x0
 *(.gnu.version)
 .gnu.version   0x00000000        0x0 C:/Android/android-ndk-r8d/platforms/android-9/arch-arm/usr/lib/crtbegin_so.o

.gnu.version_d  0x00003780        0x0
 *(.gnu.version_d)
 .gnu.version_d
                0x00000000        0x0 C:/Android/android-ndk-r8d/platforms/android-9/arch-arm/usr/lib/crtbegin_so.o

.gnu.version_r  0x00003780        0x0
 *(.gnu.version_r)
 .gnu.version_r
                0x00000000        0x0 C:/Android/android-ndk-r8d/platforms/android-9/arch-arm/usr/lib/crtbegin_so.o

.rel.dyn        0x00003780     0x1078
 *(.rel.init)
 *(.rel.text .rel.text.* .rel.gnu.linkonce.t.*)
 *(.rel.fini)
 *(.rel.rodata .rel.rodata.* .rel.gnu.linkonce.r.*)
 *(.rel.data.rel.ro* .rel.gnu.linkonce.d.rel.ro.*)
 .rel.data.rel.ro
                0x00003780       0xc0 C:/Android/android-ndk-r8d/platforms/android-9/arch-arm/usr/lib/crtbegin_so.o
 .rel.data.rel.ro._ZTIN9__gnu_cxx24__concurrence_lock_errorE
                0x00003840       0x18 C:/Android/android-ndk-r8d/platforms/android-9/arch-arm/usr/lib/crtbegin_so.o
 .rel.data.rel.ro._ZTVN9__gnu_cxx24__concurrence_lock_errorE
                0x00003858       0x20 C:/Android/android-ndk-r8d/platforms/android-9/arch-arm/usr/lib/crtbegin_so.o
 .rel.data.rel.ro._ZTIN9__gnu_cxx26__concurrence_unlock_errorE
                0x00003878       0x18 C:/Android/android-ndk-r8d/platforms/android-9/arch-arm/usr/lib/crtbegin_so.o
 .rel.data.rel.ro._ZTVN9__gnu_cxx26__concurrence_unlock_errorE
                0x00003890       0x20 C:/Android/android-ndk-r8d/platforms/android-9/arch-arm/usr/lib/crtbegin_so.o
 .rel.data.rel.ro._ZTIN10__cxxabiv115__forced_unwindE
                0x000038b0       0x10 C:/Android/android-ndk-r8d/platforms/android-9/arch-arm/usr/lib/crtbegin_so.o
 .rel.data.rel.ro._ZTISt9exception
                0x000038c0       0x10 C:/Android/android-ndk-r8d/platforms/android-9/arch-arm/usr/lib/crtbegin_so.o
 .rel.data.rel.ro._ZTVSt13bad_exception
                0x000038d0       0x20 C:/Android/android-ndk-r8d/platforms/android-9/arch-arm/usr/lib/crtbegin_so.o
 .rel.data.rel.ro._ZTISt13bad_exception
                0x000038f0       0x18 C:/Android/android-ndk-r8d/platforms/android-9/arch-arm/usr/lib/crtbegin_so.o
 .rel.data.rel.ro._ZTIN10__cxxabiv119__foreign_exceptionE
                0x00003908       0x10 C:/Android/android-ndk-r8d/platforms/android-9/arch-arm/usr/lib/crtbegin_so.o
 .rel.data.rel.ro._ZTVN10__cxxabiv115__forced_unwindE
                0x00003918       0x20 C:/Android/android-ndk-r8d/platforms/android-9/arch-arm/usr/lib/crtbegin_so.o
 .rel.data.rel.ro._ZTVN10__cxxabiv119__foreign_exceptionE
                0x00003938       0x20 C:/Android/android-ndk-r8d/platforms/android-9/arch-arm/usr/lib/crtbegin_so.o
 .rel.data.rel.ro._ZTVSt9exception
                0x00003958       0x20 C:/Android/android-ndk-r8d/platforms/android-9/arch-arm/usr/lib/crtbegin_so.o
 .rel.data.rel.ro._ZTIPKe
                0x00003978       0x18 C:/Android/android-ndk-r8d/platforms/android-9/arch-arm/usr/lib/crtbegin_so.o
 .rel.data.rel.ro._ZTIPe
                0x00003990       0x18 C:/Android/android-ndk-r8d/platforms/android-9/arch-arm/usr/lib/crtbegin_so.o
 .rel.data.rel.ro._ZTIe
                0x000039a8       0x10 C:/Android/android-ndk-r8d/platforms/android-9/arch-arm/usr/lib/crtbegin_so.o
 .rel.data.rel.ro._ZTIPKd
                0x000039b8       0x18 C:/Android/android-ndk-r8d/platforms/android-9/arch-arm/usr/lib/crtbegin_so.o
 .rel.data.rel.ro._ZTIPd
                0x000039d0       0x18 C:/Android/android-ndk-r8d/platforms/android-9/arch-arm/usr/lib/crtbegin_so.o
 .rel.data.rel.ro._ZTId
                0x000039e8       0x10 C:/Android/android-ndk-r8d/platforms/android-9/arch-arm/usr/lib/crtbegin_so.o
 .rel.data.rel.ro._ZTIPKf
                0x000039f8       0x18 C:/Android/android-ndk-r8d/platforms/android-9/arch-arm/usr/lib/crtbegin_so.o
 .rel.data.rel.ro._ZTIPf
                0x00003a10       0x18 C:/Android/android-ndk-r8d/platforms/android-9/arch-arm/usr/lib/crtbegin_so.o
 .rel.data.rel.ro._ZTIf
                0x00003a28       0x10 C:/Android/android-ndk-r8d/platforms/android-9/arch-arm/usr/lib/crtbegin_so.o
 .rel.data.rel.ro._ZTIPKy
                0x00003a38       0x18 C:/Android/android-ndk-r8d/platforms/android-9/arch-arm/usr/lib/crtbegin_so.o
 .rel.data.rel.ro._ZTIPy
                0x00003a50       0x18 C:/Android/android-ndk-r8d/platforms/android-9/arch-arm/usr/lib/crtbegin_so.o
 .rel.data.rel.ro._ZTIy
                0x00003a68       0x10 C:/Android/android-ndk-r8d/platforms/android-9/arch-arm/usr/lib/crtbegin_so.o
 .rel.data.rel.ro._ZTIPKx
                0x00003a78       0x18 C:/Android/android-ndk-r8d/platforms/android-9/arch-arm/usr/lib/crtbegin_so.o
 .rel.data.rel.ro._ZTIPx
                0x00003a90       0x18 C:/Android/android-ndk-r8d/platforms/android-9/arch-arm/usr/lib/crtbegin_so.o
 .rel.data.rel.ro._ZTIx
                0x00003aa8       0x10 C:/Android/android-ndk-r8d/platforms/android-9/arch-arm/usr/lib/crtbegin_so.o
 .rel.data.rel.ro._ZTIPKm
                0x00003ab8       0x18 C:/Android/android-ndk-r8d/platforms/android-9/arch-arm/usr/lib/crtbegin_so.o
 .rel.data.rel.ro._ZTIPm
                0x00003ad0       0x18 C:/Android/android-ndk-r8d/platforms/android-9/arch-arm/usr/lib/crtbegin_so.o
 .rel.data.rel.ro._ZTIm
                0x00003ae8       0x10 C:/Android/android-ndk-r8d/platforms/android-9/arch-arm/usr/lib/crtbegin_so.o
 .rel.data.rel.ro._ZTIPKl
                0x00003af8       0x18 C:/Android/android-ndk-r8d/platforms/android-9/arch-arm/usr/lib/crtbegin_so.o
 .rel.data.rel.ro._ZTIPl
                0x00003b10       0x18 C:/Android/android-ndk-r8d/platforms/android-9/arch-arm/usr/lib/crtbegin_so.o
 .rel.data.rel.ro._ZTIl
                0x00003b28       0x10 C:/Android/android-ndk-r8d/platforms/android-9/arch-arm/usr/lib/crtbegin_so.o
 .rel.data.rel.ro._ZTIPKj
                0x00003b38       0x18 C:/Android/android-ndk-r8d/platforms/android-9/arch-arm/usr/lib/crtbegin_so.o
 .rel.data.rel.ro._ZTIPj
                0x00003b50       0x18 C:/Android/android-ndk-r8d/platforms/android-9/arch-arm/usr/lib/crtbegin_so.o
 .rel.data.rel.ro._ZTIj
                0x00003b68       0x10 C:/Android/android-ndk-r8d/platforms/android-9/arch-arm/usr/lib/crtbegin_so.o
 .rel.data.rel.ro._ZTIPKi
                0x00003b78       0x18 C:/Android/android-ndk-r8d/platforms/android-9/arch-arm/usr/lib/crtbegin_so.o
 .rel.data.rel.ro._ZTIPi
                0x00003b90       0x18 C:/Android/android-ndk-r8d/platforms/android-9/arch-arm/usr/lib/crtbegin_so.o
 .rel.data.rel.ro._ZTIi
                0x00003ba8       0x10 C:/Android/android-ndk-r8d/platforms/android-9/arch-arm/usr/lib/crtbegin_so.o
 .rel.data.rel.ro._ZTIPKt
                0x00003bb8       0x18 C:/Android/android-ndk-r8d/platforms/android-9/arch-arm/usr/lib/crtbegin_so.o
 .rel.data.rel.ro._ZTIPt
                0x00003bd0       0x18 C:/Android/android-ndk-r8d/platforms/android-9/arch-arm/usr/lib/crtbegin_so.o
 .rel.data.rel.ro._ZTIt
                0x00003be8       0x10 C:/Android/android-ndk-r8d/platforms/android-9/arch-arm/usr/lib/crtbegin_so.o
 .rel.data.rel.ro._ZTIPKs
                0x00003bf8       0x18 C:/Android/android-ndk-r8d/platforms/android-9/arch-arm/usr/lib/crtbegin_so.o
 .rel.data.rel.ro._ZTIPs
                0x00003c10       0x18 C:/Android/android-ndk-r8d/platforms/android-9/arch-arm/usr/lib/crtbegin_so.o
 .rel.data.rel.ro._ZTIs
                0x00003c28       0x10 C:/Android/android-ndk-r8d/platforms/android-9/arch-arm/usr/lib/crtbegin_so.o
 .rel.data.rel.ro._ZTIPKh
                0x00003c38       0x18 C:/Android/android-ndk-r8d/platforms/android-9/arch-arm/usr/lib/crtbegin_so.o
 .rel.data.rel.ro._ZTIPh
                0x00003c50       0x18 C:/Android/android-ndk-r8d/platforms/android-9/arch-arm/usr/lib/crtbegin_so.o
 .rel.data.rel.ro._ZTIh
                0x00003c68       0x10 C:/Android/android-ndk-r8d/platforms/android-9/arch-arm/usr/lib/crtbegin_so.o
 .rel.data.rel.ro._ZTIPKa
                0x00003c78       0x18 C:/Android/android-ndk-r8d/platforms/android-9/arch-arm/usr/lib/crtbegin_so.o
 .rel.data.rel.ro._ZTIPa
                0x00003c90       0x18 C:/Android/android-ndk-r8d/platforms/android-9/arch-arm/usr/lib/crtbegin_so.o
 .rel.data.rel.ro._ZTIa
                0x00003ca8       0x10 C:/Android/android-ndk-r8d/platforms/android-9/arch-arm/usr/lib/crtbegin_so.o
 .rel.data.rel.ro._ZTIPKc
                0x00003cb8       0x18 C:/Android/android-ndk-r8d/platforms/android-9/arch-arm/usr/lib/crtbegin_so.o
 .rel.data.rel.ro._ZTIPc
                0x00003cd0       0x18 C:/Android/android-ndk-r8d/platforms/android-9/arch-arm/usr/lib/crtbegin_so.o
 .rel.data.rel.ro._ZTIc
                0x00003ce8       0x10 C:/Android/android-ndk-r8d/platforms/android-9/arch-arm/usr/lib/crtbegin_so.o
 .rel.data.rel.ro._ZTIPKDi
                0x00003cf8       0x18 C:/Android/android-ndk-r8d/platforms/android-9/arch-arm/usr/lib/crtbegin_so.o
 .rel.data.rel.ro._ZTIPDi
                0x00003d10       0x18 C:/Android/android-ndk-r8d/platforms/android-9/arch-arm/usr/lib/crtbegin_so.o
 .rel.data.rel.ro._ZTIDi
                0x00003d28       0x10 C:/Android/android-ndk-r8d/platforms/android-9/arch-arm/usr/lib/crtbegin_so.o
 .rel.data.rel.ro._ZTIPKDs
                0x00003d38       0x18 C:/Android/android-ndk-r8d/platforms/android-9/arch-arm/usr/lib/crtbegin_so.o
 .rel.data.rel.ro._ZTIPDs
                0x00003d50       0x18 C:/Android/android-ndk-r8d/platforms/android-9/arch-arm/usr/lib/crtbegin_so.o
 .rel.data.rel.ro._ZTIDs
                0x00003d68       0x10 C:/Android/android-ndk-r8d/platforms/android-9/arch-arm/usr/lib/crtbegin_so.o
 .rel.data.rel.ro._ZTIPKw
                0x00003d78       0x18 C:/Android/android-ndk-r8d/platforms/android-9/arch-arm/usr/lib/crtbegin_so.o
 .rel.data.rel.ro._ZTIPw
                0x00003d90       0x18 C:/Android/android-ndk-r8d/platforms/android-9/arch-arm/usr/lib/crtbegin_so.o
 .rel.data.rel.ro._ZTIw
                0x00003da8       0x10 C:/Android/android-ndk-r8d/platforms/android-9/arch-arm/usr/lib/crtbegin_so.o
 .rel.data.rel.ro._ZTIPKb
                0x00003db8       0x18 C:/Android/android-ndk-r8d/platforms/android-9/arch-arm/usr/lib/crtbegin_so.o
 .rel.data.rel.ro._ZTIPb
                0x00003dd0       0x18 C:/Android/android-ndk-r8d/platforms/android-9/arch-arm/usr/lib/crtbegin_so.o
 .rel.data.rel.ro._ZTIb
                0x00003de8       0x10 C:/Android/android-ndk-r8d/platforms/android-9/arch-arm/usr/lib/crtbegin_so.o
 .rel.data.rel.ro._ZTIPKv
                0x00003df8       0x18 C:/Android/android-ndk-r8d/platforms/android-9/arch-arm/usr/lib/crtbegin_so.o
 .rel.data.rel.ro._ZTIPv
                0x00003e10       0x18 C:/Android/android-ndk-r8d/platforms/android-9/arch-arm/usr/lib/crtbegin_so.o
 .rel.data.rel.ro._ZTIv
                0x00003e28       0x10 C:/Android/android-ndk-r8d/platforms/android-9/arch-arm/usr/lib/crtbegin_so.o
 .rel.data.rel.ro._ZTVN10__cxxabiv123__fundamental_type_infoE
                0x00003e38       0x38 C:/Android/android-ndk-r8d/platforms/android-9/arch-arm/usr/lib/crtbegin_so.o
 .rel.data.rel.ro._ZTIN10__cxxabiv123__fundamental_type_infoE
                0x00003e70       0x18 C:/Android/android-ndk-r8d/platforms/android-9/arch-arm/usr/lib/crtbegin_so.o
 .rel.data.rel.ro._ZTISt9bad_alloc
                0x00003e88       0x18 C:/Android/android-ndk-r8d/platforms/android-9/arch-arm/usr/lib/crtbegin_so.o
 .rel.data.rel.ro._ZTVSt9bad_alloc
                0x00003ea0       0x20 C:/Android/android-ndk-r8d/platforms/android-9/arch-arm/usr/lib/crtbegin_so.o
 .rel.data.rel.ro._ZTIN10__cxxabiv119__pointer_type_infoE
                0x00003ec0       0x18 C:/Android/android-ndk-r8d/platforms/android-9/arch-arm/usr/lib/crtbegin_so.o
 .rel.data.rel.ro._ZTVN10__cxxabiv119__pointer_type_infoE
                0x00003ed8       0x40 C:/Android/android-ndk-r8d/platforms/android-9/arch-arm/usr/lib/crtbegin_so.o
 .rel.data.rel.ro._ZTVN10__cxxabiv120__si_class_type_infoE
                0x00003f18       0x50 C:/Android/android-ndk-r8d/platforms/android-9/arch-arm/usr/lib/crtbegin_so.o
 .rel.data.rel.ro._ZTIN10__cxxabiv120__si_class_type_infoE
                0x00003f68       0x18 C:/Android/android-ndk-r8d/platforms/android-9/arch-arm/usr/lib/crtbegin_so.o
 .rel.data.rel.ro._ZTVSt9type_info
                0x00000000        0x0 C:/Android/android-ndk-r8d/platforms/android-9/arch-arm/usr/lib/crtbegin_so.o
 .rel.data.rel.ro._ZTISt9type_info
                0x00003f80       0x10 C:/Android/android-ndk-r8d/platforms/android-9/arch-arm/usr/lib/crtbegin_so.o
 .rel.data.rel.ro._ZTISt8bad_cast
                0x00003f90       0x18 C:/Android/android-ndk-r8d/platforms/android-9/arch-arm/usr/lib/crtbegin_so.o
 .rel.data.rel.ro._ZTVSt8bad_cast
                0x00003fa8       0x20 C:/Android/android-ndk-r8d/platforms/android-9/arch-arm/usr/lib/crtbegin_so.o
 .rel.data.rel.ro._ZTVSt10bad_typeid
                0x00003fc8       0x20 C:/Android/android-ndk-r8d/platforms/android-9/arch-arm/usr/lib/crtbegin_so.o
 .rel.data.rel.ro._ZTISt10bad_typeid
                0x00003fe8       0x18 C:/Android/android-ndk-r8d/platforms/android-9/arch-arm/usr/lib/crtbegin_so.o
 .rel.data.rel.ro._ZTVN10__cxxabiv117__class_type_infoE
                0x00004000       0x50 C:/Android/android-ndk-r8d/platforms/android-9/arch-arm/usr/lib/crtbegin_so.o
 .rel.data.rel.ro._ZTIN10__cxxabiv117__class_type_infoE
                0x00004050       0x18 C:/Android/android-ndk-r8d/platforms/android-9/arch-arm/usr/lib/crtbegin_so.o
 .rel.data.rel.ro._ZTVN10__cxxabiv117__pbase_type_infoE
                0x00004068       0x40 C:/Android/android-ndk-r8d/platforms/android-9/arch-arm/usr/lib/crtbegin_so.o
 .rel.data.rel.ro._ZTIN10__cxxabiv117__pbase_type_infoE
                0x000040a8       0x18 C:/Android/android-ndk-r8d/platforms/android-9/arch-arm/usr/lib/crtbegin_so.o
 .rel.data.rel.ro.local
                0x000040c0      0x590 C:/Android/android-ndk-r8d/platforms/android-9/arch-arm/usr/lib/crtbegin_so.o
 *(.rel.data .rel.data.* .rel.gnu.linkonce.d.*)
 .rel.data.rel._ZN10__cxxabiv120__unexpected_handlerE
                0x00004650        0x8 C:/Android/android-ndk-r8d/platforms/android-9/arch-arm/usr/lib/crtbegin_so.o
 .rel.data.rel._ZN10__cxxabiv119__terminate_handlerE
                0x00004658        0x8 C:/Android/android-ndk-r8d/platforms/android-9/arch-arm/usr/lib/crtbegin_so.o
 *(.rel.tdata .rel.tdata.* .rel.gnu.linkonce.td.*)
 *(.rel.tbss .rel.tbss.* .rel.gnu.linkonce.tb.*)
 *(.rel.ctors)
 *(.rel.dtors)
 *(.rel.got)
 .rel.got       0x00004660      0x180 C:/Android/android-ndk-r8d/platforms/android-9/arch-arm/usr/lib/crtbegin_so.o
 *(.rel.bss .rel.bss.* .rel.gnu.linkonce.b.*)
 .rel.fini_array
                0x000047e0        0x8 C:/Android/android-ndk-r8d/platforms/android-9/arch-arm/usr/lib/crtbegin_so.o
 .rel.init_array
                0x000047e8       0x10 C:/Android/android-ndk-r8d/platforms/android-9/arch-arm/usr/lib/crtbegin_so.o

.rela.dyn
 *(.rela.init)
 *(.rela.text .rela.text.* .rela.gnu.linkonce.t.*)
 *(.rela.fini)
 *(.rela.rodata .rela.rodata.* .rela.gnu.linkonce.r.*)
 *(.rela.data .rela.data.* .rela.gnu.linkonce.d.*)
 *(.rela.tdata .rela.tdata.* .rela.gnu.linkonce.td.*)
 *(.rela.tbss .rela.tbss.* .rela.gnu.linkonce.tb.*)
 *(.rela.ctors)
 *(.rela.dtors)
 *(.rela.got)
 *(.rela.bss .rela.bss.* .rela.gnu.linkonce.b.*)

.rel.plt        0x000047f8       0xf8
 *(.rel.plt)
 .rel.plt       0x000047f8       0xf8 C:/Android/android-ndk-r8d/platforms/android-9/arch-arm/usr/lib/crtbegin_so.o

.rela.plt
 *(.rela.plt)

.init
 *(.init)

.plt            0x000048f0      0x188
 *(.plt)
 .plt           0x000048f0      0x188 C:/Android/android-ndk-r8d/platforms/android-9/arch-arm/usr/lib/crtbegin_so.o

.text           0x00004a78     0xb4a0
 *(.text .stub .text.* .gnu.linkonce.t.*)
 .text.exit     0x00004a78       0x10 C:/Android/android-ndk-r8d/platforms/android-9/arch-arm/usr/lib/crtbegin_so.o
                0x00004a78                __on_dlclose
 .text._ZN7_JNIEnv11GetMethodIDEP7_jclassPKcS3_
                0x00004a88       0x14 release\s3ePlayhaven_platform.os
                0x00004a88                _JNIEnv::GetMethodID(_jclass*, char const*, char const*)
 .text._Z30s3ePlayhavenTerminate_platformv
                0x00004a9c        0x4 release\s3ePlayhaven_platform.os
                0x00004a9c                s3ePlayhavenTerminate_platform()
 .text._ZL29s3ePH_ReleasePurchaseCallbackjiPvS_iS_
                0x00004aa0       0x44 release\s3ePlayhaven_platform.os
 .text._ZL27s3ePH_ReleaseRewardCallbackjiPvS_iS_
                0x00004ae4       0x44 release\s3ePlayhaven_platform.os
 .text._ZL27s3ePH_ReleaseStringCallbackjiPvS_iS_
                0x00004b28       0x2c release\s3ePlayhaven_platform.os
 .text._ZL37s3ePH_ReleasePublisherContentCallbackjiPvS_iS_
                0x00004b54       0x64 release\s3ePlayhaven_platform.os
 .text._ZN7_JNIEnv14CallVoidMethodEP8_jobjectP10_jmethodIDz
                0x00004bb8       0x34 release\s3ePlayhaven_platform.os
                0x00004bb8                _JNIEnv::CallVoidMethod(_jobject*, _jmethodID*, ...)
 .text._ZN7_JNIEnv13CallIntMethodEP8_jobjectP10_jmethodIDz
                0x00004bec       0x34 release\s3ePlayhaven_platform.os
                0x00004bec                _JNIEnv::CallIntMethod(_jobject*, _jmethodID*, ...)
 .text._ZN7_JNIEnv9NewObjectEP7_jclassP10_jmethodIDz
                0x00004c20       0x34 release\s3ePlayhaven_platform.os
                0x00004c20                _JNIEnv::NewObject(_jclass*, _jmethodID*, ...)
 .text._Z30s3ePHRegisterCallback_platform17s3ePHCallbackTypePFiPvS0_ES0_
                0x00004c54       0x34 release\s3ePlayhaven_platform.os
                0x00004c54                s3ePHRegisterCallback_platform(s3ePHCallbackType, int (*)(void*, void*), void*)
 .text._Z25s3ePlayhavenInit_platformv
                0x00004c88      0x3f0 release\s3ePlayhaven_platform.os
                0x00004c88                s3ePlayhavenInit_platform()
 .text._Z34s3ePHShowNotificationView_platformiibb
                0x00005078       0x70 release\s3ePlayhaven_platform.os
                0x00005078                s3ePHShowNotificationView_platform(int, int, bool, bool)
 .text._Z29s3ePHSetOptOutStatus_platformb
                0x000050e8       0x58 release\s3ePlayhaven_platform.os
                0x000050e8                s3ePHSetOptOutStatus_platform(bool)
 .text._Z37s3ePHRefreshNotificationView_platformb
                0x00005140       0x58 release\s3ePlayhaven_platform.os
                0x00005140                s3ePHRefreshNotificationView_platform(bool)
 .text._Z35s3ePHClearNotificationView_platformv
                0x00005198       0x50 release\s3ePlayhaven_platform.os
                0x00005198                s3ePHClearNotificationView_platform()
 .text._Z30s3ePHReportResolution_platform27s3ePHPurchaseResolutionType
                0x000051e8       0x58 release\s3ePlayhaven_platform.os
                0x000051e8                s3ePHReportResolution_platform(s3ePHPurchaseResolutionType)
 .text._Z38s3ePHCancelAllContentRequests_platformv
                0x00005240       0x50 release\s3ePlayhaven_platform.os
                0x00005240                s3ePHCancelAllContentRequests_platform()
 .text._Z32s3ePHSendContentRequest_platformPKcb
                0x00005290       0x78 release\s3ePlayhaven_platform.os
                0x00005290                s3ePHSendContentRequest_platform(char const*, bool)
 .text._Z25s3ePHSendAppOpen_platformPKc
                0x00005308       0x70 release\s3ePlayhaven_platform.os
                0x00005308                s3ePHSendAppOpen_platform(char const*)
 .text._Z45s3ePHSendPublisherIAPTrackingRequest_platformPKci27s3ePHPurchaseResolutionType
                0x00005378       0x80 release\s3ePlayhaven_platform.os
                0x00005378                s3ePHSendPublisherIAPTrackingRequest_platform(char const*, int, s3ePHPurchaseResolutionType)
 .text._Z35s3ePHPreloadContentRequest_platformPKc
                0x000053f8       0x70 release\s3ePlayhaven_platform.os
                0x000053f8                s3ePHPreloadContentRequest_platform(char const*)
 .text._Z33s3ePlayhavenInitWithKeys_platformPKcS0_
                0x00005468       0x90 release\s3ePlayhaven_platform.os
                0x00005468                s3ePlayhavenInitWithKeys_platform(char const*, char const*)
 .text._ZL27s3eEdkAndroidFindClass_realPKc
                0x000054f8       0xb8 release\s3ePlayhaven_platform.os
 .text._Z27s3ePH_contentFailedCallbackP7_JNIEnvP8_jobjectS2_
                0x000055b0       0xd0 release\s3ePlayhaven_platform.os
                0x000055b0                s3ePH_contentFailedCallback(_JNIEnv*, _jobject*, _jobject*)
 .text._Z29s3ePH_contentReceivedCallbackP7_JNIEnvP8_jobjectS2_
                0x00005680       0xd0 release\s3ePlayhaven_platform.os
                0x00005680                s3ePH_contentReceivedCallback(_JNIEnv*, _jobject*, _jobject*)
 .text._Z26s3ePH_contentStartCallbackP7_JNIEnvP8_jobjectS2_
                0x00005750       0xd0 release\s3ePlayhaven_platform.os
                0x00005750                s3ePH_contentStartCallback(_JNIEnv*, _jobject*, _jobject*)
 .text._Z33s3ePH_contentUnlockRewardCallbackP7_JNIEnvP8_jobjectS2_
                0x00005820      0x3b0 release\s3ePlayhaven_platform.os
                0x00005820                s3ePH_contentUnlockRewardCallback(_JNIEnv*, _jobject*, _jobject*)
 .text._Z33s3ePH_contentMakePurchaseCallbackP7_JNIEnvP8_jobjectS2_
                0x00005bd0      0x3b0 release\s3ePlayhaven_platform.os
                0x00005bd0                s3ePH_contentMakePurchaseCallback(_JNIEnv*, _jobject*, _jobject*)
 .text._Z32s3ePH_contentWillDisplayCallbackP7_JNIEnvP8_jobjectS2_
                0x00005f80      0x5e8 release\s3ePlayhaven_platform.os
                0x00005f80                s3ePH_contentWillDisplayCallback(_JNIEnv*, _jobject*, _jobject*)
 .text._Z31s3ePH_contentDidDisplayCallbackP7_JNIEnvP8_jobjectS2_
                0x00006568      0x5e8 release\s3ePlayhaven_platform.os
                0x00006568                s3ePH_contentDidDisplayCallback(_JNIEnv*, _jobject*, _jobject*)
 .text._Z31s3ePH_contentDismissingCallbackP7_JNIEnvP8_jobjectS2_
                0x00006b50      0x5e8 release\s3ePlayhaven_platform.os
                0x00006b50                s3ePH_contentDismissingCallback(_JNIEnv*, _jobject*, _jobject*)
 .text.s3ePHSetOptOutStatus
                0x00007138        0x4 release\s3ePlayhaven.os
                0x00007138                s3ePHSetOptOutStatus
 .text.s3ePHRefreshNotificationView
                0x0000713c        0x4 release\s3ePlayhaven.os
                0x0000713c                s3ePHRefreshNotificationView
 .text.s3ePHClearNotificationView
                0x00007140        0x4 release\s3ePlayhaven.os
                0x00007140                s3ePHClearNotificationView
 .text.s3ePHShowNotificationView
                0x00007144        0x4 release\s3ePlayhaven.os
                0x00007144                s3ePHShowNotificationView
 .text.s3ePHSendPublisherIAPTrackingRequest
                0x00007148        0x4 release\s3ePlayhaven.os
                0x00007148                s3ePHSendPublisherIAPTrackingRequest
 .text.s3ePHReportResolution
                0x0000714c        0x4 release\s3ePlayhaven.os
                0x0000714c                s3ePHReportResolution
 .text.s3ePHCancelAllContentRequests
                0x00007150        0x4 release\s3ePlayhaven.os
                0x00007150                s3ePHCancelAllContentRequests
 .text.s3ePHPreloadContentRequest
                0x00007154        0x4 release\s3ePlayhaven.os
                0x00007154                s3ePHPreloadContentRequest
 .text.s3ePHSendContentRequest
                0x00007158        0x4 release\s3ePlayhaven.os
                0x00007158                s3ePHSendContentRequest
 .text.s3ePHSendAppOpen
                0x0000715c        0x4 release\s3ePlayhaven.os
                0x0000715c                s3ePHSendAppOpen
 .text.s3ePHRegisterCallback
                0x00007160        0x4 release\s3ePlayhaven.os
                0x00007160                s3ePHRegisterCallback
 .text.s3ePlayhavenInitWithKeys
                0x00007164        0x4 release\s3ePlayhaven.os
                0x00007164                s3ePlayhavenInitWithKeys
 .text._Z21s3ePlayhavenTerminatev
                0x00007168        0x4 release\s3ePlayhaven.os
                0x00007168                s3ePlayhavenTerminate()
 .text._Z16s3ePlayhavenInitv
                0x0000716c        0x4 release\s3ePlayhaven.os
                0x0000716c                s3ePlayhavenInit()
 .text._ZL25s3ePHSetOptOutStatus_wrapb
                0x00007170       0x18 release\s3ePlayhaven_register.os
 .text._ZL31s3ePHClearNotificationView_wrapv
                0x00007188       0x14 release\s3ePlayhaven_register.os
 .text._ZL30s3ePHShowNotificationView_wrapiibb
                0x0000719c       0x38 release\s3ePlayhaven_register.os
 .text._ZL41s3ePHSendPublisherIAPTrackingRequest_wrapPKci27s3ePHPurchaseResolutionType
                0x000071d4       0x34 release\s3ePlayhaven_register.os
 .text._ZL26s3ePHReportResolution_wrap27s3ePHPurchaseResolutionType
                0x00007208       0x18 release\s3ePlayhaven_register.os
 .text._ZL34s3ePHCancelAllContentRequests_wrapv
                0x00007220       0x14 release\s3ePlayhaven_register.os
 .text._ZL31s3ePHPreloadContentRequest_wrapPKc
                0x00007234       0x18 release\s3ePlayhaven_register.os
 .text._ZL28s3ePHSendContentRequest_wrapPKcb
                0x0000724c       0x1c release\s3ePlayhaven_register.os
 .text._ZL21s3ePHSendAppOpen_wrapPKc
                0x00007268       0x18 release\s3ePlayhaven_register.os
 .text._ZL29s3ePlayhavenInitWithKeys_wrapPKcS0_
                0x00007280       0x1c release\s3ePlayhaven_register.os
 .text.RegisterExt
                0x0000729c      0x19c release\s3ePlayhaven_register.os
                0x0000729c                RegisterExt
 .text.s3eEdkThreadRunOnOS
                0x00007438       0x30 C:\marmalade\6.1\s3e\edk\lib\android\libedk.a(edk_helpers.o)
                0x00007438                s3eEdkThreadRunOnOS
 .text._ZdaPv   0x00007468        0x4 C:\Android\android-ndk-r8d\sources\cxx-stl\gnu-libstdc++\4.4.3\libs\armeabi\libgnustl_static.a(del_opv.o)
                0x00007468                operator delete[](void*)
 .text._Znwj    0x0000746c       0xb4 C:\Android\android-ndk-r8d\sources\cxx-stl\gnu-libstdc++\4.4.3\libs\armeabi\libgnustl_static.a(new_op.o)
                0x0000746c                operator new(unsigned int)
 .text._Znaj    0x00007520       0x1c C:\Android\android-ndk-r8d\sources\cxx-stl\gnu-libstdc++\4.4.3\libs\armeabi\libgnustl_static.a(new_opv.o)
                0x00007520                operator new[](unsigned int)
 .text._ZdlPv   0x0000753c        0xc C:\Android\android-ndk-r8d\sources\cxx-stl\gnu-libstdc++\4.4.3\libs\armeabi\libgnustl_static.a(del_op.o)
                0x0000753c                operator delete(void*)
 .text._ZNK9__gnu_cxx24__concurrence_lock_error4whatEv
                0x00007548       0x10 C:\Android\android-ndk-r8d\sources\cxx-stl\gnu-libstdc++\4.4.3\libs\armeabi\libgnustl_static.a(eh_alloc.o)
                0x00007548                __gnu_cxx::__concurrence_lock_error::what() const
 .text._ZNK9__gnu_cxx26__concurrence_unlock_error4whatEv
                0x00007558       0x10 C:\Android\android-ndk-r8d\sources\cxx-stl\gnu-libstdc++\4.4.3\libs\armeabi\libgnustl_static.a(eh_alloc.o)
                0x00007558                __gnu_cxx::__concurrence_unlock_error::what() const
 .text._GLOBAL__I_eh_alloc.cc
                0x00007568       0x28 C:\Android\android-ndk-r8d\sources\cxx-stl\gnu-libstdc++\4.4.3\libs\armeabi\libgnustl_static.a(eh_alloc.o)
 .text._ZN9__gnu_cxx24__concurrence_lock_errorD1Ev
                0x00007590       0x28 C:\Android\android-ndk-r8d\sources\cxx-stl\gnu-libstdc++\4.4.3\libs\armeabi\libgnustl_static.a(eh_alloc.o)
                0x00007590                __gnu_cxx::__concurrence_lock_error::~__concurrence_lock_error()
 .text._ZN9__gnu_cxx26__concurrence_unlock_errorD1Ev
                0x000075b8       0x28 C:\Android\android-ndk-r8d\sources\cxx-stl\gnu-libstdc++\4.4.3\libs\armeabi\libgnustl_static.a(eh_alloc.o)
                0x000075b8                __gnu_cxx::__concurrence_unlock_error::~__concurrence_unlock_error()
 .text._ZN9__gnu_cxx13__scoped_lockD1Ev
                0x000075e0       0x68 C:\Android\android-ndk-r8d\sources\cxx-stl\gnu-libstdc++\4.4.3\libs\armeabi\libgnustl_static.a(eh_alloc.o)
                0x000075e0                __gnu_cxx::__scoped_lock::~__scoped_lock()
 .text._ZN9__gnu_cxx26__concurrence_unlock_errorD0Ev
                0x00007648       0x30 C:\Android\android-ndk-r8d\sources\cxx-stl\gnu-libstdc++\4.4.3\libs\armeabi\libgnustl_static.a(eh_alloc.o)
                0x00007648                __gnu_cxx::__concurrence_unlock_error::~__concurrence_unlock_error()
 .text._ZN9__gnu_cxx24__concurrence_lock_errorD0Ev
                0x00007678       0x30 C:\Android\android-ndk-r8d\sources\cxx-stl\gnu-libstdc++\4.4.3\libs\armeabi\libgnustl_static.a(eh_alloc.o)
                0x00007678                __gnu_cxx::__concurrence_lock_error::~__concurrence_lock_error()
 .text.__cxa_free_dependent_exception
                0x000076a8      0x124 C:\Android\android-ndk-r8d\sources\cxx-stl\gnu-libstdc++\4.4.3\libs\armeabi\libgnustl_static.a(eh_alloc.o)
                0x000076a8                __cxa_free_dependent_exception
 .text.__cxa_free_exception
                0x000077cc      0x11c C:\Android\android-ndk-r8d\sources\cxx-stl\gnu-libstdc++\4.4.3\libs\armeabi\libgnustl_static.a(eh_alloc.o)
                0x000077cc                __cxa_free_exception
 .text.__cxa_allocate_dependent_exception
                0x000078e8      0x18c C:\Android\android-ndk-r8d\sources\cxx-stl\gnu-libstdc++\4.4.3\libs\armeabi\libgnustl_static.a(eh_alloc.o)
                0x000078e8                __cxa_allocate_dependent_exception
 .text.__cxa_allocate_exception
                0x00007a74      0x18c C:\Android\android-ndk-r8d\sources\cxx-stl\gnu-libstdc++\4.4.3\libs\armeabi\libgnustl_static.a(eh_alloc.o)
                0x00007a74                __cxa_allocate_exception
 .text          0x00007c00       0x10 C:\Android\android-ndk-r8d\sources\cxx-stl\gnu-libstdc++\4.4.3\libs\armeabi\libgnustl_static.a(eh_arm.o)
                0x00007c00                __cxa_end_cleanup
 .text.__cxa_type_match
                0x00007c10      0x1ac C:\Android\android-ndk-r8d\sources\cxx-stl\gnu-libstdc++\4.4.3\libs\armeabi\libgnustl_static.a(eh_arm.o)
                0x00007c10                __cxa_type_match
 .text.__cxa_begin_cleanup
                0x00007dbc       0xb4 C:\Android\android-ndk-r8d\sources\cxx-stl\gnu-libstdc++\4.4.3\libs\armeabi\libgnustl_static.a(eh_arm.o)
                0x00007dbc                __cxa_begin_cleanup
 .text.__gnu_end_cleanup
                0x00007e70       0xb4 C:\Android\android-ndk-r8d\sources\cxx-stl\gnu-libstdc++\4.4.3\libs\armeabi\libgnustl_static.a(eh_arm.o)
                0x00007e70                __gnu_end_cleanup
 .text.__cxa_bad_typeid
                0x00007f24       0x48 C:\Android\android-ndk-r8d\sources\cxx-stl\gnu-libstdc++\4.4.3\libs\armeabi\libgnustl_static.a(eh_aux_runtime.o)
                0x00007f24                __cxa_bad_typeid
 .text.__cxa_bad_cast
                0x00007f6c       0x48 C:\Android\android-ndk-r8d\sources\cxx-stl\gnu-libstdc++\4.4.3\libs\armeabi\libgnustl_static.a(eh_aux_runtime.o)
                0x00007f6c                __cxa_bad_cast
 .text.__cxa_call_terminate
                0x00007fb4       0x7c C:\Android\android-ndk-r8d\sources\cxx-stl\gnu-libstdc++\4.4.3\libs\armeabi\libgnustl_static.a(eh_call.o)
                0x00007fb4                __cxa_call_terminate
 .text.__cxa_call_unexpected
                0x00008030      0x1d0 C:\Android\android-ndk-r8d\sources\cxx-stl\gnu-libstdc++\4.4.3\libs\armeabi\libgnustl_static.a(eh_call.o)
                0x00008030                __cxa_call_unexpected
 .text.__cxa_get_exception_ptr
                0x00008200        0x8 C:\Android\android-ndk-r8d\sources\cxx-stl\gnu-libstdc++\4.4.3\libs\armeabi\libgnustl_static.a(eh_catch.o)
                0x00008200                __cxa_get_exception_ptr
 .text._ZSt18uncaught_exceptionv
                0x00008208       0x18 C:\Android\android-ndk-r8d\sources\cxx-stl\gnu-libstdc++\4.4.3\libs\armeabi\libgnustl_static.a(eh_catch.o)
                0x00008208                std::uncaught_exception()
 .text.__cxa_end_catch
                0x00008220       0xdc C:\Android\android-ndk-r8d\sources\cxx-stl\gnu-libstdc++\4.4.3\libs\armeabi\libgnustl_static.a(eh_catch.o)
                0x00008220                __cxa_end_catch
 .text.__cxa_begin_catch
                0x000082fc       0xdc C:\Android\android-ndk-r8d\sources\cxx-stl\gnu-libstdc++\4.4.3\libs\armeabi\libgnustl_static.a(eh_catch.o)
                0x000082fc                __cxa_begin_catch
 .text._ZNSt9exceptionD2Ev
                0x000083d8        0x4 C:\Android\android-ndk-r8d\sources\cxx-stl\gnu-libstdc++\4.4.3\libs\armeabi\libgnustl_static.a(eh_exception.o)
                0x000083d8                std::exception::~exception()
 .text._ZNSt9exceptionD1Ev
                0x000083dc        0x4 C:\Android\android-ndk-r8d\sources\cxx-stl\gnu-libstdc++\4.4.3\libs\armeabi\libgnustl_static.a(eh_exception.o)
                0x000083dc                std::exception::~exception()
 .text._ZNSt13bad_exceptionD2Ev
                0x000083e0       0x34 C:\Android\android-ndk-r8d\sources\cxx-stl\gnu-libstdc++\4.4.3\libs\armeabi\libgnustl_static.a(eh_exception.o)
                0x000083e0                std::bad_exception::~bad_exception()
 .text._ZNSt13bad_exceptionD1Ev
                0x00008414       0x34 C:\Android\android-ndk-r8d\sources\cxx-stl\gnu-libstdc++\4.4.3\libs\armeabi\libgnustl_static.a(eh_exception.o)
                0x00008414                std::bad_exception::~bad_exception()
 .text._ZN10__cxxabiv115__forced_unwindD2Ev
                0x00008448        0x4 C:\Android\android-ndk-r8d\sources\cxx-stl\gnu-libstdc++\4.4.3\libs\armeabi\libgnustl_static.a(eh_exception.o)
                0x00008448                __cxxabiv1::__forced_unwind::~__forced_unwind()
 .text._ZN10__cxxabiv115__forced_unwindD1Ev
                0x0000844c        0x4 C:\Android\android-ndk-r8d\sources\cxx-stl\gnu-libstdc++\4.4.3\libs\armeabi\libgnustl_static.a(eh_exception.o)
                0x0000844c                __cxxabiv1::__forced_unwind::~__forced_unwind()
 .text._ZN10__cxxabiv119__foreign_exceptionD2Ev
                0x00008450        0x4 C:\Android\android-ndk-r8d\sources\cxx-stl\gnu-libstdc++\4.4.3\libs\armeabi\libgnustl_static.a(eh_exception.o)
                0x00008450                __cxxabiv1::__foreign_exception::~__foreign_exception()
 .text._ZN10__cxxabiv119__foreign_exceptionD1Ev
                0x00008454        0x4 C:\Android\android-ndk-r8d\sources\cxx-stl\gnu-libstdc++\4.4.3\libs\armeabi\libgnustl_static.a(eh_exception.o)
                0x00008454                __cxxabiv1::__foreign_exception::~__foreign_exception()
 .text._ZNKSt9exception4whatEv
                0x00008458       0x10 C:\Android\android-ndk-r8d\sources\cxx-stl\gnu-libstdc++\4.4.3\libs\armeabi\libgnustl_static.a(eh_exception.o)
                0x00008458                std::exception::what() const
 .text._ZNKSt13bad_exception4whatEv
                0x00008468       0x10 C:\Android\android-ndk-r8d\sources\cxx-stl\gnu-libstdc++\4.4.3\libs\armeabi\libgnustl_static.a(eh_exception.o)
                0x00008468                std::bad_exception::what() const
 .text._ZN10__cxxabiv119__foreign_exceptionD0Ev
                0x00008478       0x1c C:\Android\android-ndk-r8d\sources\cxx-stl\gnu-libstdc++\4.4.3\libs\armeabi\libgnustl_static.a(eh_exception.o)
                0x00008478                __cxxabiv1::__foreign_exception::~__foreign_exception()
 .text._ZN10__cxxabiv115__forced_unwindD0Ev
                0x00008494       0x1c C:\Android\android-ndk-r8d\sources\cxx-stl\gnu-libstdc++\4.4.3\libs\armeabi\libgnustl_static.a(eh_exception.o)
                0x00008494                __cxxabiv1::__forced_unwind::~__forced_unwind()
 .text._ZNSt9exceptionD0Ev
                0x000084b0       0x1c C:\Android\android-ndk-r8d\sources\cxx-stl\gnu-libstdc++\4.4.3\libs\armeabi\libgnustl_static.a(eh_exception.o)
                0x000084b0                std::exception::~exception()
 .text._ZNSt13bad_exceptionD0Ev
                0x000084cc       0x1c C:\Android\android-ndk-r8d\sources\cxx-stl\gnu-libstdc++\4.4.3\libs\armeabi\libgnustl_static.a(eh_exception.o)
                0x000084cc                std::bad_exception::~bad_exception()
 .text._GLOBAL__I_eh_globals.cc
                0x000084e8       0x5c C:\Android\android-ndk-r8d\sources\cxx-stl\gnu-libstdc++\4.4.3\libs\armeabi\libgnustl_static.a(eh_globals.o)
 .text._ZL15eh_globals_dtorPv
                0x00008544       0x38 C:\Android\android-ndk-r8d\sources\cxx-stl\gnu-libstdc++\4.4.3\libs\armeabi\libgnustl_static.a(eh_globals.o)
 .text._ZN17__eh_globals_initD1Ev
                0x0000857c       0x34 C:\Android\android-ndk-r8d\sources\cxx-stl\gnu-libstdc++\4.4.3\libs\armeabi\libgnustl_static.a(eh_globals.o)
                0x0000857c                __eh_globals_init::~__eh_globals_init()
 .text.__cxa_get_globals_fast
                0x000085b0       0x48 C:\Android\android-ndk-r8d\sources\cxx-stl\gnu-libstdc++\4.4.3\libs\armeabi\libgnustl_static.a(eh_globals.o)
                0x000085b0                __cxa_get_globals_fast
 .text.__cxa_get_globals
                0x000085f8       0x90 C:\Android\android-ndk-r8d\sources\cxx-stl\gnu-libstdc++\4.4.3\libs\armeabi\libgnustl_static.a(eh_globals.o)
                0x000085f8                __cxa_get_globals
 .text._ZL12read_sleb128PKhPl
                0x00008688       0x44 C:\Android\android-ndk-r8d\sources\cxx-stl\gnu-libstdc++\4.4.3\libs\armeabi\libgnustl_static.a(eh_personality.o)
 .text._ZL21base_of_encoded_valuehP15_Unwind_Context
                0x000086cc       0x78 C:\Android\android-ndk-r8d\sources\cxx-stl\gnu-libstdc++\4.4.3\libs\armeabi\libgnustl_static.a(eh_personality.o)
 .text._ZL17parse_lsda_headerP15_Unwind_ContextPKhP16lsda_header_info
                0x00008744      0x214 C:\Android\android-ndk-r8d\sources\cxx-stl\gnu-libstdc++\4.4.3\libs\armeabi\libgnustl_static.a(eh_personality.o)
 .text.__gxx_personality_v0
                0x00008958      0x9d4 C:\Android\android-ndk-r8d\sources\cxx-stl\gnu-libstdc++\4.4.3\libs\armeabi\libgnustl_static.a(eh_personality.o)
                0x00008958                __gxx_personality_v0
 .text._ZSt13set_terminatePFvvE
                0x0000932c       0x2c C:\Android\android-ndk-r8d\sources\cxx-stl\gnu-libstdc++\4.4.3\libs\armeabi\libgnustl_static.a(eh_terminate.o)
                0x0000932c                std::set_terminate(void (*)())
 .text._ZSt14set_unexpectedPFvvE
                0x00009358       0x2c C:\Android\android-ndk-r8d\sources\cxx-stl\gnu-libstdc++\4.4.3\libs\armeabi\libgnustl_static.a(eh_terminate.o)
                0x00009358                std::set_unexpected(void (*)())
 .text._ZN10__cxxabiv111__terminateEPFvvE
                0x00009384       0x28 C:\Android\android-ndk-r8d\sources\cxx-stl\gnu-libstdc++\4.4.3\libs\armeabi\libgnustl_static.a(eh_terminate.o)
                0x00009384                __cxxabiv1::__terminate(void (*)())
 .text._ZSt9terminatev
                0x000093ac       0x1c C:\Android\android-ndk-r8d\sources\cxx-stl\gnu-libstdc++\4.4.3\libs\armeabi\libgnustl_static.a(eh_terminate.o)
                0x000093ac                std::terminate()
 .text._ZN10__cxxabiv112__unexpectedEPFvvE
                0x000093c8       0x10 C:\Android\android-ndk-r8d\sources\cxx-stl\gnu-libstdc++\4.4.3\libs\armeabi\libgnustl_static.a(eh_terminate.o)
                0x000093c8                __cxxabiv1::__unexpected(void (*)())
 .text._ZSt10unexpectedv
                0x000093d8       0x1c C:\Android\android-ndk-r8d\sources\cxx-stl\gnu-libstdc++\4.4.3\libs\armeabi\libgnustl_static.a(eh_terminate.o)
                0x000093d8                std::unexpected()
 .text.__cxa_rethrow
                0x000093f4       0xb8 C:\Android\android-ndk-r8d\sources\cxx-stl\gnu-libstdc++\4.4.3\libs\armeabi\libgnustl_static.a(eh_throw.o)
                0x000093f4                __cxa_rethrow
 .text.__cxa_throw
                0x000094ac       0xa4 C:\Android\android-ndk-r8d\sources\cxx-stl\gnu-libstdc++\4.4.3\libs\armeabi\libgnustl_static.a(eh_throw.o)
                0x000094ac                __cxa_throw
 .text._ZL23__gxx_exception_cleanup19_Unwind_Reason_CodeP21_Unwind_Control_Block
                0x00009550       0x44 C:\Android\android-ndk-r8d\sources\cxx-stl\gnu-libstdc++\4.4.3\libs\armeabi\libgnustl_static.a(eh_throw.o)
 .text._ZN10__cxxabiv123__fundamental_type_infoD1Ev
                0x00009594       0x34 C:\Android\android-ndk-r8d\sources\cxx-stl\gnu-libstdc++\4.4.3\libs\armeabi\libgnustl_static.a(fundamental_type_info.o)
                0x00009594                __cxxabiv1::__fundamental_type_info::~__fundamental_type_info()
 .text._ZN10__cxxabiv123__fundamental_type_infoD0Ev
                0x000095c8       0x1c C:\Android\android-ndk-r8d\sources\cxx-stl\gnu-libstdc++\4.4.3\libs\armeabi\libgnustl_static.a(fundamental_type_info.o)
                0x000095c8                __cxxabiv1::__fundamental_type_info::~__fundamental_type_info()
 .text._ZN10__cxxabiv123__fundamental_type_infoD2Ev
                0x000095e4       0x34 C:\Android\android-ndk-r8d\sources\cxx-stl\gnu-libstdc++\4.4.3\libs\armeabi\libgnustl_static.a(fundamental_type_info.o)
                0x000095e4                __cxxabiv1::__fundamental_type_info::~__fundamental_type_info()
 .text._ZSt15set_new_handlerPFvvE
                0x00009618       0x1c C:\Android\android-ndk-r8d\sources\cxx-stl\gnu-libstdc++\4.4.3\libs\armeabi\libgnustl_static.a(new_handler.o)
                0x00009618                std::set_new_handler(void (*)())
 .text._ZNKSt9bad_alloc4whatEv
                0x00009634       0x10 C:\Android\android-ndk-r8d\sources\cxx-stl\gnu-libstdc++\4.4.3\libs\armeabi\libgnustl_static.a(new_handler.o)
                0x00009634                std::bad_alloc::what() const
 .text._ZNSt9bad_allocD1Ev
                0x00009644       0x34 C:\Android\android-ndk-r8d\sources\cxx-stl\gnu-libstdc++\4.4.3\libs\armeabi\libgnustl_static.a(new_handler.o)
                0x00009644                std::bad_alloc::~bad_alloc()
 .text._ZNSt9bad_allocD0Ev
                0x00009678       0x1c C:\Android\android-ndk-r8d\sources\cxx-stl\gnu-libstdc++\4.4.3\libs\armeabi\libgnustl_static.a(new_handler.o)
                0x00009678                std::bad_alloc::~bad_alloc()
 .text._ZNSt9bad_allocD2Ev
                0x00009694       0x34 C:\Android\android-ndk-r8d\sources\cxx-stl\gnu-libstdc++\4.4.3\libs\armeabi\libgnustl_static.a(new_handler.o)
                0x00009694                std::bad_alloc::~bad_alloc()
 .text._ZNK10__cxxabiv119__pointer_type_info14__is_pointer_pEv
                0x000096c8        0x8 C:\Android\android-ndk-r8d\sources\cxx-stl\gnu-libstdc++\4.4.3\libs\armeabi\libgnustl_static.a(pointer_type_info.o)
                0x000096c8                __cxxabiv1::__pointer_type_info::__is_pointer_p() const
 .text._ZNK10__cxxabiv119__pointer_type_info15__pointer_catchEPKNS_17__pbase_type_infoEPPvj
                0x000096d0       0x88 C:\Android\android-ndk-r8d\sources\cxx-stl\gnu-libstdc++\4.4.3\libs\armeabi\libgnustl_static.a(pointer_type_info.o)
                0x000096d0                __cxxabiv1::__pointer_type_info::__pointer_catch(__cxxabiv1::__pbase_type_info const*, void**, unsigned int) const
 .text._ZN10__cxxabiv119__pointer_type_infoD1Ev
                0x00009758       0x34 C:\Android\android-ndk-r8d\sources\cxx-stl\gnu-libstdc++\4.4.3\libs\armeabi\libgnustl_static.a(pointer_type_info.o)
                0x00009758                __cxxabiv1::__pointer_type_info::~__pointer_type_info()
 .text._ZN10__cxxabiv119__pointer_type_infoD0Ev
                0x0000978c       0x1c C:\Android\android-ndk-r8d\sources\cxx-stl\gnu-libstdc++\4.4.3\libs\armeabi\libgnustl_static.a(pointer_type_info.o)
                0x0000978c                __cxxabiv1::__pointer_type_info::~__pointer_type_info()
 .text._ZN10__cxxabiv119__pointer_type_infoD2Ev
                0x000097a8       0x34 C:\Android\android-ndk-r8d\sources\cxx-stl\gnu-libstdc++\4.4.3\libs\armeabi\libgnustl_static.a(pointer_type_info.o)
                0x000097a8                __cxxabiv1::__pointer_type_info::~__pointer_type_info()
 .text.__cxa_pure_virtual
                0x000097dc       0x20 C:\Android\android-ndk-r8d\sources\cxx-stl\gnu-libstdc++\4.4.3\libs\armeabi\libgnustl_static.a(pure.o)
                0x000097dc                __cxa_pure_virtual
 .text._ZNK10__cxxabiv120__si_class_type_info11__do_upcastEPKNS_17__class_type_infoEPKvRNS1_15__upcast_resultE
                0x000097fc       0x48 C:\Android\android-ndk-r8d\sources\cxx-stl\gnu-libstdc++\4.4.3\libs\armeabi\libgnustl_static.a(si_class_type_info.o)
                0x000097fc                __cxxabiv1::__si_class_type_info::__do_upcast(__cxxabiv1::__class_type_info const*, void const*, __cxxabiv1::__class_type_info::__upcast_result&) const
 .text._ZNK10__cxxabiv120__si_class_type_info12__do_dyncastEiNS_17__class_type_info10__sub_kindEPKS1_PKvS4_S6_RNS1_16__dyncast_resultE
                0x00009844       0xd0 C:\Android\android-ndk-r8d\sources\cxx-stl\gnu-libstdc++\4.4.3\libs\armeabi\libgnustl_static.a(si_class_type_info.o)
                0x00009844                __cxxabiv1::__si_class_type_info::__do_dyncast(int, __cxxabiv1::__class_type_info::__sub_kind, __cxxabiv1::__class_type_info const*, void const*, __cxxabiv1::__class_type_info const*, void const*, __cxxabiv1::__class_type_info::__dyncast_result&) const
 .text._ZNK10__cxxabiv120__si_class_type_info20__do_find_public_srcEiPKvPKNS_17__class_type_infoES2_
                0x00009914       0x68 C:\Android\android-ndk-r8d\sources\cxx-stl\gnu-libstdc++\4.4.3\libs\armeabi\libgnustl_static.a(si_class_type_info.o)
                0x00009914                __cxxabiv1::__si_class_type_info::__do_find_public_src(int, void const*, __cxxabiv1::__class_type_info const*, void const*) const
 .text._ZN10__cxxabiv120__si_class_type_infoD1Ev
                0x0000997c       0x34 C:\Android\android-ndk-r8d\sources\cxx-stl\gnu-libstdc++\4.4.3\libs\armeabi\libgnustl_static.a(si_class_type_info.o)
                0x0000997c                __cxxabiv1::__si_class_type_info::~__si_class_type_info()
 .text._ZN10__cxxabiv120__si_class_type_infoD0Ev
                0x000099b0       0x1c C:\Android\android-ndk-r8d\sources\cxx-stl\gnu-libstdc++\4.4.3\libs\armeabi\libgnustl_static.a(si_class_type_info.o)
                0x000099b0                __cxxabiv1::__si_class_type_info::~__si_class_type_info()
 .text._ZN10__cxxabiv120__si_class_type_infoD2Ev
                0x000099cc       0x34 C:\Android\android-ndk-r8d\sources\cxx-stl\gnu-libstdc++\4.4.3\libs\armeabi\libgnustl_static.a(si_class_type_info.o)
                0x000099cc                __cxxabiv1::__si_class_type_info::~__si_class_type_info()
 .text._ZNSt9type_infoD2Ev
                0x00009a00        0x4 C:\Android\android-ndk-r8d\sources\cxx-stl\gnu-libstdc++\4.4.3\libs\armeabi\libgnustl_static.a(tinfo.o)
                0x00009a00                std::type_info::~type_info()
 .text._ZNKSt9type_info14__is_pointer_pEv
                0x00009a04        0x8 C:\Android\android-ndk-r8d\sources\cxx-stl\gnu-libstdc++\4.4.3\libs\armeabi\libgnustl_static.a(tinfo.o)
                0x00009a04                std::type_info::__is_pointer_p() const
 .text._ZNKSt9type_info15__is_function_pEv
                0x00009a0c        0x8 C:\Android\android-ndk-r8d\sources\cxx-stl\gnu-libstdc++\4.4.3\libs\armeabi\libgnustl_static.a(tinfo.o)
                0x00009a0c                std::type_info::__is_function_p() const
 .text._ZNKSt9type_info11__do_upcastEPKN10__cxxabiv117__class_type_infoEPPv
                0x00009a14        0x8 C:\Android\android-ndk-r8d\sources\cxx-stl\gnu-libstdc++\4.4.3\libs\armeabi\libgnustl_static.a(tinfo.o)
                0x00009a14                std::type_info::__do_upcast(__cxxabiv1::__class_type_info const*, void**) const
 .text._ZNKSt9type_infoeqERKS_
                0x00009a1c       0x54 C:\Android\android-ndk-r8d\sources\cxx-stl\gnu-libstdc++\4.4.3\libs\armeabi\libgnustl_static.a(tinfo.o)
                0x00009a1c                std::type_info::operator==(std::type_info const&) const
 .text._ZNKSt9type_info10__do_catchEPKS_PPvj
                0x00009a70        0x4 C:\Android\android-ndk-r8d\sources\cxx-stl\gnu-libstdc++\4.4.3\libs\armeabi\libgnustl_static.a(tinfo.o)
                0x00009a70                std::type_info::__do_catch(std::type_info const*, void**, unsigned int) const
 .text.__aeabi_atexit
                0x00009a74       0x10 C:\Android\android-ndk-r8d\sources\cxx-stl\gnu-libstdc++\4.4.3\libs\armeabi\libgnustl_static.a(atexit_arm.o)
                0x00009a74                __aeabi_atexit
 .text._ZNKSt8bad_cast4whatEv
                0x00009a84       0x10 C:\Android\android-ndk-r8d\sources\cxx-stl\gnu-libstdc++\4.4.3\libs\armeabi\libgnustl_static.a(bad_cast.o)
                0x00009a84                std::bad_cast::what() const
 .text._ZNSt8bad_castD1Ev
                0x00009a94       0x34 C:\Android\android-ndk-r8d\sources\cxx-stl\gnu-libstdc++\4.4.3\libs\armeabi\libgnustl_static.a(bad_cast.o)
                0x00009a94                std::bad_cast::~bad_cast()
 .text._ZNSt8bad_castD0Ev
                0x00009ac8       0x1c C:\Android\android-ndk-r8d\sources\cxx-stl\gnu-libstdc++\4.4.3\libs\armeabi\libgnustl_static.a(bad_cast.o)
                0x00009ac8                std::bad_cast::~bad_cast()
 .text._ZNSt8bad_castD2Ev
                0x00009ae4       0x34 C:\Android\android-ndk-r8d\sources\cxx-stl\gnu-libstdc++\4.4.3\libs\armeabi\libgnustl_static.a(bad_cast.o)
                0x00009ae4                std::bad_cast::~bad_cast()
 .text._ZNKSt10bad_typeid4whatEv
                0x00009b18       0x10 C:\Android\android-ndk-r8d\sources\cxx-stl\gnu-libstdc++\4.4.3\libs\armeabi\libgnustl_static.a(bad_typeid.o)
                0x00009b18                std::bad_typeid::what() const
 .text._ZNSt10bad_typeidD1Ev
                0x00009b28       0x34 C:\Android\android-ndk-r8d\sources\cxx-stl\gnu-libstdc++\4.4.3\libs\armeabi\libgnustl_static.a(bad_typeid.o)
                0x00009b28                std::bad_typeid::~bad_typeid()
 .text._ZNSt10bad_typeidD0Ev
                0x00009b5c       0x1c C:\Android\android-ndk-r8d\sources\cxx-stl\gnu-libstdc++\4.4.3\libs\armeabi\libgnustl_static.a(bad_typeid.o)
                0x00009b5c                std::bad_typeid::~bad_typeid()
 .text._ZNSt10bad_typeidD2Ev
                0x00009b78       0x34 C:\Android\android-ndk-r8d\sources\cxx-stl\gnu-libstdc++\4.4.3\libs\armeabi\libgnustl_static.a(bad_typeid.o)
                0x00009b78                std::bad_typeid::~bad_typeid()
 .text._ZNK10__cxxabiv117__class_type_info11__do_upcastEPKS0_PPv
                0x00009bac       0x5c C:\Android\android-ndk-r8d\sources\cxx-stl\gnu-libstdc++\4.4.3\libs\armeabi\libgnustl_static.a(class_type_info.o)
                0x00009bac                __cxxabiv1::__class_type_info::__do_upcast(__cxxabiv1::__class_type_info const*, void**) const
 .text._ZNK10__cxxabiv117__class_type_info20__do_find_public_srcEiPKvPKS0_S2_
                0x00009c08       0x14 C:\Android\android-ndk-r8d\sources\cxx-stl\gnu-libstdc++\4.4.3\libs\armeabi\libgnustl_static.a(class_type_info.o)
                0x00009c08                __cxxabiv1::__class_type_info::__do_find_public_src(int, void const*, __cxxabiv1::__class_type_info const*, void const*) const
 .text._ZNK10__cxxabiv117__class_type_info11__do_upcastEPKS0_PKvRNS0_15__upcast_resultE
                0x00009c1c       0x34 C:\Android\android-ndk-r8d\sources\cxx-stl\gnu-libstdc++\4.4.3\libs\armeabi\libgnustl_static.a(class_type_info.o)
                0x00009c1c                __cxxabiv1::__class_type_info::__do_upcast(__cxxabiv1::__class_type_info const*, void const*, __cxxabiv1::__class_type_info::__upcast_result&) const
 .text._ZNK10__cxxabiv117__class_type_info12__do_dyncastEiNS0_10__sub_kindEPKS0_PKvS3_S5_RNS0_16__dyncast_resultE
                0x00009c50       0x6c C:\Android\android-ndk-r8d\sources\cxx-stl\gnu-libstdc++\4.4.3\libs\armeabi\libgnustl_static.a(class_type_info.o)
                0x00009c50                __cxxabiv1::__class_type_info::__do_dyncast(int, __cxxabiv1::__class_type_info::__sub_kind, __cxxabiv1::__class_type_info const*, void const*, __cxxabiv1::__class_type_info const*, void const*, __cxxabiv1::__class_type_info::__dyncast_result&) const
 .text._ZNK10__cxxabiv117__class_type_info10__do_catchEPKSt9type_infoPPvj
                0x00009cbc       0x48 C:\Android\android-ndk-r8d\sources\cxx-stl\gnu-libstdc++\4.4.3\libs\armeabi\libgnustl_static.a(class_type_info.o)
                0x00009cbc                __cxxabiv1::__class_type_info::__do_catch(std::type_info const*, void**, unsigned int) const
 .text._ZN10__cxxabiv117__class_type_infoD1Ev
                0x00009d04       0x34 C:\Android\android-ndk-r8d\sources\cxx-stl\gnu-libstdc++\4.4.3\libs\armeabi\libgnustl_static.a(class_type_info.o)
                0x00009d04                __cxxabiv1::__class_type_info::~__class_type_info()
 .text._ZN10__cxxabiv117__class_type_infoD0Ev
                0x00009d38       0x1c C:\Android\android-ndk-r8d\sources\cxx-stl\gnu-libstdc++\4.4.3\libs\armeabi\libgnustl_static.a(class_type_info.o)
                0x00009d38                __cxxabiv1::__class_type_info::~__class_type_info()
 .text._ZN10__cxxabiv117__class_type_infoD2Ev
                0x00009d54       0x34 C:\Android\android-ndk-r8d\sources\cxx-stl\gnu-libstdc++\4.4.3\libs\armeabi\libgnustl_static.a(class_type_info.o)
                0x00009d54                __cxxabiv1::__class_type_info::~__class_type_info()
 .text._ZNK10__cxxabiv117__pbase_type_info15__pointer_catchEPKS0_PPvj
                0x00009d88       0x24 C:\Android\android-ndk-r8d\sources\cxx-stl\gnu-libstdc++\4.4.3\libs\armeabi\libgnustl_static.a(pbase_type_info.o)
                0x00009d88                __cxxabiv1::__pbase_type_info::__pointer_catch(__cxxabiv1::__pbase_type_info const*, void**, unsigned int) const
 .text._ZNK10__cxxabiv117__pbase_type_info10__do_catchEPKSt9type_infoPPvj
                0x00009dac       0x94 C:\Android\android-ndk-r8d\sources\cxx-stl\gnu-libstdc++\4.4.3\libs\armeabi\libgnustl_static.a(pbase_type_info.o)
                0x00009dac                __cxxabiv1::__pbase_type_info::__do_catch(std::type_info const*, void**, unsigned int) const
 .text._ZN10__cxxabiv117__pbase_type_infoD1Ev
                0x00009e40       0x34 C:\Android\android-ndk-r8d\sources\cxx-stl\gnu-libstdc++\4.4.3\libs\armeabi\libgnustl_static.a(pbase_type_info.o)
                0x00009e40                __cxxabiv1::__pbase_type_info::~__pbase_type_info()
 .text._ZN10__cxxabiv117__pbase_type_infoD0Ev
                0x00009e74       0x1c C:\Android\android-ndk-r8d\sources\cxx-stl\gnu-libstdc++\4.4.3\libs\armeabi\libgnustl_static.a(pbase_type_info.o)
                0x00009e74                __cxxabiv1::__pbase_type_info::~__pbase_type_info()
 .text._ZN10__cxxabiv117__pbase_type_infoD2Ev
                0x00009e90       0x34 C:\Android\android-ndk-r8d\sources\cxx-stl\gnu-libstdc++\4.4.3\libs\armeabi\libgnustl_static.a(pbase_type_info.o)
                0x00009e90                __cxxabiv1::__pbase_type_info::~__pbase_type_info()
 .text._ZN9__gnu_cxx27__verbose_terminate_handlerEv
                0x00009ec4      0x1c4 C:\Android\android-ndk-r8d\sources\cxx-stl\gnu-libstdc++\4.4.3\libs\armeabi\libgnustl_static.a(vterminate.o)
                0x00009ec4                __gnu_cxx::__verbose_terminate_handler()
 .text          0x0000a088     0x4974 C:\Android\android-ndk-r8d\sources\cxx-stl\gnu-libstdc++\4.4.3\libs\armeabi\libgnustl_static.a(cp-demangle.o)
                0x0000ddd4                __cxa_demangle
                0x0000dda0                __gcclibcxx_demangle_callback
 .text.__cxa_current_exception_type
                0x0000e9fc       0x2c C:\Android\android-ndk-r8d\sources\cxx-stl\gnu-libstdc++\4.4.3\libs\armeabi\libgnustl_static.a(eh_type.o)
                0x0000e9fc                __cxa_current_exception_type
 .text          0x0000ea28      0xec4 c:/Android/android-ndk-r8d/toolchains/arm-linux-androideabi-4.4.3/prebuilt/windows/bin/../lib/gcc/arm-linux-androideabi/4.4.3\libgcc.a(unwind-arm.o)
                0x0000f450                __gnu_Unwind_RaiseException
                0x0000efa8                __aeabi_unwind_cpp_pr0
                0x0000ead8                _Unwind_GetCFA
                0x0000ea74                _Unwind_VRS_Set
                0x0000f1ec                __gnu_Unwind_Backtrace
                0x0000f580                _Unwind_VRS_Pop
                0x0000ef98                __aeabi_unwind_cpp_pr2
                0x0000eae4                _Unwind_DeleteException
                0x0000eae0                _Unwind_Complete
                0x0000f514                __gnu_Unwind_Resume
                0x0000f3dc                __gnu_Unwind_ForcedUnwind
                0x0000f4f4                __gnu_Unwind_Resume_or_Rethrow
                0x0000ea28                _Unwind_VRS_Get
                0x0000efa0                __aeabi_unwind_cpp_pr1
 .text          0x0000f8ec      0x1a8 c:/Android/android-ndk-r8d/toolchains/arm-linux-androideabi-4.4.3/prebuilt/windows/bin/../lib/gcc/arm-linux-androideabi/4.4.3\libgcc.a(libunwind.o)
                0x0000fa4c                ___Unwind_ForcedUnwind
                0x0000f908                __gnu_Unwind_Save_VFP
                0x0000fa28                _Unwind_Resume_or_Rethrow
                0x0000fa28                ___Unwind_Resume_or_Rethrow
                0x0000fa70                _Unwind_Backtrace
                0x0000f8ec                __restore_core_regs
                0x0000f928                __gnu_Unwind_Save_VFP_D_16_to_31
                0x0000f918                __gnu_Unwind_Save_VFP_D
                0x0000fa70                ___Unwind_Backtrace
                0x0000f9e0                ___Unwind_RaiseException
                0x0000fa04                ___Unwind_Resume
                0x0000f930                __gnu_Unwind_Restore_WMMXD
                0x0000f900                __gnu_Unwind_Restore_VFP
                0x0000fa04                _Unwind_Resume
                0x0000f910                __gnu_Unwind_Restore_VFP_D
                0x0000f920                __gnu_Unwind_Restore_VFP_D_16_to_31
                0x0000f9e0                _Unwind_RaiseException
                0x0000f8ec                restore_core_regs
                0x0000f9cc                __gnu_Unwind_Save_WMMXC
                0x0000f9b8                __gnu_Unwind_Restore_WMMXC
                0x0000fa4c                _Unwind_ForcedUnwind
                0x0000f974                __gnu_Unwind_Save_WMMXD
 .text          0x0000fa94      0x484 c:/Android/android-ndk-r8d/toolchains/arm-linux-androideabi-4.4.3/prebuilt/windows/bin/../lib/gcc/arm-linux-androideabi/4.4.3\libgcc.a(pr-support.o)
                0x0000fb34                _Unwind_GetRegionStart
                0x0000fb60                __gnu_unwind_execute
                0x0000faec                _Unwind_GetTextRelBase
                0x0000fafc                _Unwind_GetLanguageSpecificData
                0x0000fed8                __gnu_unwind_frame
                0x0000faf4                _Unwind_GetDataRelBase
 *(.gnu.warning)
 *(.glue_7t)
 .glue_7t       0x00000000        0x0 linker stubs
 *(.glue_7)
 .glue_7        0x00000000        0x0 linker stubs
 *(.vfp11_veneer)
 .vfp11_veneer  0x00000000        0x0 linker stubs
 *(.v4_bx)
 .v4_bx         0x00000000        0x0 linker stubs

.fini
 *(.fini)
                0x0000ff18                PROVIDE (__etext, .)
                0x0000ff18                PROVIDE (_etext, .)
                0x0000ff18                PROVIDE (etext, .)

.rodata         0x0000ff18     0x1084
 *(.rodata .rodata.* .gnu.linkonce.r.*)
 .rodata.str1.4
                0x0000ff18      0x5ed release\s3ePlayhaven_platform.os
                                0x5f0 (size before relaxing)
 .rodata.str1.4
                0x00000000       0x10 release\s3ePlayhaven_register.os
 *fill*         0x00010505        0x3 00
 .rodata._ZTSN9__gnu_cxx24__concurrence_lock_errorE
                0x00010508       0x28 C:\Android\android-ndk-r8d\sources\cxx-stl\gnu-libstdc++\4.4.3\libs\armeabi\libgnustl_static.a(eh_alloc.o)
                0x00010508                typeinfo name for __gnu_cxx::__concurrence_lock_error
 .rodata._ZTSN9__gnu_cxx26__concurrence_unlock_errorE
                0x00010530       0x2c C:\Android\android-ndk-r8d\sources\cxx-stl\gnu-libstdc++\4.4.3\libs\armeabi\libgnustl_static.a(eh_alloc.o)
                0x00010530                typeinfo name for __gnu_cxx::__concurrence_unlock_error
 .rodata.str1.4
                0x0001055c       0x4a C:\Android\android-ndk-r8d\sources\cxx-stl\gnu-libstdc++\4.4.3\libs\armeabi\libgnustl_static.a(eh_alloc.o)
                                 0x4c (size before relaxing)
 *fill*         0x000105a6        0x2 00
 .rodata._ZTSN10__cxxabiv115__forced_unwindE
                0x000105a8       0x20 C:\Android\android-ndk-r8d\sources\cxx-stl\gnu-libstdc++\4.4.3\libs\armeabi\libgnustl_static.a(eh_exception.o)
                0x000105a8                typeinfo name for __cxxabiv1::__forced_unwind
 .rodata._ZTSN10__cxxabiv119__foreign_exceptionE
                0x000105c8       0x24 C:\Android\android-ndk-r8d\sources\cxx-stl\gnu-libstdc++\4.4.3\libs\armeabi\libgnustl_static.a(eh_exception.o)
                0x000105c8                typeinfo name for __cxxabiv1::__foreign_exception
 .rodata.str1.4
                0x000105ec       0x23 C:\Android\android-ndk-r8d\sources\cxx-stl\gnu-libstdc++\4.4.3\libs\armeabi\libgnustl_static.a(eh_exception.o)
                                 0x24 (size before relaxing)
 *fill*         0x0001060f        0x1 00
 .rodata._ZTSSt9exception
                0x00010610       0x10 C:\Android\android-ndk-r8d\sources\cxx-stl\gnu-libstdc++\4.4.3\libs\armeabi\libgnustl_static.a(eh_exception.o)
                0x00010610                typeinfo name for std::exception
 .rodata._ZTSSt13bad_exception
                0x00010620       0x14 C:\Android\android-ndk-r8d\sources\cxx-stl\gnu-libstdc++\4.4.3\libs\armeabi\libgnustl_static.a(eh_exception.o)
                0x00010620                typeinfo name for std::bad_exception
 .rodata._ZTSPKe
                0x00010634        0x4 C:\Android\android-ndk-r8d\sources\cxx-stl\gnu-libstdc++\4.4.3\libs\armeabi\libgnustl_static.a(fundamental_type_info.o)
                0x00010634                typeinfo name for long double const*
 .rodata._ZTSPe
                0x00010638        0x4 C:\Android\android-ndk-r8d\sources\cxx-stl\gnu-libstdc++\4.4.3\libs\armeabi\libgnustl_static.a(fundamental_type_info.o)
                0x00010638                typeinfo name for long double*
 .rodata._ZTSe  0x0001063c        0x4 C:\Android\android-ndk-r8d\sources\cxx-stl\gnu-libstdc++\4.4.3\libs\armeabi\libgnustl_static.a(fundamental_type_info.o)
                0x0001063c                typeinfo name for long double
 .rodata._ZTSPKd
                0x00010640        0x4 C:\Android\android-ndk-r8d\sources\cxx-stl\gnu-libstdc++\4.4.3\libs\armeabi\libgnustl_static.a(fundamental_type_info.o)
                0x00010640                typeinfo name for double const*
 .rodata._ZTSPd
                0x00010644        0x4 C:\Android\android-ndk-r8d\sources\cxx-stl\gnu-libstdc++\4.4.3\libs\armeabi\libgnustl_static.a(fundamental_type_info.o)
                0x00010644                typeinfo name for double*
 .rodata._ZTSd  0x00010648        0x4 C:\Android\android-ndk-r8d\sources\cxx-stl\gnu-libstdc++\4.4.3\libs\armeabi\libgnustl_static.a(fundamental_type_info.o)
                0x00010648                typeinfo name for double
 .rodata._ZTSPKf
                0x0001064c        0x4 C:\Android\android-ndk-r8d\sources\cxx-stl\gnu-libstdc++\4.4.3\libs\armeabi\libgnustl_static.a(fundamental_type_info.o)
                0x0001064c                typeinfo name for float const*
 .rodata._ZTSPf
                0x00010650        0x4 C:\Android\android-ndk-r8d\sources\cxx-stl\gnu-libstdc++\4.4.3\libs\armeabi\libgnustl_static.a(fundamental_type_info.o)
                0x00010650                typeinfo name for float*
 .rodata._ZTSf  0x00010654        0x4 C:\Android\android-ndk-r8d\sources\cxx-stl\gnu-libstdc++\4.4.3\libs\armeabi\libgnustl_static.a(fundamental_type_info.o)
                0x00010654                typeinfo name for float
 .rodata._ZTSPKy
                0x00010658        0x4 C:\Android\android-ndk-r8d\sources\cxx-stl\gnu-libstdc++\4.4.3\libs\armeabi\libgnustl_static.a(fundamental_type_info.o)
                0x00010658                typeinfo name for unsigned long long const*
 .rodata._ZTSPy
                0x0001065c        0x4 C:\Android\android-ndk-r8d\sources\cxx-stl\gnu-libstdc++\4.4.3\libs\armeabi\libgnustl_static.a(fundamental_type_info.o)
                0x0001065c                typeinfo name for unsigned long long*
 .rodata._ZTSy  0x00010660        0x4 C:\Android\android-ndk-r8d\sources\cxx-stl\gnu-libstdc++\4.4.3\libs\armeabi\libgnustl_static.a(fundamental_type_info.o)
                0x00010660                typeinfo name for unsigned long long
 .rodata._ZTSPKx
                0x00010664        0x4 C:\Android\android-ndk-r8d\sources\cxx-stl\gnu-libstdc++\4.4.3\libs\armeabi\libgnustl_static.a(fundamental_type_info.o)
                0x00010664                typeinfo name for long long const*
 .rodata._ZTSPx
                0x00010668        0x4 C:\Android\android-ndk-r8d\sources\cxx-stl\gnu-libstdc++\4.4.3\libs\armeabi\libgnustl_static.a(fundamental_type_info.o)
                0x00010668                typeinfo name for long long*
 .rodata._ZTSx  0x0001066c        0x4 C:\Android\android-ndk-r8d\sources\cxx-stl\gnu-libstdc++\4.4.3\libs\armeabi\libgnustl_static.a(fundamental_type_info.o)
                0x0001066c                typeinfo name for long long
 .rodata._ZTSPKm
                0x00010670        0x4 C:\Android\android-ndk-r8d\sources\cxx-stl\gnu-libstdc++\4.4.3\libs\armeabi\libgnustl_static.a(fundamental_type_info.o)
                0x00010670                typeinfo name for unsigned long const*
 .rodata._ZTSPm
                0x00010674        0x4 C:\Android\android-ndk-r8d\sources\cxx-stl\gnu-libstdc++\4.4.3\libs\armeabi\libgnustl_static.a(fundamental_type_info.o)
                0x00010674                typeinfo name for unsigned long*
 .rodata._ZTSm  0x00010678        0x4 C:\Android\android-ndk-r8d\sources\cxx-stl\gnu-libstdc++\4.4.3\libs\armeabi\libgnustl_static.a(fundamental_type_info.o)
                0x00010678                typeinfo name for unsigned long
 .rodata._ZTSPKl
                0x0001067c        0x4 C:\Android\android-ndk-r8d\sources\cxx-stl\gnu-libstdc++\4.4.3\libs\armeabi\libgnustl_static.a(fundamental_type_info.o)
                0x0001067c                typeinfo name for long const*
 .rodata._ZTSPl
                0x00010680        0x4 C:\Android\android-ndk-r8d\sources\cxx-stl\gnu-libstdc++\4.4.3\libs\armeabi\libgnustl_static.a(fundamental_type_info.o)
                0x00010680                typeinfo name for long*
 .rodata._ZTSl  0x00010684        0x4 C:\Android\android-ndk-r8d\sources\cxx-stl\gnu-libstdc++\4.4.3\libs\armeabi\libgnustl_static.a(fundamental_type_info.o)
                0x00010684                typeinfo name for long
 .rodata._ZTSPKj
                0x00010688        0x4 C:\Android\android-ndk-r8d\sources\cxx-stl\gnu-libstdc++\4.4.3\libs\armeabi\libgnustl_static.a(fundamental_type_info.o)
                0x00010688                typeinfo name for unsigned int const*
 .rodata._ZTSPj
                0x0001068c        0x4 C:\Android\android-ndk-r8d\sources\cxx-stl\gnu-libstdc++\4.4.3\libs\armeabi\libgnustl_static.a(fundamental_type_info.o)
                0x0001068c                typeinfo name for unsigned int*
 .rodata._ZTSj  0x00010690        0x4 C:\Android\android-ndk-r8d\sources\cxx-stl\gnu-libstdc++\4.4.3\libs\armeabi\libgnustl_static.a(fundamental_type_info.o)
                0x00010690                typeinfo name for unsigned int
 .rodata._ZTSPKi
                0x00010694        0x4 C:\Android\android-ndk-r8d\sources\cxx-stl\gnu-libstdc++\4.4.3\libs\armeabi\libgnustl_static.a(fundamental_type_info.o)
                0x00010694                typeinfo name for int const*
 .rodata._ZTSPi
                0x00010698        0x4 C:\Android\android-ndk-r8d\sources\cxx-stl\gnu-libstdc++\4.4.3\libs\armeabi\libgnustl_static.a(fundamental_type_info.o)
                0x00010698                typeinfo name for int*
 .rodata._ZTSi  0x0001069c        0x4 C:\Android\android-ndk-r8d\sources\cxx-stl\gnu-libstdc++\4.4.3\libs\armeabi\libgnustl_static.a(fundamental_type_info.o)
                0x0001069c                typeinfo name for int
 .rodata._ZTSPKt
                0x000106a0        0x4 C:\Android\android-ndk-r8d\sources\cxx-stl\gnu-libstdc++\4.4.3\libs\armeabi\libgnustl_static.a(fundamental_type_info.o)
                0x000106a0                typeinfo name for unsigned short const*
 .rodata._ZTSPt
                0x000106a4        0x4 C:\Android\android-ndk-r8d\sources\cxx-stl\gnu-libstdc++\4.4.3\libs\armeabi\libgnustl_static.a(fundamental_type_info.o)
                0x000106a4                typeinfo name for unsigned short*
 .rodata._ZTSt  0x000106a8        0x4 C:\Android\android-ndk-r8d\sources\cxx-stl\gnu-libstdc++\4.4.3\libs\armeabi\libgnustl_static.a(fundamental_type_info.o)
                0x000106a8                typeinfo name for unsigned short
 .rodata._ZTSPKs
                0x000106ac        0x4 C:\Android\android-ndk-r8d\sources\cxx-stl\gnu-libstdc++\4.4.3\libs\armeabi\libgnustl_static.a(fundamental_type_info.o)
                0x000106ac                typeinfo name for short const*
 .rodata._ZTSPs
                0x000106b0        0x4 C:\Android\android-ndk-r8d\sources\cxx-stl\gnu-libstdc++\4.4.3\libs\armeabi\libgnustl_static.a(fundamental_type_info.o)
                0x000106b0                typeinfo name for short*
 .rodata._ZTSs  0x000106b4        0x4 C:\Android\android-ndk-r8d\sources\cxx-stl\gnu-libstdc++\4.4.3\libs\armeabi\libgnustl_static.a(fundamental_type_info.o)
                0x000106b4                typeinfo name for short
 .rodata._ZTSPKh
                0x000106b8        0x4 C:\Android\android-ndk-r8d\sources\cxx-stl\gnu-libstdc++\4.4.3\libs\armeabi\libgnustl_static.a(fundamental_type_info.o)
                0x000106b8                typeinfo name for unsigned char const*
 .rodata._ZTSPh
                0x000106bc        0x4 C:\Android\android-ndk-r8d\sources\cxx-stl\gnu-libstdc++\4.4.3\libs\armeabi\libgnustl_static.a(fundamental_type_info.o)
                0x000106bc                typeinfo name for unsigned char*
 .rodata._ZTSh  0x000106c0        0x4 C:\Android\android-ndk-r8d\sources\cxx-stl\gnu-libstdc++\4.4.3\libs\armeabi\libgnustl_static.a(fundamental_type_info.o)
                0x000106c0                typeinfo name for unsigned char
 .rodata._ZTSPKa
                0x000106c4        0x4 C:\Android\android-ndk-r8d\sources\cxx-stl\gnu-libstdc++\4.4.3\libs\armeabi\libgnustl_static.a(fundamental_type_info.o)
                0x000106c4                typeinfo name for signed char const*
 .rodata._ZTSPa
                0x000106c8        0x4 C:\Android\android-ndk-r8d\sources\cxx-stl\gnu-libstdc++\4.4.3\libs\armeabi\libgnustl_static.a(fundamental_type_info.o)
                0x000106c8                typeinfo name for signed char*
 .rodata._ZTSa  0x000106cc        0x4 C:\Android\android-ndk-r8d\sources\cxx-stl\gnu-libstdc++\4.4.3\libs\armeabi\libgnustl_static.a(fundamental_type_info.o)
                0x000106cc                typeinfo name for signed char
 .rodata._ZTSPKc
                0x000106d0        0x4 C:\Android\android-ndk-r8d\sources\cxx-stl\gnu-libstdc++\4.4.3\libs\armeabi\libgnustl_static.a(fundamental_type_info.o)
                0x000106d0                typeinfo name for char const*
 .rodata._ZTSPc
                0x000106d4        0x4 C:\Android\android-ndk-r8d\sources\cxx-stl\gnu-libstdc++\4.4.3\libs\armeabi\libgnustl_static.a(fundamental_type_info.o)
                0x000106d4                typeinfo name for char*
 .rodata._ZTSc  0x000106d8        0x4 C:\Android\android-ndk-r8d\sources\cxx-stl\gnu-libstdc++\4.4.3\libs\armeabi\libgnustl_static.a(fundamental_type_info.o)
                0x000106d8                typeinfo name for char
 .rodata._ZTSPKDi
                0x000106dc        0x8 C:\Android\android-ndk-r8d\sources\cxx-stl\gnu-libstdc++\4.4.3\libs\armeabi\libgnustl_static.a(fundamental_type_info.o)
                0x000106dc                _ZTSPKDi
 .rodata._ZTSPDi
                0x000106e4        0x4 C:\Android\android-ndk-r8d\sources\cxx-stl\gnu-libstdc++\4.4.3\libs\armeabi\libgnustl_static.a(fundamental_type_info.o)
                0x000106e4                _ZTSPDi
 .rodata._ZTSDi
                0x000106e8        0x4 C:\Android\android-ndk-r8d\sources\cxx-stl\gnu-libstdc++\4.4.3\libs\armeabi\libgnustl_static.a(fundamental_type_info.o)
                0x000106e8                _ZTSDi
 .rodata._ZTSPKDs
                0x000106ec        0x8 C:\Android\android-ndk-r8d\sources\cxx-stl\gnu-libstdc++\4.4.3\libs\armeabi\libgnustl_static.a(fundamental_type_info.o)
                0x000106ec                _ZTSPKDs
 .rodata._ZTSPDs
                0x000106f4        0x4 C:\Android\android-ndk-r8d\sources\cxx-stl\gnu-libstdc++\4.4.3\libs\armeabi\libgnustl_static.a(fundamental_type_info.o)
                0x000106f4                _ZTSPDs
 .rodata._ZTSDs
                0x000106f8        0x4 C:\Android\android-ndk-r8d\sources\cxx-stl\gnu-libstdc++\4.4.3\libs\armeabi\libgnustl_static.a(fundamental_type_info.o)
                0x000106f8                _ZTSDs
 .rodata._ZTSPKw
                0x000106fc        0x4 C:\Android\android-ndk-r8d\sources\cxx-stl\gnu-libstdc++\4.4.3\libs\armeabi\libgnustl_static.a(fundamental_type_info.o)
                0x000106fc                typeinfo name for wchar_t const*
 .rodata._ZTSPw
                0x00010700        0x4 C:\Android\android-ndk-r8d\sources\cxx-stl\gnu-libstdc++\4.4.3\libs\armeabi\libgnustl_static.a(fundamental_type_info.o)
                0x00010700                typeinfo name for wchar_t*
 .rodata._ZTSw  0x00010704        0x4 C:\Android\android-ndk-r8d\sources\cxx-stl\gnu-libstdc++\4.4.3\libs\armeabi\libgnustl_static.a(fundamental_type_info.o)
                0x00010704                typeinfo name for wchar_t
 .rodata._ZTSPKb
                0x00010708        0x4 C:\Android\android-ndk-r8d\sources\cxx-stl\gnu-libstdc++\4.4.3\libs\armeabi\libgnustl_static.a(fundamental_type_info.o)
                0x00010708                typeinfo name for bool const*
 .rodata._ZTSPb
                0x0001070c        0x4 C:\Android\android-ndk-r8d\sources\cxx-stl\gnu-libstdc++\4.4.3\libs\armeabi\libgnustl_static.a(fundamental_type_info.o)
                0x0001070c                typeinfo name for bool*
 .rodata._ZTSb  0x00010710        0x4 C:\Android\android-ndk-r8d\sources\cxx-stl\gnu-libstdc++\4.4.3\libs\armeabi\libgnustl_static.a(fundamental_type_info.o)
                0x00010710                typeinfo name for bool
 .rodata._ZTSPKv
                0x00010714        0x4 C:\Android\android-ndk-r8d\sources\cxx-stl\gnu-libstdc++\4.4.3\libs\armeabi\libgnustl_static.a(fundamental_type_info.o)
                0x00010714                typeinfo name for void const*
 .rodata._ZTSPv
                0x00010718        0x4 C:\Android\android-ndk-r8d\sources\cxx-stl\gnu-libstdc++\4.4.3\libs\armeabi\libgnustl_static.a(fundamental_type_info.o)
                0x00010718                typeinfo name for void*
 .rodata._ZTSv  0x0001071c        0x4 C:\Android\android-ndk-r8d\sources\cxx-stl\gnu-libstdc++\4.4.3\libs\armeabi\libgnustl_static.a(fundamental_type_info.o)
                0x0001071c                typeinfo name for void
 .rodata._ZTSN10__cxxabiv123__fundamental_type_infoE
                0x00010720       0x28 C:\Android\android-ndk-r8d\sources\cxx-stl\gnu-libstdc++\4.4.3\libs\armeabi\libgnustl_static.a(fundamental_type_info.o)
                0x00010720                typeinfo name for __cxxabiv1::__fundamental_type_info
 .rodata._ZTSSt9bad_alloc
                0x00010748       0x10 C:\Android\android-ndk-r8d\sources\cxx-stl\gnu-libstdc++\4.4.3\libs\armeabi\libgnustl_static.a(new_handler.o)
                0x00010748                typeinfo name for std::bad_alloc
 .rodata.str1.4
                0x00010758        0xf C:\Android\android-ndk-r8d\sources\cxx-stl\gnu-libstdc++\4.4.3\libs\armeabi\libgnustl_static.a(new_handler.o)
                                 0x10 (size before relaxing)
 *fill*         0x00010767        0x1 00
 .rodata._ZSt7nothrow
                0x00010768        0x4 C:\Android\android-ndk-r8d\sources\cxx-stl\gnu-libstdc++\4.4.3\libs\armeabi\libgnustl_static.a(new_handler.o)
                0x00010768                std::nothrow
 .rodata._ZTSN10__cxxabiv119__pointer_type_infoE
                0x0001076c       0x24 C:\Android\android-ndk-r8d\sources\cxx-stl\gnu-libstdc++\4.4.3\libs\armeabi\libgnustl_static.a(pointer_type_info.o)
                0x0001076c                typeinfo name for __cxxabiv1::__pointer_type_info
 .rodata.str1.4
                0x00010790       0x1c C:\Android\android-ndk-r8d\sources\cxx-stl\gnu-libstdc++\4.4.3\libs\armeabi\libgnustl_static.a(pure.o)
 .rodata._ZTSN10__cxxabiv120__si_class_type_infoE
                0x000107ac       0x28 C:\Android\android-ndk-r8d\sources\cxx-stl\gnu-libstdc++\4.4.3\libs\armeabi\libgnustl_static.a(si_class_type_info.o)
                0x000107ac                typeinfo name for __cxxabiv1::__si_class_type_info
 .rodata._ZTSSt9type_info
                0x000107d4       0x10 C:\Android\android-ndk-r8d\sources\cxx-stl\gnu-libstdc++\4.4.3\libs\armeabi\libgnustl_static.a(tinfo.o)
                0x000107d4                typeinfo name for std::type_info
 .rodata._ZTSSt8bad_cast
                0x000107e4        0xc C:\Android\android-ndk-r8d\sources\cxx-stl\gnu-libstdc++\4.4.3\libs\armeabi\libgnustl_static.a(bad_cast.o)
                0x000107e4                typeinfo name for std::bad_cast
 .rodata.str1.4
                0x000107f0        0xe C:\Android\android-ndk-r8d\sources\cxx-stl\gnu-libstdc++\4.4.3\libs\armeabi\libgnustl_static.a(bad_cast.o)
                                 0x10 (size before relaxing)
 *fill*         0x000107fe        0x2 00
 .rodata.str1.4
                0x00010800       0x10 C:\Android\android-ndk-r8d\sources\cxx-stl\gnu-libstdc++\4.4.3\libs\armeabi\libgnustl_static.a(bad_typeid.o)
 .rodata._ZTSSt10bad_typeid
                0x00010810       0x10 C:\Android\android-ndk-r8d\sources\cxx-stl\gnu-libstdc++\4.4.3\libs\armeabi\libgnustl_static.a(bad_typeid.o)
                0x00010810                typeinfo name for std::bad_typeid
 .rodata._ZTSN10__cxxabiv117__class_type_infoE
                0x00010820       0x24 C:\Android\android-ndk-r8d\sources\cxx-stl\gnu-libstdc++\4.4.3\libs\armeabi\libgnustl_static.a(class_type_info.o)
                0x00010820                typeinfo name for __cxxabiv1::__class_type_info
 .rodata._ZTSN10__cxxabiv117__pbase_type_infoE
                0x00010844       0x24 C:\Android\android-ndk-r8d\sources\cxx-stl\gnu-libstdc++\4.4.3\libs\armeabi\libgnustl_static.a(pbase_type_info.o)
                0x00010844                typeinfo name for __cxxabiv1::__pbase_type_info
 .rodata.str1.4
                0x00010868       0x92 C:\Android\android-ndk-r8d\sources\cxx-stl\gnu-libstdc++\4.4.3\libs\armeabi\libgnustl_static.a(vterminate.o)
                                 0x94 (size before relaxing)
 *fill*         0x000108fa        0x2 00
 .rodata.str1.4
                0x000108fc      0x6a0 C:\Android\android-ndk-r8d\sources\cxx-stl\gnu-libstdc++\4.4.3\libs\armeabi\libgnustl_static.a(cp-demangle.o)
                                0x6d0 (size before relaxing)

.rodata1
 *(.rodata1)

.ARM.extab      0x00010f9c      0x2d0
 *(.ARM.extab* .gnu.linkonce.armextab.*)
 .ARM.extab.text._Znwj
                0x00010f9c       0x24 C:\Android\android-ndk-r8d\sources\cxx-stl\gnu-libstdc++\4.4.3\libs\armeabi\libgnustl_static.a(new_op.o)
 .ARM.extab.text._Znaj
                0x00010fc0       0x20 C:\Android\android-ndk-r8d\sources\cxx-stl\gnu-libstdc++\4.4.3\libs\armeabi\libgnustl_static.a(new_opv.o)
 .ARM.extab.text._ZNK9__gnu_cxx24__concurrence_lock_error4whatEv
                0x00010fe0        0x0 C:\Android\android-ndk-r8d\sources\cxx-stl\gnu-libstdc++\4.4.3\libs\armeabi\libgnustl_static.a(eh_alloc.o)
 .ARM.extab.text._ZNK9__gnu_cxx26__concurrence_unlock_error4whatEv
                0x00010fe0        0x0 C:\Android\android-ndk-r8d\sources\cxx-stl\gnu-libstdc++\4.4.3\libs\armeabi\libgnustl_static.a(eh_alloc.o)
 .ARM.extab.text._ZN9__gnu_cxx24__concurrence_lock_errorD1Ev
                0x00010fe0        0x0 C:\Android\android-ndk-r8d\sources\cxx-stl\gnu-libstdc++\4.4.3\libs\armeabi\libgnustl_static.a(eh_alloc.o)
 .ARM.extab.text._ZN9__gnu_cxx26__concurrence_unlock_errorD1Ev
                0x00010fe0        0x0 C:\Android\android-ndk-r8d\sources\cxx-stl\gnu-libstdc++\4.4.3\libs\armeabi\libgnustl_static.a(eh_alloc.o)
 .ARM.extab.text._ZN9__gnu_cxx13__scoped_lockD1Ev
                0x00010fe0       0x1c C:\Android\android-ndk-r8d\sources\cxx-stl\gnu-libstdc++\4.4.3\libs\armeabi\libgnustl_static.a(eh_alloc.o)
 .ARM.extab.text._ZN9__gnu_cxx26__concurrence_unlock_errorD0Ev
                0x00010ffc        0x0 C:\Android\android-ndk-r8d\sources\cxx-stl\gnu-libstdc++\4.4.3\libs\armeabi\libgnustl_static.a(eh_alloc.o)
 .ARM.extab.text._ZN9__gnu_cxx24__concurrence_lock_errorD0Ev
                0x00010ffc        0x0 C:\Android\android-ndk-r8d\sources\cxx-stl\gnu-libstdc++\4.4.3\libs\armeabi\libgnustl_static.a(eh_alloc.o)
 .ARM.extab.text.__cxa_free_dependent_exception
                0x00010ffc       0x38 C:\Android\android-ndk-r8d\sources\cxx-stl\gnu-libstdc++\4.4.3\libs\armeabi\libgnustl_static.a(eh_alloc.o)
 .ARM.extab.text.__cxa_free_exception
                0x00011034       0x38 C:\Android\android-ndk-r8d\sources\cxx-stl\gnu-libstdc++\4.4.3\libs\armeabi\libgnustl_static.a(eh_alloc.o)
 .ARM.extab.text.__cxa_allocate_dependent_exception
                0x0001106c       0x34 C:\Android\android-ndk-r8d\sources\cxx-stl\gnu-libstdc++\4.4.3\libs\armeabi\libgnustl_static.a(eh_alloc.o)
 .ARM.extab.text.__cxa_allocate_exception
                0x000110a0       0x40 C:\Android\android-ndk-r8d\sources\cxx-stl\gnu-libstdc++\4.4.3\libs\armeabi\libgnustl_static.a(eh_alloc.o)
 .ARM.extab.text.__cxa_call_unexpected
                0x000110e0       0x2c C:\Android\android-ndk-r8d\sources\cxx-stl\gnu-libstdc++\4.4.3\libs\armeabi\libgnustl_static.a(eh_call.o)
 .ARM.extab.text.__cxa_begin_catch
                0x0001110c       0x20 C:\Android\android-ndk-r8d\sources\cxx-stl\gnu-libstdc++\4.4.3\libs\armeabi\libgnustl_static.a(eh_catch.o)
 .ARM.extab.text._ZN17__eh_globals_initD1Ev
                0x0001112c        0x0 C:\Android\android-ndk-r8d\sources\cxx-stl\gnu-libstdc++\4.4.3\libs\armeabi\libgnustl_static.a(eh_globals.o)
 .ARM.extab.text.__cxa_get_globals_fast
                0x0001112c       0x1c C:\Android\android-ndk-r8d\sources\cxx-stl\gnu-libstdc++\4.4.3\libs\armeabi\libgnustl_static.a(eh_globals.o)
 .ARM.extab.text.__cxa_get_globals
                0x00011148       0x1c C:\Android\android-ndk-r8d\sources\cxx-stl\gnu-libstdc++\4.4.3\libs\armeabi\libgnustl_static.a(eh_globals.o)
 .ARM.extab.text.__gxx_personality_v0
                0x00011164       0x30 C:\Android\android-ndk-r8d\sources\cxx-stl\gnu-libstdc++\4.4.3\libs\armeabi\libgnustl_static.a(eh_personality.o)
 .ARM.extab.text._ZN10__cxxabiv111__terminateEPFvvE
                0x00011194       0x24 C:\Android\android-ndk-r8d\sources\cxx-stl\gnu-libstdc++\4.4.3\libs\armeabi\libgnustl_static.a(eh_terminate.o)
 .ARM.extab.text._ZSt9terminatev
                0x000111b8        0xc C:\Android\android-ndk-r8d\sources\cxx-stl\gnu-libstdc++\4.4.3\libs\armeabi\libgnustl_static.a(eh_terminate.o)
 .ARM.extab.text._ZN10__cxxabiv112__unexpectedEPFvvE
                0x000111c4        0xc C:\Android\android-ndk-r8d\sources\cxx-stl\gnu-libstdc++\4.4.3\libs\armeabi\libgnustl_static.a(eh_terminate.o)
 .ARM.extab.text._ZSt10unexpectedv
                0x000111d0        0xc C:\Android\android-ndk-r8d\sources\cxx-stl\gnu-libstdc++\4.4.3\libs\armeabi\libgnustl_static.a(eh_terminate.o)
 .ARM.extab.text.__cxa_rethrow
                0x000111dc        0xc C:\Android\android-ndk-r8d\sources\cxx-stl\gnu-libstdc++\4.4.3\libs\armeabi\libgnustl_static.a(eh_throw.o)
 .ARM.extab.text.__cxa_throw
                0x000111e8        0xc C:\Android\android-ndk-r8d\sources\cxx-stl\gnu-libstdc++\4.4.3\libs\armeabi\libgnustl_static.a(eh_throw.o)
 .ARM.extab.text._ZL23__gxx_exception_cleanup19_Unwind_Reason_CodeP21_Unwind_Control_Block
                0x000111f4        0xc C:\Android\android-ndk-r8d\sources\cxx-stl\gnu-libstdc++\4.4.3\libs\armeabi\libgnustl_static.a(eh_throw.o)
 .ARM.extab.text._ZNK10__cxxabiv117__pbase_type_info15__pointer_catchEPKS0_PPvj
                0x00011200        0x0 C:\Android\android-ndk-r8d\sources\cxx-stl\gnu-libstdc++\4.4.3\libs\armeabi\libgnustl_static.a(pbase_type_info.o)
 .ARM.extab.text._ZN9__gnu_cxx27__verbose_terminate_handlerEv
                0x00011200       0x3c C:\Android\android-ndk-r8d\sources\cxx-stl\gnu-libstdc++\4.4.3\libs\armeabi\libgnustl_static.a(vterminate.o)
 .ARM.extab     0x0001123c        0xc C:\Android\android-ndk-r8d\sources\cxx-stl\gnu-libstdc++\4.4.3\libs\armeabi\libgnustl_static.a(cp-demangle.o)
 .ARM.extab     0x00011248       0x24 c:/Android/android-ndk-r8d/toolchains/arm-linux-androideabi-4.4.3/prebuilt/windows/bin/../lib/gcc/arm-linux-androideabi/4.4.3\libgcc.a(unwind-arm.o)
                0x0001126c                __exidx_start = .

.ARM.exidx      0x0001126c      0x578
 *(.ARM.exidx* .gnu.linkonce.armexidx.*)
 .ARM.exidx.text._ZdaPv
                0x0001126c        0x8 C:\Android\android-ndk-r8d\sources\cxx-stl\gnu-libstdc++\4.4.3\libs\armeabi\libgnustl_static.a(del_opv.o)
 .ARM.exidx.text._Znwj
                0x00011274        0x8 C:\Android\android-ndk-r8d\sources\cxx-stl\gnu-libstdc++\4.4.3\libs\armeabi\libgnustl_static.a(new_op.o)
 .ARM.exidx.text._Znaj
                0x0001127c        0x8 C:\Android\android-ndk-r8d\sources\cxx-stl\gnu-libstdc++\4.4.3\libs\armeabi\libgnustl_static.a(new_opv.o)
 .ARM.exidx.text._ZdlPv
                0x00011284        0x8 C:\Android\android-ndk-r8d\sources\cxx-stl\gnu-libstdc++\4.4.3\libs\armeabi\libgnustl_static.a(del_op.o)
 .ARM.exidx.text._ZNK9__gnu_cxx24__concurrence_lock_error4whatEv
                0x0001128c        0x8 C:\Android\android-ndk-r8d\sources\cxx-stl\gnu-libstdc++\4.4.3\libs\armeabi\libgnustl_static.a(eh_alloc.o)
 .ARM.exidx.text._ZNK9__gnu_cxx26__concurrence_unlock_error4whatEv
                0x00011294        0x8 C:\Android\android-ndk-r8d\sources\cxx-stl\gnu-libstdc++\4.4.3\libs\armeabi\libgnustl_static.a(eh_alloc.o)
 .ARM.exidx.text._GLOBAL__I_eh_alloc.cc
                0x0001129c        0x8 C:\Android\android-ndk-r8d\sources\cxx-stl\gnu-libstdc++\4.4.3\libs\armeabi\libgnustl_static.a(eh_alloc.o)
 .ARM.exidx.text._ZN9__gnu_cxx24__concurrence_lock_errorD1Ev
                0x000112a4        0x8 C:\Android\android-ndk-r8d\sources\cxx-stl\gnu-libstdc++\4.4.3\libs\armeabi\libgnustl_static.a(eh_alloc.o)
 .ARM.exidx.text._ZN9__gnu_cxx26__concurrence_unlock_errorD1Ev
                0x000112ac        0x8 C:\Android\android-ndk-r8d\sources\cxx-stl\gnu-libstdc++\4.4.3\libs\armeabi\libgnustl_static.a(eh_alloc.o)
 .ARM.exidx.text._ZN9__gnu_cxx13__scoped_lockD1Ev
                0x000112b4        0x8 C:\Android\android-ndk-r8d\sources\cxx-stl\gnu-libstdc++\4.4.3\libs\armeabi\libgnustl_static.a(eh_alloc.o)
 .ARM.exidx.text._ZN9__gnu_cxx26__concurrence_unlock_errorD0Ev
                0x000112bc        0x8 C:\Android\android-ndk-r8d\sources\cxx-stl\gnu-libstdc++\4.4.3\libs\armeabi\libgnustl_static.a(eh_alloc.o)
 .ARM.exidx.text._ZN9__gnu_cxx24__concurrence_lock_errorD0Ev
                0x000112c4        0x8 C:\Android\android-ndk-r8d\sources\cxx-stl\gnu-libstdc++\4.4.3\libs\armeabi\libgnustl_static.a(eh_alloc.o)
 .ARM.exidx.text.__cxa_free_dependent_exception
                0x000112cc        0x8 C:\Android\android-ndk-r8d\sources\cxx-stl\gnu-libstdc++\4.4.3\libs\armeabi\libgnustl_static.a(eh_alloc.o)
 .ARM.exidx.text.__cxa_free_exception
                0x000112d4        0x8 C:\Android\android-ndk-r8d\sources\cxx-stl\gnu-libstdc++\4.4.3\libs\armeabi\libgnustl_static.a(eh_alloc.o)
 .ARM.exidx.text.__cxa_allocate_dependent_exception
                0x000112dc        0x8 C:\Android\android-ndk-r8d\sources\cxx-stl\gnu-libstdc++\4.4.3\libs\armeabi\libgnustl_static.a(eh_alloc.o)
 .ARM.exidx.text.__cxa_allocate_exception
                0x000112e4        0x8 C:\Android\android-ndk-r8d\sources\cxx-stl\gnu-libstdc++\4.4.3\libs\armeabi\libgnustl_static.a(eh_alloc.o)
 .ARM.exidx.text.__cxa_type_match
                0x000112ec        0x8 C:\Android\android-ndk-r8d\sources\cxx-stl\gnu-libstdc++\4.4.3\libs\armeabi\libgnustl_static.a(eh_arm.o)
 .ARM.exidx.text.__cxa_begin_cleanup
                0x000112f4        0x8 C:\Android\android-ndk-r8d\sources\cxx-stl\gnu-libstdc++\4.4.3\libs\armeabi\libgnustl_static.a(eh_arm.o)
 .ARM.exidx.text.__gnu_end_cleanup
                0x000112fc        0x8 C:\Android\android-ndk-r8d\sources\cxx-stl\gnu-libstdc++\4.4.3\libs\armeabi\libgnustl_static.a(eh_arm.o)
 .ARM.exidx.text.__cxa_bad_typeid
                0x00011304        0x8 C:\Android\android-ndk-r8d\sources\cxx-stl\gnu-libstdc++\4.4.3\libs\armeabi\libgnustl_static.a(eh_aux_runtime.o)
 .ARM.exidx.text.__cxa_bad_cast
                0x0001130c        0x8 C:\Android\android-ndk-r8d\sources\cxx-stl\gnu-libstdc++\4.4.3\libs\armeabi\libgnustl_static.a(eh_aux_runtime.o)
 .ARM.exidx.text.__cxa_call_terminate
                0x00011314        0x8 C:\Android\android-ndk-r8d\sources\cxx-stl\gnu-libstdc++\4.4.3\libs\armeabi\libgnustl_static.a(eh_call.o)
 .ARM.exidx.text.__cxa_call_unexpected
                0x0001131c        0x8 C:\Android\android-ndk-r8d\sources\cxx-stl\gnu-libstdc++\4.4.3\libs\armeabi\libgnustl_static.a(eh_call.o)
 .ARM.exidx.text.__cxa_get_exception_ptr
                0x00011324        0x8 C:\Android\android-ndk-r8d\sources\cxx-stl\gnu-libstdc++\4.4.3\libs\armeabi\libgnustl_static.a(eh_catch.o)
 .ARM.exidx.text._ZSt18uncaught_exceptionv
                0x0001132c        0x8 C:\Android\android-ndk-r8d\sources\cxx-stl\gnu-libstdc++\4.4.3\libs\armeabi\libgnustl_static.a(eh_catch.o)
 .ARM.exidx.text.__cxa_end_catch