Archive member included because of file (symbol)

C:\marmalade\6.1\s3e\edk\lib\android\libedk.a(IwDebug.o)
                              debug\s3ePlayhaven_platform.os (IwDebugTraceSetTraceChannel)
C:\marmalade\6.1\s3e\edk\lib\android\libedk.a(edk_helpers.o)
                              debug\s3ePlayhaven_platform.os (s3eEdkThreadRunOnOS)
C:\Android\android-ndk-r8d\sources\cxx-stl\gnu-libstdc++\4.4.3\libs\armeabi\libgnustl_static.a(del_opv.o)
                              debug\s3ePlayhaven_platform.os (operator delete[](void*))
C:\Android\android-ndk-r8d\sources\cxx-stl\gnu-libstdc++\4.4.3\libs\armeabi\libgnustl_static.a(new_op.o)
                              debug\s3ePlayhaven_platform.os (operator new(unsigned int))
C:\Android\android-ndk-r8d\sources\cxx-stl\gnu-libstdc++\4.4.3\libs\armeabi\libgnustl_static.a(new_opv.o)
                              debug\s3ePlayhaven_platform.os (operator new[](unsigned int))
C:\Android\android-ndk-r8d\sources\cxx-stl\gnu-libstdc++\4.4.3\libs\armeabi\libgnustl_static.a(del_op.o)
                              C:\Android\android-ndk-r8d\sources\cxx-stl\gnu-libstdc++\4.4.3\libs\armeabi\libgnustl_static.a(del_opv.o) (operator delete(void*))
C:\Android\android-ndk-r8d\sources\cxx-stl\gnu-libstdc++\4.4.3\libs\armeabi\libgnustl_static.a(eh_alloc.o)
                              C:\Android\android-ndk-r8d\sources\cxx-stl\gnu-libstdc++\4.4.3\libs\armeabi\libgnustl_static.a(new_op.o) (__cxa_allocate_exception)
C:\Android\android-ndk-r8d\sources\cxx-stl\gnu-libstdc++\4.4.3\libs\armeabi\libgnustl_static.a(eh_arm.o)
                              C:\Android\android-ndk-r8d\sources\cxx-stl\gnu-libstdc++\4.4.3\libs\armeabi\libgnustl_static.a(new_op.o) (__cxa_end_cleanup)
C:\Android\android-ndk-r8d\sources\cxx-stl\gnu-libstdc++\4.4.3\libs\armeabi\libgnustl_static.a(eh_aux_runtime.o)
                              C:\Android\android-ndk-r8d\sources\cxx-stl\gnu-libstdc++\4.4.3\libs\armeabi\libgnustl_static.a(eh_arm.o) (__cxa_bad_typeid)
C:\Android\android-ndk-r8d\sources\cxx-stl\gnu-libstdc++\4.4.3\libs\armeabi\libgnustl_static.a(eh_call.o)
                              C:\Android\android-ndk-r8d\sources\cxx-stl\gnu-libstdc++\4.4.3\libs\armeabi\libgnustl_static.a(new_op.o) (__cxa_call_unexpected)
C:\Android\android-ndk-r8d\sources\cxx-stl\gnu-libstdc++\4.4.3\libs\armeabi\libgnustl_static.a(eh_catch.o)
                              C:\Android\android-ndk-r8d\sources\cxx-stl\gnu-libstdc++\4.4.3\libs\armeabi\libgnustl_static.a(eh_call.o) (__cxa_end_catch)
C:\Android\android-ndk-r8d\sources\cxx-stl\gnu-libstdc++\4.4.3\libs\armeabi\libgnustl_static.a(eh_exception.o)
                              C:\Android\android-ndk-r8d\sources\cxx-stl\gnu-libstdc++\4.4.3\libs\armeabi\libgnustl_static.a(eh_alloc.o) (std::exception::~exception())
C:\Android\android-ndk-r8d\sources\cxx-stl\gnu-libstdc++\4.4.3\libs\armeabi\libgnustl_static.a(eh_globals.o)
                              C:\Android\android-ndk-r8d\sources\cxx-stl\gnu-libstdc++\4.4.3\libs\armeabi\libgnustl_static.a(eh_call.o) (__cxa_get_globals_fast)
C:\Android\android-ndk-r8d\sources\cxx-stl\gnu-libstdc++\4.4.3\libs\armeabi\libgnustl_static.a(eh_personality.o)
                              C:\Android\android-ndk-r8d\sources\cxx-stl\gnu-libstdc++\4.4.3\libs\armeabi\libgnustl_static.a(new_op.o) (__gxx_personality_v0)
C:\Android\android-ndk-r8d\sources\cxx-stl\gnu-libstdc++\4.4.3\libs\armeabi\libgnustl_static.a(eh_terminate.o)
                              C:\Android\android-ndk-r8d\sources\cxx-stl\gnu-libstdc++\4.4.3\libs\armeabi\libgnustl_static.a(eh_call.o) (__cxxabiv1::__terminate(void (*)()))
C:\Android\android-ndk-r8d\sources\cxx-stl\gnu-libstdc++\4.4.3\libs\armeabi\libgnustl_static.a(eh_throw.o)
                              C:\Android\android-ndk-r8d\sources\cxx-stl\gnu-libstdc++\4.4.3\libs\armeabi\libgnustl_static.a(eh_call.o) (__cxa_rethrow)
C:\Android\android-ndk-r8d\sources\cxx-stl\gnu-libstdc++\4.4.3\libs\armeabi\libgnustl_static.a(eh_unex_handler.o)
                              C:\Android\android-ndk-r8d\sources\cxx-stl\gnu-libstdc++\4.4.3\libs\armeabi\libgnustl_static.a(eh_terminate.o) (__cxxabiv1::__unexpected_handler)
C:\Android\android-ndk-r8d\sources\cxx-stl\gnu-libstdc++\4.4.3\libs\armeabi\libgnustl_static.a(fundamental_type_info.o)
                              C:\Android\android-ndk-r8d\sources\cxx-stl\gnu-libstdc++\4.4.3\libs\armeabi\libgnustl_static.a(eh_arm.o) (typeinfo for void)
C:\Android\android-ndk-r8d\sources\cxx-stl\gnu-libstdc++\4.4.3\libs\armeabi\libgnustl_static.a(new_handler.o)
                              C:\Android\android-ndk-r8d\sources\cxx-stl\gnu-libstdc++\4.4.3\libs\armeabi\libgnustl_static.a(new_op.o) (std::bad_alloc::~bad_alloc())
C:\Android\android-ndk-r8d\sources\cxx-stl\gnu-libstdc++\4.4.3\libs\armeabi\libgnustl_static.a(pointer_type_info.o)
[...]
Memory Configuration

Name             Origin             Length             Attributes
*default*        0x00000000         0xffffffff

Linker script and memory map

LOAD C:/Android/android-ndk-r8d/platforms/android-9/arch-arm/usr/lib/crtbegin_so.o
LOAD debug\s3ePlayhaven_platform.os
LOAD debug\s3ePlayhaven.os
LOAD debug\s3ePlayhaven_register.os
LOAD C:\marmalade\6.1\s3e\edk\lib\android\libedk.a
LOAD C:\marmalade\6.1\s3e\edk\lib\android/libplaceholderplaceholderplaceholderplaceholderplaceholder.so
LOAD C:\Android\android-ndk-r8d\platforms\android-9\arch-arm\usr\lib/liblog.so
LOAD C:\Android\android-ndk-r8d\sources\cxx-stl\gnu-libstdc++\4.4.3\libs\armeabi\libgnustl_static.a
LOAD c:/Android/android-ndk-r8d/toolchains/arm-linux-androideabi-4.4.3/prebuilt/windows/bin/../lib/gcc/arm-linux-androideabi/4.4.3\libgcc.a
LOAD C:\Android\android-ndk-r8d\platforms\android-9\arch-arm\usr\lib/libstdc++.so
LOAD C:\Android\android-ndk-r8d\platforms\android-9\arch-arm\usr\lib/libm.so
LOAD C:\Android\android-ndk-r8d\platforms\android-9\arch-arm\usr\lib/libc.so
LOAD c:/Android/android-ndk-r8d/toolchains/arm-linux-androideabi-4.4.3/prebuilt/windows/bin/../lib/gcc/arm-linux-androideabi/4.4.3\libgcc.a
LOAD C:\Android\android-ndk-r8d\platforms\android-9\arch-arm\usr\lib/libc.so
LOAD C:\Android\android-ndk-r8d\platforms\android-9\arch-arm\usr\lib/libdl.so
LOAD c:/Android/android-ndk-r8d/toolchains/arm-linux-androideabi-4.4.3/prebuilt/windows/bin/../lib/gcc/arm-linux-androideabi/4.4.3\libgcc.a
LOAD C:/Android/android-ndk-r8d/platforms/android-9/arch-arm/usr/lib/crtend_so.o
                0x000000f4                . = (0x0 + SIZEOF_HEADERS)

.note.gnu.build-id
 *(.note.gnu.build-id)

.hash           0x000000f4      0x9a0
 *(.hash)
 .hash          0x000000f4      0x9a0 C:/Android/android-ndk-r8d/platforms/android-9/arch-arm/usr/lib/crtbegin_so.o

.gnu.hash
 *(.gnu.hash)

.dynsym         0x00000a94     0x15f0
 *(.dynsym)
 .dynsym        0x00000a94     0x15f0 C:/Android/android-ndk-r8d/platforms/android-9/arch-arm/usr/lib/crtbegin_so.o

.dynstr         0x00002084     0x1a0c
 *(.dynstr)
 .dynstr        0x00002084     0x1a0c C:/Android/android-ndk-r8d/platforms/android-9/arch-arm/usr/lib/crtbegin_so.o

.gnu.version    0x00003a90        0x0
 *(.gnu.version)
 .gnu.version   0x00000000        0x0 C:/Android/android-ndk-r8d/platforms/android-9/arch-arm/usr/lib/crtbegin_so.o

.gnu.version_d  0x00003a90        0x0
 *(.gnu.version_d)
 .gnu.version_d
                0x00000000        0x0 C:/Android/android-ndk-r8d/platforms/android-9/arch-arm/usr/lib/crtbegin_so.o

.gnu.version_r  0x00003a90        0x0
 *(.gnu.version_r)
 .gnu.version_r
                0x00000000        0x0 C:/Android/android-ndk-r8d/platforms/android-9/arch-arm/usr/lib/crtbegin_so.o

.rel.dyn        0x00003a90     0x1080
 *(.rel.init)
 *(.rel.text .rel.text.* .rel.gnu.linkonce.t.*)
 *(.rel.fini)
 *(.rel.rodata .rel.rodata.* .rel.gnu.linkonce.r.*)
 *(.rel.data.rel.ro* .rel.gnu.linkonce.d.rel.ro.*)
 .rel.data.rel.ro
                0x00003a90       0xc0 C:/Android/android-ndk-r8d/platforms/android-9/arch-arm/usr/lib/crtbegin_so.o
 .rel.data.rel.ro._ZTIN9__gnu_cxx24__concurrence_lock_errorE
                0x00003b50       0x18 C:/Android/android-ndk-r8d/platforms/android-9/arch-arm/usr/lib/crtbegin_so.o
 .rel.data.rel.ro._ZTVN9__gnu_cxx24__concurrence_lock_errorE
                0x00003b68       0x20 C:/Android/android-ndk-r8d/platforms/android-9/arch-arm/usr/lib/crtbegin_so.o
 .rel.data.rel.ro._ZTIN9__gnu_cxx26__concurrence_unlock_errorE
                0x00003b88       0x18 C:/Android/android-ndk-r8d/platforms/android-9/arch-arm/usr/lib/crtbegin_so.o
 .rel.data.rel.ro._ZTVN9__gnu_cxx26__concurrence_unlock_errorE
                0x00003ba0       0x20 C:/Android/android-ndk-r8d/platforms/android-9/arch-arm/usr/lib/crtbegin_so.o
 .rel.data.rel.ro._ZTIN10__cxxabiv115__forced_unwindE
                0x00003bc0       0x10 C:/Android/android-ndk-r8d/platforms/android-9/arch-arm/usr/lib/crtbegin_so.o
 .rel.data.rel.ro._ZTISt9exception
                0x00003bd0       0x10 C:/Android/android-ndk-r8d/platforms/android-9/arch-arm/usr/lib/crtbegin_so.o
 .rel.data.rel.ro._ZTVSt13bad_exception
                0x00003be0       0x20 C:/Android/android-ndk-r8d/platforms/android-9/arch-arm/usr/lib/crtbegin_so.o
 .rel.data.rel.ro._ZTISt13bad_exception
                0x00003c00       0x18 C:/Android/android-ndk-r8d/platforms/android-9/arch-arm/usr/lib/crtbegin_so.o
 .rel.data.rel.ro._ZTIN10__cxxabiv119__foreign_exceptionE
                0x00003c18       0x10 C:/Android/android-ndk-r8d/platforms/android-9/arch-arm/usr/lib/crtbegin_so.o
 .rel.data.rel.ro._ZTVN10__cxxabiv115__forced_unwindE
                0x00003c28       0x20 C:/Android/android-ndk-r8d/platforms/android-9/arch-arm/usr/lib/crtbegin_so.o
 .rel.data.rel.ro._ZTVN10__cxxabiv119__foreign_exceptionE
                0x00003c48       0x20 C:/Android/android-ndk-r8d/platforms/android-9/arch-arm/usr/lib/crtbegin_so.o
 .rel.data.rel.ro._ZTVSt9exception
                0x00003c68       0x20 C:/Android/android-ndk-r8d/platforms/android-9/arch-arm/usr/lib/crtbegin_so.o
 .rel.data.rel.ro._ZTIPKe
                0x00003c88       0x18 C:/Android/android-ndk-r8d/platforms/android-9/arch-arm/usr/lib/crtbegin_so.o
 .rel.data.rel.ro._ZTIPe
                0x00003ca0       0x18 C:/Android/android-ndk-r8d/platforms/android-9/arch-arm/usr/lib/crtbegin_so.o
 .rel.data.rel.ro._ZTIe
                0x00003cb8       0x10 C:/Android/android-ndk-r8d/platforms/android-9/arch-arm/usr/lib/crtbegin_so.o
 .rel.data.rel.ro._ZTIPKd
                0x00003cc8       0x18 C:/Android/android-ndk-r8d/platforms/android-9/arch-arm/usr/lib/crtbegin_so.o
 .rel.data.rel.ro._ZTIPd
                0x00003ce0       0x18 C:/Android/android-ndk-r8d/platforms/android-9/arch-arm/usr/lib/crtbegin_so.o
 .rel.data.rel.ro._ZTId
                0x00003cf8       0x10 C:/Android/android-ndk-r8d/platforms/android-9/arch-arm/usr/lib/crtbegin_so.o
 .rel.data.rel.ro._ZTIPKf
                0x00003d08       0x18 C:/Android/android-ndk-r8d/platforms/android-9/arch-arm/usr/lib/crtbegin_so.o
 .rel.data.rel.ro._ZTIPf
                0x00003d20       0x18 C:/Android/android-ndk-r8d/platforms/android-9/arch-arm/usr/lib/crtbegin_so.o
 .rel.data.rel.ro._ZTIf
                0x00003d38       0x10 C:/Android/android-ndk-r8d/platforms/android-9/arch-arm/usr/lib/crtbegin_so.o
 .rel.data.rel.ro._ZTIPKy
                0x00003d48       0x18 C:/Android/android-ndk-r8d/platforms/android-9/arch-arm/usr/lib/crtbegin_so.o
 .rel.data.rel.ro._ZTIPy
                0x00003d60       0x18 C:/Android/android-ndk-r8d/platforms/android-9/arch-arm/usr/lib/crtbegin_so.o
 .rel.data.rel.ro._ZTIy
                0x00003d78       0x10 C:/Android/android-ndk-r8d/platforms/android-9/arch-arm/usr/lib/crtbegin_so.o
 .rel.data.rel.ro._ZTIPKx
                0x00003d88       0x18 C:/Android/android-ndk-r8d/platforms/android-9/arch-arm/usr/lib/crtbegin_so.o
 .rel.data.rel.ro._ZTIPx
                0x00003da0       0x18 C:/Android/android-ndk-r8d/platforms/android-9/arch-arm/usr/lib/crtbegin_so.o
 .rel.data.rel.ro._ZTIx
                0x00003db8       0x10 C:/Android/android-ndk-r8d/platforms/android-9/arch-arm/usr/lib/crtbegin_so.o
 .rel.data.rel.ro._ZTIPKm
                0x00003dc8       0x18 C:/Android/android-ndk-r8d/platforms/android-9/arch-arm/usr/lib/crtbegin_so.o
 .rel.data.rel.ro._ZTIPm
                0x00003de0       0x18 C:/Android/android-ndk-r8d/platforms/android-9/arch-arm/usr/lib/crtbegin_so.o
 .rel.data.rel.ro._ZTIm
                0x00003df8       0x10 C:/Android/android-ndk-r8d/platforms/android-9/arch-arm/usr/lib/crtbegin_so.o
 .rel.data.rel.ro._ZTIPKl
                0x00003e08       0x18 C:/Android/android-ndk-r8d/platforms/android-9/arch-arm/usr/lib/crtbegin_so.o
 .rel.data.rel.ro._ZTIPl
                0x00003e20       0x18 C:/Android/android-ndk-r8d/platforms/android-9/arch-arm/usr/lib/crtbegin_so.o
 .rel.data.rel.ro._ZTIl
                0x00003e38       0x10 C:/Android/android-ndk-r8d/platforms/android-9/arch-arm/usr/lib/crtbegin_so.o
 .rel.data.rel.ro._ZTIPKj
                0x00003e48       0x18 C:/Android/android-ndk-r8d/platforms/android-9/arch-arm/usr/lib/crtbegin_so.o
 .rel.data.rel.ro._ZTIPj
                0x00003e60       0x18 C:/Android/android-ndk-r8d/platforms/android-9/arch-arm/usr/lib/crtbegin_so.o
 .rel.data.rel.ro._ZTIj
                0x00003e78       0x10 C:/Android/android-ndk-r8d/platforms/android-9/arch-arm/usr/lib/crtbegin_so.o
 .rel.data.rel.ro._ZTIPKi
                0x00003e88       0x18 C:/Android/android-ndk-r8d/platforms/android-9/arch-arm/usr/lib/crtbegin_so.o
 .rel.data.rel.ro._ZTIPi
                0x00003ea0       0x18 C:/Android/android-ndk-r8d/platforms/android-9/arch-arm/usr/lib/crtbegin_so.o
 .rel.data.rel.ro._ZTIi
                0x00003eb8       0x10 C:/Android/android-ndk-r8d/platforms/android-9/arch-arm/usr/lib/crtbegin_so.o
 .rel.data.rel.ro._ZTIPKt
                0x00003ec8       0x18 C:/Android/android-ndk-r8d/platforms/android-9/arch-arm/usr/lib/crtbegin_so.o
 .rel.data.rel.ro._ZTIPt
                0x00003ee0       0x18 C:/Android/android-ndk-r8d/platforms/android-9/arch-arm/usr/lib/crtbegin_so.o
 .rel.data.rel.ro._ZTIt
                0x00003ef8       0x10 C:/Android/android-ndk-r8d/platforms/android-9/arch-arm/usr/lib/crtbegin_so.o
 .rel.data.rel.ro._ZTIPKs
                0x00003f08       0x18 C:/Android/android-ndk-r8d/platforms/android-9/arch-arm/usr/lib/crtbegin_so.o
 .rel.data.rel.ro._ZTIPs
                0x00003f20       0x18 C:/Android/android-ndk-r8d/platforms/android-9/arch-arm/usr/lib/crtbegin_so.o
 .rel.data.rel.ro._ZTIs
                0x00003f38       0x10 C:/Android/android-ndk-r8d/platforms/android-9/arch-arm/usr/lib/crtbegin_so.o
 .rel.data.rel.ro._ZTIPKh
                0x00003f48       0x18 C:/Android/android-ndk-r8d/platforms/android-9/arch-arm/usr/lib/crtbegin_so.o
 .rel.data.rel.ro._ZTIPh
                0x00003f60       0x18 C:/Android/android-ndk-r8d/platforms/android-9/arch-arm/usr/lib/crtbegin_so.o
 .rel.data.rel.ro._ZTIh
                0x00003f78       0x10 C:/Android/android-ndk-r8d/platforms/android-9/arch-arm/usr/lib/crtbegin_so.o
 .rel.data.rel.ro._ZTIPKa
                0x00003f88       0x18 C:/Android/android-ndk-r8d/platforms/android-9/arch-arm/usr/lib/crtbegin_so.o
 .rel.data.rel.ro._ZTIPa
                0x00003fa0       0x18 C:/Android/android-ndk-r8d/platforms/android-9/arch-arm/usr/lib/crtbegin_so.o
 .rel.data.rel.ro._ZTIa
                0x00003fb8       0x10 C:/Android/android-ndk-r8d/platforms/android-9/arch-arm/usr/lib/crtbegin_so.o
 .rel.data.rel.ro._ZTIPKc
                0x00003fc8       0x18 C:/Android/android-ndk-r8d/platforms/android-9/arch-arm/usr/lib/crtbegin_so.o
 .rel.data.rel.ro._ZTIPc
                0x00003fe0       0x18 C:/Android/android-ndk-r8d/platforms/android-9/arch-arm/usr/lib/crtbegin_so.o
 .rel.data.rel.ro._ZTIc
                0x00003ff8       0x10 C:/Android/android-ndk-r8d/platforms/android-9/arch-arm/usr/lib/crtbegin_so.o
 .rel.data.rel.ro._ZTIPKDi
                0x00004008       0x18 C:/Android/android-ndk-r8d/platforms/android-9/arch-arm/usr/lib/crtbegin_so.o
 .rel.data.rel.ro._ZTIPDi
                0x00004020       0x18 C:/Android/android-ndk-r8d/platforms/android-9/arch-arm/usr/lib/crtbegin_so.o
 .rel.data.rel.ro._ZTIDi
                0x00004038       0x10 C:/Android/android-ndk-r8d/platforms/android-9/arch-arm/usr/lib/crtbegin_so.o
 .rel.data.rel.ro._ZTIPKDs
                0x00004048       0x18 C:/Android/android-ndk-r8d/platforms/android-9/arch-arm/usr/lib/crtbegin_so.o
 .rel.data.rel.ro._ZTIPDs
                0x00004060       0x18 C:/Android/android-ndk-r8d/platforms/android-9/arch-arm/usr/lib/crtbegin_so.o
 .rel.data.rel.ro._ZTIDs
                0x00004078       0x10 C:/Android/android-ndk-r8d/platforms/android-9/arch-arm/usr/lib/crtbegin_so.o
 .rel.data.rel.ro._ZTIPKw
                0x00004088       0x18 C:/Android/android-ndk-r8d/platforms/android-9/arch-arm/usr/lib/crtbegin_so.o
 .rel.data.rel.ro._ZTIPw
                0x000040a0       0x18 C:/Android/android-ndk-r8d/platforms/android-9/arch-arm/usr/lib/crtbegin_so.o
 .rel.data.rel.ro._ZTIw
                0x000040b8       0x10 C:/Android/android-ndk-r8d/platforms/android-9/arch-arm/usr/lib/crtbegin_so.o
 .rel.data.rel.ro._ZTIPKb
                0x000040c8       0x18 C:/Android/android-ndk-r8d/platforms/android-9/arch-arm/usr/lib/crtbegin_so.o
 .rel.data.rel.ro._ZTIPb
                0x000040e0       0x18 C:/Android/android-ndk-r8d/platforms/android-9/arch-arm/usr/lib/crtbegin_so.o
 .rel.data.rel.ro._ZTIb
                0x000040f8       0x10 C:/Android/android-ndk-r8d/platforms/android-9/arch-arm/usr/lib/crtbegin_so.o
 .rel.data.rel.ro._ZTIPKv
                0x00004108       0x18 C:/Android/android-ndk-r8d/platforms/android-9/arch-arm/usr/lib/crtbegin_so.o
 .rel.data.rel.ro._ZTIPv
                0x00004120       0x18 C:/Android/android-ndk-r8d/platforms/android-9/arch-arm/usr/lib/crtbegin_so.o
 .rel.data.rel.ro._ZTIv
                0x00004138       0x10 C:/Android/android-ndk-r8d/platforms/android-9/arch-arm/usr/lib/crtbegin_so.o
 .rel.data.rel.ro._ZTVN10__cxxabiv123__fundamental_type_infoE
                0x00004148       0x38 C:/Android/android-ndk-r8d/platforms/android-9/arch-arm/usr/lib/crtbegin_so.o
 .rel.data.rel.ro._ZTIN10__cxxabiv123__fundamental_type_infoE
                0x00004180       0x18 C:/Android/android-ndk-r8d/platforms/android-9/arch-arm/usr/lib/crtbegin_so.o
 .rel.data.rel.ro._ZTISt9bad_alloc
                0x00004198       0x18 C:/Android/android-ndk-r8d/platforms/android-9/arch-arm/usr/lib/crtbegin_so.o
 .rel.data.rel.ro._ZTVSt9bad_alloc
                0x000041b0       0x20 C:/Android/android-ndk-r8d/platforms/android-9/arch-arm/usr/lib/crtbegin_so.o
 .rel.data.rel.ro._ZTIN10__cxxabiv119__pointer_type_infoE
                0x000041d0       0x18 C:/Android/android-ndk-r8d/platforms/android-9/arch-arm/usr/lib/crtbegin_so.o
 .rel.data.rel.ro._ZTVN10__cxxabiv119__pointer_type_infoE
                0x000041e8       0x40 C:/Android/android-ndk-r8d/platforms/android-9/arch-arm/usr/lib/crtbegin_so.o
 .rel.data.rel.ro._ZTVN10__cxxabiv120__si_class_type_infoE
                0x00004228       0x50 C:/Android/android-ndk-r8d/platforms/android-9/arch-arm/usr/lib/crtbegin_so.o
 .rel.data.rel.ro._ZTIN10__cxxabiv120__si_class_type_infoE
                0x00004278       0x18 C:/Android/android-ndk-r8d/platforms/android-9/arch-arm/usr/lib/crtbegin_so.o
 .rel.data.rel.ro._ZTVSt9type_info
                0x00000000        0x0 C:/Android/android-ndk-r8d/platforms/android-9/arch-arm/usr/lib/crtbegin_so.o
 .rel.data.rel.ro._ZTISt9type_info
                0x00004290       0x10 C:/Android/android-ndk-r8d/platforms/android-9/arch-arm/usr/lib/crtbegin_so.o
 .rel.data.rel.ro._ZTISt8bad_cast
                0x000042a0       0x18 C:/Android/android-ndk-r8d/platforms/android-9/arch-arm/usr/lib/crtbegin_so.o
 .rel.data.rel.ro._ZTVSt8bad_cast
                0x000042b8       0x20 C:/Android/android-ndk-r8d/platforms/android-9/arch-arm/usr/lib/crtbegin_so.o
 .rel.data.rel.ro._ZTVSt10bad_typeid
                0x000042d8       0x20 C:/Android/android-ndk-r8d/platforms/android-9/arch-arm/usr/lib/crtbegin_so.o
 .rel.data.rel.ro._ZTISt10bad_typeid
                0x000042f8       0x18 C:/Android/android-ndk-r8d/platforms/android-9/arch-arm/usr/lib/crtbegin_so.o
 .rel.data.rel.ro._ZTVN10__cxxabiv117__class_type_infoE
                0x00004310       0x50 C:/Android/android-ndk-r8d/platforms/android-9/arch-arm/usr/lib/crtbegin_so.o
 .rel.data.rel.ro._ZTIN10__cxxabiv117__class_type_infoE
                0x00004360       0x18 C:/Android/android-ndk-r8d/platforms/android-9/arch-arm/usr/lib/crtbegin_so.o
 .rel.data.rel.ro._ZTVN10__cxxabiv117__pbase_type_infoE
                0x00004378       0x40 C:/Android/android-ndk-r8d/platforms/android-9/arch-arm/usr/lib/crtbegin_so.o
 .rel.data.rel.ro._ZTIN10__cxxabiv117__pbase_type_infoE
                0x000043b8       0x18 C:/Android/android-ndk-r8d/platforms/android-9/arch-arm/usr/lib/crtbegin_so.o
 .rel.data.rel.ro.local
                0x000043d0      0x590 C:/Android/android-ndk-r8d/platforms/android-9/arch-arm/usr/lib/crtbegin_so.o
 *(.rel.data .rel.data.* .rel.gnu.linkonce.d.*)
 .rel.data.rel._ZN10__cxxabiv120__unexpected_handlerE
                0x00004960        0x8 C:/Android/android-ndk-r8d/platforms/android-9/arch-arm/usr/lib/crtbegin_so.o
 .rel.data.rel._ZN10__cxxabiv119__terminate_handlerE
                0x00004968        0x8 C:/Android/android-ndk-r8d/platforms/android-9/arch-arm/usr/lib/crtbegin_so.o
 *(.rel.tdata .rel.tdata.* .rel.gnu.linkonce.td.*)
 *(.rel.tbss .rel.tbss.* .rel.gnu.linkonce.tb.*)
 *(.rel.ctors)
 *(.rel.dtors)
 *(.rel.got)
 .rel.got       0x00004970      0x180 C:/Android/android-ndk-r8d/platforms/android-9/arch-arm/usr/lib/crtbegin_so.o
 *(.rel.bss .rel.bss.* .rel.gnu.linkonce.b.*)
 .rel.fini_array
                0x00004af0        0x8 C:/Android/android-ndk-r8d/platforms/android-9/arch-arm/usr/lib/crtbegin_so.o
 .rel.init_array
                0x00004af8       0x18 C:/Android/android-ndk-r8d/platforms/android-9/arch-arm/usr/lib/crtbegin_so.o

.rela.dyn
 *(.rela.init)
 *(.rela.text .rela.text.* .rela.gnu.linkonce.t.*)
 *(.rela.fini)
 *(.rela.rodata .rela.rodata.* .rela.gnu.linkonce.r.*)
 *(.rela.data .rela.data.* .rela.gnu.linkonce.d.*)
 *(.rela.tdata .rela.tdata.* .rela.gnu.linkonce.td.*)
 *(.rela.tbss .rela.tbss.* .rela.gnu.linkonce.tb.*)
 *(.rela.ctors)
 *(.rela.dtors)
 *(.rela.got)
 *(.rela.bss .rela.bss.* .rela.gnu.linkonce.b.*)

.rel.plt        0x00004b10      0x140
 *(.rel.plt)
 .rel.plt       0x00004b10      0x140 C:/Android/android-ndk-r8d/platforms/android-9/arch-arm/usr/lib/crtbegin_so.o

.rela.plt
 *(.rela.plt)

.init
 *(.init)

.plt            0x00004c50      0x1f4
 *(.plt)
 .plt           0x00004c50      0x1f4 C:/Android/android-ndk-r8d/platforms/android-9/arch-arm/usr/lib/crtbegin_so.o

.text           0x00004e44     0xc498
 *(.text .stub .text.* .gnu.linkonce.t.*)
 .text.exit     0x00004e44       0x10 C:/Android/android-ndk-r8d/platforms/android-9/arch-arm/usr/lib/crtbegin_so.o
                0x00004e44                __on_dlclose
 .text._ZN7_JNIEnv9FindClassEPKc
                0x00004e54       0x38 debug\s3ePlayhaven_platform.os
                0x00004e54                _JNIEnv::FindClass(char const*)
 .text._ZN7_JNIEnv17ExceptionOccurredEv
                0x00004e8c       0x30 debug\s3ePlayhaven_platform.os
                0x00004e8c                _JNIEnv::ExceptionOccurred()
 .text._ZN7_JNIEnv17ExceptionDescribeEv
                0x00004ebc       0x28 debug\s3ePlayhaven_platform.os
                0x00004ebc                _JNIEnv::ExceptionDescribe()
 .text._ZN7_JNIEnv14ExceptionClearEv
                0x00004ee4       0x28 debug\s3ePlayhaven_platform.os
                0x00004ee4                _JNIEnv::ExceptionClear()
 .text._ZN7_JNIEnv12NewGlobalRefEP8_jobject
                0x00004f0c       0x38 debug\s3ePlayhaven_platform.os
                0x00004f0c                _JNIEnv::NewGlobalRef(_jobject*)
 .text._ZN7_JNIEnv15DeleteGlobalRefEP8_jobject
                0x00004f44       0x30 debug\s3ePlayhaven_platform.os
                0x00004f44                _JNIEnv::DeleteGlobalRef(_jobject*)
 .text._ZN7_JNIEnv14DeleteLocalRefEP8_jobject
                0x00004f74       0x30 debug\s3ePlayhaven_platform.os
                0x00004f74                _JNIEnv::DeleteLocalRef(_jobject*)
 .text._ZN7_JNIEnv9NewObjectEP7_jclassP10_jmethodIDz
                0x00004fa4       0x5c debug\s3ePlayhaven_platform.os
                0x00004fa4                _JNIEnv::NewObject(_jclass*, _jmethodID*, ...)
 .text._ZN7_JNIEnv11GetMethodIDEP7_jclassPKcS3_
                0x00005000       0x48 debug\s3ePlayhaven_platform.os
                0x00005000                _JNIEnv::GetMethodID(_jclass*, char const*, char const*)
 .text._ZN7_JNIEnv13CallIntMethodEP8_jobjectP10_jmethodIDz
                0x00005048       0x5c debug\s3ePlayhaven_platform.os
                0x00005048                _JNIEnv::CallIntMethod(_jobject*, _jmethodID*, ...)
 .text._ZN7_JNIEnv14CallVoidMethodEP8_jobjectP10_jmethodIDz
                0x000050a4       0x4c debug\s3ePlayhaven_platform.os
                0x000050a4                _JNIEnv::CallVoidMethod(_jobject*, _jmethodID*, ...)
 .text._ZN7_JNIEnv10GetFieldIDEP7_jclassPKcS3_
                0x000050f0       0x48 debug\s3ePlayhaven_platform.os
                0x000050f0                _JNIEnv::GetFieldID(_jclass*, char const*, char const*)
 .text._ZN7_JNIEnv14GetObjectFieldEP8_jobjectP9_jfieldID
                0x00005138       0x40 debug\s3ePlayhaven_platform.os
                0x00005138                _JNIEnv::GetObjectField(_jobject*, _jfieldID*)
 .text._ZN7_JNIEnv11GetIntFieldEP8_jobjectP9_jfieldID
                0x00005178       0x40 debug\s3ePlayhaven_platform.os
                0x00005178                _JNIEnv::GetIntField(_jobject*, _jfieldID*)
 .text._ZN7_JNIEnv15GetStringLengthEP8_jstring
                0x000051b8       0x38 debug\s3ePlayhaven_platform.os
                0x000051b8                _JNIEnv::GetStringLength(_jstring*)
 .text._ZN7_JNIEnv12NewStringUTFEPKc
                0x000051f0       0x38 debug\s3ePlayhaven_platform.os
                0x000051f0                _JNIEnv::NewStringUTF(char const*)
 .text._ZN7_JNIEnv17GetStringUTFCharsEP8_jstringPh
                0x00005228       0x40 debug\s3ePlayhaven_platform.os
                0x00005228                _JNIEnv::GetStringUTFChars(_jstring*, unsigned char*)
 .text._ZN7_JNIEnv21ReleaseStringUTFCharsEP8_jstringPKc
                0x00005268       0x38 debug\s3ePlayhaven_platform.os
                0x00005268                _JNIEnv::ReleaseStringUTFChars(_jstring*, char const*)
 .text._ZN7_JNIEnv15RegisterNativesEP7_jclassPK15JNINativeMethodi
                0x000052a0       0x48 debug\s3ePlayhaven_platform.os
                0x000052a0                _JNIEnv::RegisterNatives(_jclass*, JNINativeMethod const*, int)
 .text._ZN7_JavaVM6GetEnvEPPvi
                0x000052e8       0x40 debug\s3ePlayhaven_platform.os
                0x000052e8                _JavaVM::GetEnv(void**, int)
 .text._ZL15s3eEdkJNIGetEnvv
                0x00005328       0x44 debug\s3ePlayhaven_platform.os
 .text._ZL27s3eEdkAndroidFindClass_realPKc
                0x0000536c       0xa4 debug\s3ePlayhaven_platform.os
 .text._ZL22s3eEdkAndroidFindClassPKc
                0x00005410       0x38 debug\s3ePlayhaven_platform.os
 .text._Z25s3ePlayhavenInit_platformv
                0x00005448      0x6b8 debug\s3ePlayhaven_platform.os
                0x00005448                s3ePlayhavenInit_platform()
 .text._Z30s3ePlayhavenTerminate_platformv
                0x00005b00        0x4 debug\s3ePlayhaven_platform.os
                0x00005b00                s3ePlayhavenTerminate_platform()
 .text._Z33s3ePlayhavenInitWithKeys_platformPKcS0_
                0x00005b04       0x90 debug\s3ePlayhaven_platform.os
                0x00005b04                s3ePlayhavenInitWithKeys_platform(char const*, char const*)
 .text._Z30s3ePHRegisterCallback_platform17s3ePHCallbackTypePFiPvS0_ES0_
                0x00005b94       0x48 debug\s3ePlayhaven_platform.os
                0x00005b94                s3ePHRegisterCallback_platform(s3ePHCallbackType, int (*)(void*, void*), void*)
 .text._Z25s3ePHSendAppOpen_platformPKc
                0x00005bdc       0x68 debug\s3ePlayhaven_platform.os
                0x00005bdc                s3ePHSendAppOpen_platform(char const*)
 .text._Z32s3ePHSendContentRequest_platformPKcb
                0x00005c44       0x78 debug\s3ePlayhaven_platform.os
                0x00005c44                s3ePHSendContentRequest_platform(char const*, bool)
 .text._Z35s3ePHPreloadContentRequest_platformPKc
                0x00005cbc       0x68 debug\s3ePlayhaven_platform.os
                0x00005cbc                s3ePHPreloadContentRequest_platform(char const*)
 .text._Z38s3ePHCancelAllContentRequests_platformv
                0x00005d24       0x4c debug\s3ePlayhaven_platform.os
                0x00005d24                s3ePHCancelAllContentRequests_platform()
 .text._Z30s3ePHReportResolution_platform27s3ePHPurchaseResolutionType
                0x00005d70       0x4c debug\s3ePlayhaven_platform.os
                0x00005d70                s3ePHReportResolution_platform(s3ePHPurchaseResolutionType)
 .text._Z45s3ePHSendPublisherIAPTrackingRequest_platformPKci27s3ePHPurchaseResolutionType
                0x00005dbc       0x80 debug\s3ePlayhaven_platform.os
                0x00005dbc                s3ePHSendPublisherIAPTrackingRequest_platform(char const*, int, s3ePHPurchaseResolutionType)
 .text._Z34s3ePHShowNotificationView_platformiibb
                0x00005e3c       0x80 debug\s3ePlayhaven_platform.os
                0x00005e3c                s3ePHShowNotificationView_platform(int, int, bool, bool)
 .text._Z35s3ePHClearNotificationView_platformv
                0x00005ebc       0x4c debug\s3ePlayhaven_platform.os
                0x00005ebc                s3ePHClearNotificationView_platform()
 .text._Z37s3ePHRefreshNotificationView_platformb
                0x00005f08       0x50 debug\s3ePlayhaven_platform.os
                0x00005f08                s3ePHRefreshNotificationView_platform(bool)
 .text._Z29s3ePHSetOptOutStatus_platformb
                0x00005f58       0x50 debug\s3ePlayhaven_platform.os
                0x00005f58                s3ePHSetOptOutStatus_platform(bool)
 .text._ZL13jstringToCharP7_JNIEnvP8_jstring
                0x00005fa8       0xa0 debug\s3ePlayhaven_platform.os
 .text._Z19StringFieldAccessorP7_JNIEnvP7_jclassPKcP8_jobject
                0x00006048      0x144 debug\s3ePlayhaven_platform.os
                0x00006048                StringFieldAccessor(_JNIEnv*, _jclass*, char const*, _jobject*)
 .text._Z16IntFieldAccessorP7_JNIEnvP7_jclassPKcP8_jobject
                0x0000618c      0x124 debug\s3ePlayhaven_platform.os
                0x0000618c                IntFieldAccessor(_JNIEnv*, _jclass*, char const*, _jobject*)
 .text._ZL27s3ePH_ReleaseStringCallbackjiPvS_iS_
                0x000062b0       0x5c debug\s3ePlayhaven_platform.os
 .text._ZL37s3ePH_ReleasePublisherContentCallbackjiPvS_iS_
                0x0000630c      0x110 debug\s3ePlayhaven_platform.os
 .text._ZL27s3ePH_ReleaseRewardCallbackjiPvS_iS_
                0x0000641c       0xb0 debug\s3ePlayhaven_platform.os
 .text._ZL29s3ePH_ReleasePurchaseCallbackjiPvS_iS_
                0x000064cc       0xb0 debug\s3ePlayhaven_platform.os
 .text._Z26s3ePH_contentStartCallbackP7_JNIEnvP8_jobjectS2_
                0x0000657c       0x88 debug\s3ePlayhaven_platform.os
                0x0000657c                s3ePH_contentStartCallback(_JNIEnv*, _jobject*, _jobject*)
 .text._Z29s3ePH_contentReceivedCallbackP7_JNIEnvP8_jobjectS2_
                0x00006604       0x88 debug\s3ePlayhaven_platform.os
                0x00006604                s3ePH_contentReceivedCallback(_JNIEnv*, _jobject*, _jobject*)
 .text._Z32s3ePH_contentWillDisplayCallbackP7_JNIEnvP8_jobjectS2_
                0x0000668c      0x1e4 debug\s3ePlayhaven_platform.os
                0x0000668c                s3ePH_contentWillDisplayCallback(_JNIEnv*, _jobject*, _jobject*)
 .text._Z31s3ePH_contentDidDisplayCallbackP7_JNIEnvP8_jobjectS2_
                0x00006870      0x1e4 debug\s3ePlayhaven_platform.os
                0x00006870                s3ePH_contentDidDisplayCallback(_JNIEnv*, _jobject*, _jobject*)
 .text._Z31s3ePH_contentDismissingCallbackP7_JNIEnvP8_jobjectS2_
                0x00006a54      0x1e4 debug\s3ePlayhaven_platform.os
                0x00006a54                s3ePH_contentDismissingCallback(_JNIEnv*, _jobject*, _jobject*)
 .text._Z27s3ePH_contentFailedCallbackP7_JNIEnvP8_jobjectS2_
                0x00006c38       0x88 debug\s3ePlayhaven_platform.os
                0x00006c38                s3ePH_contentFailedCallback(_JNIEnv*, _jobject*, _jobject*)
 .text._Z33s3ePH_contentUnlockRewardCallbackP7_JNIEnvP8_jobjectS2_
                0x00006cc0      0x178 debug\s3ePlayhaven_platform.os
                0x00006cc0                s3ePH_contentUnlockRewardCallback(_JNIEnv*, _jobject*, _jobject*)
 .text._Z33s3ePH_contentMakePurchaseCallbackP7_JNIEnvP8_jobjectS2_
                0x00006e38      0x178 debug\s3ePlayhaven_platform.os
                0x00006e38                s3ePH_contentMakePurchaseCallback(_JNIEnv*, _jobject*, _jobject*)
 .text._Z16s3ePlayhavenInitv
                0x00006fb0       0x14 debug\s3ePlayhaven.os
                0x00006fb0                s3ePlayhavenInit()
 .text._Z21s3ePlayhavenTerminatev
                0x00006fc4        0xc debug\s3ePlayhaven.os
                0x00006fc4                s3ePlayhavenTerminate()
 .text.s3ePlayhavenInitWithKeys
                0x00006fd0       0x2c debug\s3ePlayhaven.os
                0x00006fd0                s3ePlayhavenInitWithKeys
 .text.s3ePHRegisterCallback
                0x00006ffc       0x2c debug\s3ePlayhaven.os
                0x00006ffc                s3ePHRegisterCallback
 .text.s3ePHSendAppOpen
                0x00007028       0x1c debug\s3ePlayhaven.os
                0x00007028                s3ePHSendAppOpen
 .text.s3ePHSendContentRequest
                0x00007044       0x2c debug\s3ePlayhaven.os
                0x00007044                s3ePHSendContentRequest
 .text.s3ePHPreloadContentRequest
                0x00007070       0x1c debug\s3ePlayhaven.os
                0x00007070                s3ePHPreloadContentRequest
 .text.s3ePHCancelAllContentRequests
                0x0000708c        0xc debug\s3ePlayhaven.os
                0x0000708c                s3ePHCancelAllContentRequests
 .text.s3ePHReportResolution
                0x00007098       0x1c debug\s3ePlayhaven.os
                0x00007098                s3ePHReportResolution
 .text.s3ePHSendPublisherIAPTrackingRequest
                0x000070b4       0x2c debug\s3ePlayhaven.os
                0x000070b4                s3ePHSendPublisherIAPTrackingRequest
 .text.s3ePHShowNotificationView
                0x000070e0       0x3c debug\s3ePlayhaven.os
                0x000070e0                s3ePHShowNotificationView
 .text.s3ePHClearNotificationView
                0x0000711c        0xc debug\s3ePlayhaven.os
                0x0000711c                s3ePHClearNotificationView
 .text.s3ePHRefreshNotificationView
                0x00007128       0x24 debug\s3ePlayhaven.os
                0x00007128                s3ePHRefreshNotificationView
 .text.s3ePHSetOptOutStatus
                0x0000714c       0x24 debug\s3ePlayhaven.os
                0x0000714c                s3ePHSetOptOutStatus
 .text._ZL29s3ePlayhavenInitWithKeys_wrapPKcS0_
                0x00007170       0xa8 debug\s3ePlayhaven_register.os
 .text._ZL21s3ePHSendAppOpen_wrapPKc
                0x00007218       0x98 debug\s3ePlayhaven_register.os
 .text._ZL28s3ePHSendContentRequest_wrapPKcb
                0x000072b0       0xa8 debug\s3ePlayhaven_register.os
 .text._ZL31s3ePHPreloadContentRequest_wrapPKc
                0x00007358       0x98 debug\s3ePlayhaven_register.os
 .text._ZL34s3ePHCancelAllContentRequests_wrapv
                0x000073f0       0x88 debug\s3ePlayhaven_register.os
 .text._ZL26s3ePHReportResolution_wrap27s3ePHPurchaseResolutionType
                0x00007478       0xa0 debug\s3ePlayhaven_register.os
 .text._ZL41s3ePHSendPublisherIAPTrackingRequest_wrapPKci27s3ePHPurchaseResolutionType
                0x00007518       0xac debug\s3ePlayhaven_register.os
 .text._ZL30s3ePHShowNotificationView_wrapiibb
                0x000075c4       0xc0 debug\s3ePlayhaven_register.os
 .text._ZL31s3ePHClearNotificationView_wrapv
                0x00007684       0x88 debug\s3ePlayhaven_register.os
 .text._ZL25s3ePHSetOptOutStatus_wrapb
                0x0000770c       0xa4 debug\s3ePlayhaven_register.os
 .text._Z23s3ePlayhavenRegisterExtv
                0x000077b0      0x1bc debug\s3ePlayhaven_register.os
                0x000077b0                s3ePlayhavenRegisterExt()
 .text.RegisterExt
                0x0000796c        0xc debug\s3ePlayhaven_register.os
                0x0000796c                RegisterExt
 .text.IwDebugTraceSetTraceChannel
                0x00007978       0x1c C:\marmalade\6.1\s3e\edk\lib\android\libedk.a(IwDebug.o)
                0x00007978                IwDebugTraceSetTraceChannel
 .text._GLOBAL__I_D__sdkbuild_sdk_6.1_modules_iwcore_source_IwDebug.cpp
                0x00007994       0xa4 C:\marmalade\6.1\s3e\edk\lib\android\libedk.a(IwDebug.o)
 .text.IwDebugTraceIsChannelOn
                0x00007a38      0x2b8 C:\marmalade\6.1\s3e\edk\lib\android\libedk.a(IwDebug.o)
                0x00007a38                IwDebugTraceIsChannelOn
 .text.IwDebugTraceLinePrintf
                0x00007cf0      0x10c C:\marmalade\6.1\s3e\edk\lib\android\libedk.a(IwDebug.o)
                0x00007cf0                IwDebugTraceLinePrintf
 .text.s3eEdkThreadRunOnOS
                0x00007dfc       0x30 C:\marmalade\6.1\s3e\edk\lib\android\libedk.a(edk_helpers.o)
                0x00007dfc                s3eEdkThreadRunOnOS
 .text._ZdaPv   0x00007e2c        0x4 C:\Android\android-ndk-r8d\sources\cxx-stl\gnu-libstdc++\4.4.3\libs\armeabi\libgnustl_static.a(del_opv.o)
                0x00007e2c                operator delete[](void*)
 .text._Znwj    0x00007e30       0xb4 C:\Android\android-ndk-r8d\sources\cxx-stl\gnu-libstdc++\4.4.3\libs\armeabi\libgnustl_static.a(new_op.o)
                0x00007e30                operator new(unsigned int)
 .text._Znaj    0x00007ee4       0x1c C:\Android\android-ndk-r8d\sources\cxx-stl\gnu-libstdc++\4.4.3\libs\armeabi\libgnustl_static.a(new_opv.o)
                0x00007ee4                operator new[](unsigned int)
 .text._ZdlPv   0x00007f00        0xc C:\Android\android-ndk-r8d\sources\cxx-stl\gnu-libstdc++\4.4.3\libs\armeabi\libgnustl_static.a(del_op.o)
                0x00007f00                operator delete(void*)
 .text._ZNK9__gnu_cxx24__concurrence_lock_error4whatEv
                0x00007f0c       0x10 C:\Android\android-ndk-r8d\sources\cxx-stl\gnu-libstdc++\4.4.3\libs\armeabi\libgnustl_static.a(eh_alloc.o)
                0x00007f0c                __gnu_cxx::__concurrence_lock_error::what() const
 .text._ZNK9__gnu_cxx26__concurrence_unlock_error4whatEv
                0x00007f1c       0x10 C:\Android\android-ndk-r8d\sources\cxx-stl\gnu-libstdc++\4.4.3\libs\armeabi\libgnustl_static.a(eh_alloc.o)
                0x00007f1c                __gnu_cxx::__concurrence_unlock_error::what() const
 .text._GLOBAL__I_eh_alloc.cc
                0x00007f2c       0x28 C:\Android\android-ndk-r8d\sources\cxx-stl\gnu-libstdc++\4.4.3\libs\armeabi\libgnustl_static.a(eh_alloc.o)
 .text._ZN9__gnu_cxx24__concurrence_lock_errorD1Ev
                0x00007f54       0x28 C:\Android\android-ndk-r8d\sources\cxx-stl\gnu-libstdc++\4.4.3\libs\armeabi\libgnustl_static.a(eh_alloc.o)
                0x00007f54                __gnu_cxx::__concurrence_lock_error::~__concurrence_lock_error()
 .text._ZN9__gnu_cxx26__concurrence_unlock_errorD1Ev
                0x00007f7c       0x28 C:\Android\android-ndk-r8d\sources\cxx-stl\gnu-libstdc++\4.4.3\libs\armeabi\libgnustl_static.a(eh_alloc.o)
                0x00007f7c                __gnu_cxx::__concurrence_unlock_error::~__concurrence_unlock_error()
 .text._ZN9__gnu_cxx13__scoped_lockD1Ev
                0x00007fa4       0x68 C:\Android\android-ndk-r8d\sources\cxx-stl\gnu-libstdc++\4.4.3\libs\armeabi\libgnustl_static.a(eh_alloc.o)
                0x00007fa4                __gnu_cxx::__scoped_lock::~__scoped_lock()
 .text._ZN9__gnu_cxx26__concurrence_unlock_errorD0Ev
                0x0000800c       0x30 C:\Android\android-ndk-r8d\sources\cxx-stl\gnu-libstdc++\4.4.3\libs\armeabi\libgnustl_static.a(eh_alloc.o)
                0x0000800c                __gnu_cxx::__concurrence_unlock_error::~__concurrence_unlock_error()
 .text._ZN9__gnu_cxx24__concurrence_lock_errorD0Ev
                0x0000803c       0x30 C:\Android\android-ndk-r8d\sources\cxx-stl\gnu-libstdc++\4.4.3\libs\armeabi\libgnustl_static.a(eh_alloc.o)
                0x0000803c                __gnu_cxx::__concurrence_lock_error::~__concurrence_lock_error()
 .text.__cxa_free_dependent_exception
                0x0000806c      0x124 C:\Android\android-ndk-r8d\sources\cxx-stl\gnu-libstdc++\4.4.3\libs\armeabi\libgnustl_static.a(eh_alloc.o)
                0x0000806c                __cxa_free_dependent_exception
 .text.__cxa_free_exception
                0x00008190      0x11c C:\Android\android-ndk-r8d\sources\cxx-stl\gnu-libstdc++\4.4.3\libs\armeabi\libgnustl_static.a(eh_alloc.o)
                0x00008190                __cxa_free_exception
 .text.__cxa_allocate_dependent_exception
                0x000082ac      0x18c C:\Android\android-ndk-r8d\sources\cxx-stl\gnu-libstdc++\4.4.3\libs\armeabi\libgnustl_static.a(eh_alloc.o)
                0x000082ac                __cxa_allocate_dependent_exception
 .text.__cxa_allocate_exception
                0x00008438      0x18c C:\Android\android-ndk-r8d\sources\cxx-stl\gnu-libstdc++\4.4.3\libs\armeabi\libgnustl_static.a(eh_alloc.o)
                0x00008438                __cxa_allocate_exception
 .text          0x000085c4       0x10 C:\Android\android-ndk-r8d\sources\cxx-stl\gnu-libstdc++\4.4.3\libs\armeabi\libgnustl_static.a(eh_arm.o)
                0x000085c4                __cxa_end_cleanup
 .text.__cxa_type_match
                0x000085d4      0x1ac C:\Android\android-ndk-r8d\sources\cxx-stl\gnu-libstdc++\4.4.3\libs\armeabi\libgnustl_static.a(eh_arm.o)
                0x000085d4                __cxa_type_match
 .text.__cxa_begin_cleanup
                0x00008780       0xb4 C:\Android\android-ndk-r8d\sources\cxx-stl\gnu-libstdc++\4.4.3\libs\armeabi\libgnustl_static.a(eh_arm.o)
                0x00008780                __cxa_begin_cleanup
 .text.__gnu_end_cleanup
                0x00008834       0xb4 C:\Android\android-ndk-r8d\sources\cxx-stl\gnu-libstdc++\4.4.3\libs\armeabi\libgnustl_static.a(eh_arm.o)
                0x00008834                __gnu_end_cleanup
 .text.__cxa_bad_typeid
                0x000088e8       0x48 C:\Android\android-ndk-r8d\sources\cxx-stl\gnu-libstdc++\4.4.3\libs\armeabi\libgnustl_static.a(eh_aux_runtime.o)
                0x000088e8                __cxa_bad_typeid
 .text.__cxa_bad_cast
                0x00008930       0x48 C:\Android\android-ndk-r8d\sources\cxx-stl\gnu-libstdc++\4.4.3\libs\armeabi\libgnustl_static.a(eh_aux_runtime.o)
                0x00008930                __cxa_bad_cast
 .text.__cxa_call_terminate
                0x00008978       0x7c C:\Android\android-ndk-r8d\sources\cxx-stl\gnu-libstdc++\4.4.3\libs\armeabi\libgnustl_static.a(eh_call.o)
                0x00008978                __cxa_call_terminate
 .text.__cxa_call_unexpected
                0x000089f4      0x1d0 C:\Android\android-ndk-r8d\sources\cxx-stl\gnu-libstdc++\4.4.3\libs\armeabi\libgnustl_static.a(eh_call.o)
                0x000089f4                __cxa_call_unexpected
 .text.__cxa_get_exception_ptr
                0x00008bc4        0x8 C:\Android\android-ndk-r8d\sources\cxx-stl\gnu-libstdc++\4.4.3\libs\armeabi\libgnustl_static.a(eh_catch.o)
                0x00008bc4                __cxa_get_exception_ptr
 .text._ZSt18uncaught_exceptionv
                0x00008bcc       0x18 C:\Android\android-ndk-r8d\sources\cxx-stl\gnu-libstdc++\4.4.3\libs\armeabi\libgnustl_static.a(eh_catch.o)
                0x00008bcc                std::uncaught_exception()
 .text.__cxa_end_catch
                0x00008be4       0xdc C:\Android\android-ndk-r8d\sources\cxx-stl\gnu-libstdc++\4.4.3\libs\armeabi\libgnustl_static.a(eh_catch.o)
                0x00008be4                __cxa_end_catch
 .text.__cxa_begin_catch
                0x00008cc0       0xdc C:\Android\android-ndk-r8d\sources\cxx-stl\gnu-libstdc++\4.4.3\libs\armeabi\libgnustl_static.a(eh_catch.o)
                0x00008cc0                __cxa_begin_catch
 .text._ZNSt9exceptionD2Ev
                0x00008d9c        0x4 C:\Android\android-ndk-r8d\sources\cxx-stl\gnu-libstdc++\4.4.3\libs\armeabi\libgnustl_static.a(eh_exception.o)
                0x00008d9c                std::exception::~exception()
 .text._ZNSt9exceptionD1Ev
                0x00008da0        0x4 C:\Android\android-ndk-r8d\sources\cxx-stl\gnu-libstdc++\4.4.3\libs\armeabi\libgnustl_static.a(eh_exception.o)
                0x00008da0                std::exception::~exception()
 .text._ZNSt13bad_exceptionD2Ev
                0x00008da4       0x34 C:\Android\android-ndk-r8d\sources\cxx-stl\gnu-libstdc++\4.4.3\libs\armeabi\libgnustl_static.a(eh_exception.o)
                0x00008da4                std::bad_exception::~bad_exception()
 .text._ZNSt13bad_exceptionD1Ev
                0x00008dd8       0x34 C:\Android\android-ndk-r8d\sources\cxx-stl\gnu-libstdc++\4.4.3\libs\armeabi\libgnustl_static.a(eh_exception.o)
                0x00008dd8                std::bad_exception::~bad_exception()
 .text._ZN10__cxxabiv115__forced_unwindD2Ev
                0x00008e0c        0x4 C:\Android\android-ndk-r8d\sources\cxx-stl\gnu-libstdc++\4.4.3\libs\armeabi\libgnustl_static.a(eh_exception.o)
                0x00008e0c                __cxxabiv1::__forced_unwind::~__forced_unwind()
 .text._ZN10__cxxabiv115__forced_unwindD1Ev
                0x00008e10        0x4 C:\Android\android-ndk-r8d\sources\cxx-stl\gnu-libstdc++\4.4.3\libs\armeabi\libgnustl_static.a(eh_exception.o)
                0x00008e10                __cxxabiv1::__forced_unwind::~__forced_unwind()
 .text._ZN10__cxxabiv119__foreign_exceptionD2Ev
                0x00008e14        0x4 C:\Android\android-ndk-r8d\sources\cxx-stl\gnu-libstdc++\4.4.3\libs\armeabi\libgnustl_static.a(eh_exception.o)
                0x00008e14                __cxxabiv1::__foreign_exception::~__foreign_exception()
 .text._ZN10__cxxabiv119__foreign_exceptionD1Ev
                0x00008e18        0x4 C:\Android\android-ndk-r8d\sources\cxx-stl\gnu-libstdc++\4.4.3\libs\armeabi\libgnustl_static.a(eh_exception.o)
                0x00008e18                __cxxabiv1::__foreign_exception::~__foreign_exception()
 .text._ZNKSt9exception4whatEv
                0x00008e1c       0x10 C:\Android\android-ndk-r8d\sources\cxx-stl\gnu-libstdc++\4.4.3\libs\armeabi\libgnustl_static.a(eh_exception.o)
                0x00008e1c                std::exception::what() const
 .text._ZNKSt13bad_exception4whatEv
                0x00008e2c       0x10 C:\Android\android-ndk-r8d\sources\cxx-stl\gnu-libstdc++\4.4.3\libs\armeabi\libgnustl_static.a(eh_exception.o)
                0x00008e2c                std::bad_exception::what() const
 .text._ZN10__cxxabiv119__foreign_exceptionD0Ev
                0x00008e3c       0x1c C:\Android\android-ndk-r8d\sources\cxx-stl\gnu-libstdc++\4.4.3\libs\armeabi\libgnustl_static.a(eh_exception.o)
                0x00008e3c                __cxxabiv1::__foreign_exception::~__foreign_exception()
 .text._ZN10__cxxabiv115__forced_unwindD0Ev
                0x00008e58       0x1c C:\Android\android-ndk-r8d\sources\cxx-stl\gnu-libstdc++\4.4.3\libs\armeabi\libgnustl_static.a(eh_exception.o)
                0x00008e58                __cxxabiv1::__forced_unwind::~__forced_unwind()
 .text._ZNSt9exceptionD0Ev
                0x00008e74       0x1c C:\Android\android-ndk-r8d\sources\cxx-stl\gnu-libstdc++\4.4.3\libs\armeabi\libgnustl_static.a(eh_exception.o)
                0x00008e74                std::exception::~exception()
 .text._ZNSt13bad_exceptionD0Ev
                0x00008e90       0x1c C:\Android\android-ndk-r8d\sources\cxx-stl\gnu-libstdc++\4.4.3\libs\armeabi\libgnustl_static.a(eh_exception.o)
                0x00008e90                std::bad_exception::~bad_exception()
 .text._GLOBAL__I_eh_globals.cc
                0x00008eac       0x5c C:\Android\android-ndk-r8d\sources\cxx-stl\gnu-libstdc++\4.4.3\libs\armeabi\libgnustl_static.a(eh_globals.o)
 .text._ZL15eh_globals_dtorPv
                0x00008f08       0x38 C:\Android\android-ndk-r8d\sources\cxx-stl\gnu-libstdc++\4.4.3\libs\armeabi\libgnustl_static.a(eh_globals.o)
 .text._ZN17__eh_globals_initD1Ev
                0x00008f40       0x34 C:\Android\android-ndk-r8d\sources\cxx-stl\gnu-libstdc++\4.4.3\libs\armeabi\libgnustl_static.a(eh_globals.o)
                0x00008f40                __eh_globals_init::~__eh_globals_init()
 .text.__cxa_get_globals_fast
                0x00008f74       0x48 C:\Android\android-ndk-r8d\sources\cxx-stl\gnu-libstdc++\4.4.3\libs\armeabi\libgnustl_static.a(eh_globals.o)
                0x00008f74                __cxa_get_globals_fast
 .text.__cxa_get_globals
                0x00008fbc       0x90 C:\Android\android-ndk-r8d\sources\cxx-stl\gnu-libstdc++\4.4.3\libs\armeabi\libgnustl_static.a(eh_globals.o)
                0x00008fbc                __cxa_get_globals
 .text._ZL12read_sleb128PKhPl
                0x0000904c       0x44 C:\Android\android-ndk-r8d\sources\cxx-stl\gnu-libstdc++\4.4.3\libs\armeabi\libgnustl_static.a(eh_personality.o)
 .text._ZL21base_of_encoded_valuehP15_Unwind_Context
                0x00009090       0x78 C:\Android\android-ndk-r8d\sources\cxx-stl\gnu-libstdc++\4.4.3\libs\armeabi\libgnustl_static.a(eh_personality.o)
 .text._ZL17parse_lsda_headerP15_Unwind_ContextPKhP16lsda_header_info
                0x00009108      0x214 C:\Android\android-ndk-r8d\sources\cxx-stl\gnu-libstdc++\4.4.3\libs\armeabi\libgnustl_static.a(eh_personality.o)
 .text.__gxx_personality_v0
                0x0000931c      0x9d4 C:\Android\android-ndk-r8d\sources\cxx-stl\gnu-libstdc++\4.4.3\libs\armeabi\libgnustl_static.a(eh_personality.o)
                0x0000931c                __gxx_personality_v0
 .text._ZSt13set_terminatePFvvE
                0x00009cf0       0x2c C:\Android\android-ndk-r8d\sources\cxx-stl\gnu-libstdc++\4.4.3\libs\armeabi\libgnustl_static.a(eh_terminate.o)
                0x00009cf0                std::set_terminate(void (*)())
 .text._ZSt14set_unexpectedPFvvE
                0x00009d1c       0x2c C:\Android\android-ndk-r8d\sources\cxx-stl\gnu-libstdc++\4.4.3\libs\armeabi\libgnustl_static.a(eh_terminate.o)
                0x00009d1c                std::set_unexpected(void (*)())
 .text._ZN10__cxxabiv111__terminateEPFvvE
                0x00009d48       0x28 C:\Android\android-ndk-r8d\sources\cxx-stl\gnu-libstdc++\4.4.3\libs\armeabi\libgnustl_static.a(eh_terminate.o)
                0x00009d48                __cxxabiv1::__terminate(void (*)())
 .text._ZSt9terminatev
                0x00009d70       0x1c C:\Android\android-ndk-r8d\sources\cxx-stl\gnu-libstdc++\4.4.3\libs\armeabi\libgnustl_static.a(eh_terminate.o)
                0x00009d70                std::terminate()
 .text._ZN10__cxxabiv112__unexpectedEPFvvE
                0x00009d8c       0x10 C:\Android\android-ndk-r8d\sources\cxx-stl\gnu-libstdc++\4.4.3\libs\armeabi\libgnustl_static.a(eh_terminate.o)
                0x00009d8c                __cxxabiv1::__unexpected(void (*)())
 .text._ZSt10unexpectedv
                0x00009d9c       0x1c C:\Android\android-ndk-r8d\sources\cxx-stl\gnu-libstdc++\4.4.3\libs\armeabi\libgnustl_static.a(eh_terminate.o)
                0x00009d9c                std::unexpected()
 .text.__cxa_rethrow
                0x00009db8       0xb8 C:\Android\android-ndk-r8d\sources\cxx-stl\gnu-libstdc++\4.4.3\libs\armeabi\libgnustl_static.a(eh_throw.o)
                0x00009db8                __cxa_rethrow
 .text.__cxa_throw
                0x00009e70       0xa4 C:\Android\android-ndk-r8d\sources\cxx-stl\gnu-libstdc++\4.4.3\libs\armeabi\libgnustl_static.a(eh_throw.o)
                0x00009e70                __cxa_throw
 .text._ZL23__gxx_exception_cleanup19_Unwind_Reason_CodeP21_Unwind_Control_Block
                0x00009f14       0x44 C:\Android\android-ndk-r8d\sources\cxx-stl\gnu-libstdc++\4.4.3\libs\armeabi\libgnustl_static.a(eh_throw.o)
 .text._ZN10__cxxabiv123__fundamental_type_infoD1Ev
                0x00009f58       0x34 C:\Android\android-ndk-r8d\sources\cxx-stl\gnu-libstdc++\4.4.3\libs\armeabi\libgnustl_static.a(fundamental_type_info.o)
                0x00009f58                __cxxabiv1::__fundamental_type_info::~__fundamental_type_info()
 .text._ZN10__cxxabiv123__fundamental_type_infoD0Ev
                0x00009f8c       0x1c C:\Android\android-ndk-r8d\sources\cxx-stl\gnu-libstdc++\4.4.3\libs\armeabi\libgnustl_static.a(fundamental_type_info.o)
                0x00009f8c                __cxxabiv1::__fundamental_type_info::~__fundamental_type_info()
 .text._ZN10__cxxabiv123__fundamental_type_infoD2Ev
                0x00009fa8       0x34 C:\Android\android-ndk-r8d\sources\cxx-stl\gnu-libstdc++\4.4.3\libs\armeabi\libgnustl_static.a(fundamental_type_info.o)
                0x00009fa8                __cxxabiv1::__fundamental_type_info::~__fundamental_type_info()
 .text._ZSt15set_new_handlerPFvvE
                0x00009fdc       0x1c C:\Android\android-ndk-r8d\sources\cxx-stl\gnu-libstdc++\4.4.3\libs\armeabi\libgnustl_static.a(new_handler.o)
                0x00009fdc                std::set_new_handler(void (*)())
 .text._ZNKSt9bad_alloc4whatEv
                0x00009ff8       0x10 C:\Android\android-ndk-r8d\sources\cxx-stl\gnu-libstdc++\4.4.3\libs\armeabi\libgnustl_static.a(new_handler.o)
                0x00009ff8                std::bad_alloc::what() const
 .text._ZNSt9bad_allocD1Ev
                0x0000a008       0x34 C:\Android\android-ndk-r8d\sources\cxx-stl\gnu-libstdc++\4.4.3\libs\armeabi\libgnustl_static.a(new_handler.o)
                0x0000a008                std::bad_alloc::~bad_alloc()
 .text._ZNSt9bad_allocD0Ev
                0x0000a03c       0x1c C:\Android\android-ndk-r8d\sources\cxx-stl\gnu-libstdc++\4.4.3\libs\armeabi\libgnustl_static.a(new_handler.o)
                0x0000a03c                std::bad_alloc::~bad_alloc()
 .text._ZNSt9bad_allocD2Ev
                0x0000a058       0x34 C:\Android\android-ndk-r8d\sources\cxx-stl\gnu-libstdc++\4.4.3\libs\armeabi\libgnustl_static.a(new_handler.o)
                0x0000a058                std::bad_alloc::~bad_alloc()
 .text._ZNK10__cxxabiv119__pointer_type_info14__is_pointer_pEv
                0x0000a08c        0x8 C:\Android\android-ndk-r8d\sources\cxx-stl\gnu-libstdc++\4.4.3\libs\armeabi\libgnustl_static.a(pointer_type_info.o)
                0x0000a08c                __cxxabiv1::__pointer_type_info::__is_pointer_p() const
 .text._ZNK10__cxxabiv119__pointer_type_info15__pointer_catchEPKNS_17__pbase_type_infoEPPvj
                0x0000a094       0x88 C:\Android\android-ndk-r8d\sources\cxx-stl\gnu-libstdc++\4.4.3\libs\armeabi\libgnustl_static.a(pointer_type_info.o)
                0x0000a094                __cxxabiv1::__pointer_type_info::__pointer_catch(__cxxabiv1::__pbase_type_info const*, void**, unsigned int) const
 .text._ZN10__cxxabiv119__pointer_type_infoD1Ev
                0x0000a11c       0x34 C:\Android\android-ndk-r8d\sources\cxx-stl\gnu-libstdc++\4.4.3\libs\armeabi\libgnustl_static.a(pointer_type_info.o)
                0x0000a11c                __cxxabiv1::__pointer_type_info::~__pointer_type_info()
 .text._ZN10__cxxabiv119__pointer_type_infoD0Ev
                0x0000a150       0x1c C:\Android\android-ndk-r8d\sources\cxx-stl\gnu-libstdc++\4.4.3\libs\armeabi\libgnustl_static.a(pointer_type_info.o)
                0x0000a150                __cxxabiv1::__pointer_type_info::~__pointer_type_info()
 .text._ZN10__cxxabiv119__pointer_type_infoD2Ev
                0x0000a16c       0x34 C:\Android\android-ndk-r8d\sources\cxx-stl\gnu-libstdc++\4.4.3\libs\armeabi\libgnustl_static.a(pointer_type_info.o)
                0x0000a16c                __cxxabiv1::__pointer_type_info::~__pointer_type_info()
 .text.__cxa_pure_virtual
                0x0000a1a0       0x20 C:\Android\android-ndk-r8d\sources\cxx-stl\gnu-libstdc++\4.4.3\libs\armeabi\libgnustl_static.a(pure.o)
                0x0000a1a0                __cxa_pure_virtual
 .text._ZNK10__cxxabiv120__si_class_type_info11__do_upcastEPKNS_17__class_type_infoEPKvRNS1_15__upcast_resultE
                0x0000a1c0       0x48 C:\Android\android-ndk-r8d\sources\cxx-stl\gnu-libstdc++\4.4.3\libs\armeabi\libgnustl_static.a(si_class_type_info.o)
                0x0000a1c0                __cxxabiv1::__si_class_type_info::__do_upcast(__cxxabiv1::__class_type_info const*, void const*, __cxxabiv1::__class_type_info::__upcast_result&) const
 .text._ZNK10__cxxabiv120__si_class_type_info12__do_dyncastEiNS_17__class_type_info10__sub_kindEPKS1_PKvS4_S6_RNS1_16__dyncast_resultE
                0x0000a208       0xd0 C:\Android\android-ndk-r8d\sources\cxx-stl\gnu-libstdc++\4.4.3\libs\armeabi\libgnustl_static.a(si_class_type_info.o)
                0x0000a208                __cxxabiv1::__si_class_type_info::__do_dyncast(int, __cxxabiv1::__class_type_info::__sub_kind, __cxxabiv1::__class_type_info const*, void const*, __cxxabiv1::__class_type_info const*, void const*, __cxxabiv1::__class_type_info::__dyncast_result&) const
 .text._ZNK10__cxxabiv120__si_class_type_info20__do_find_public_srcEiPKvPKNS_17__class_type_infoES2_
                0x0000a2d8       0x68 C:\Android\android-ndk-r8d\sources\cxx-stl\gnu-libstdc++\4.4.3\libs\armeabi\libgnustl_static.a(si_class_type_info.o)
                0x0000a2d8                __cxxabiv1::__si_class_type_info::__do_find_public_src(int, void const*, __cxxabiv1::__class_type_info const*, void const*) const
 .text._ZN10__cxxabiv120__si_class_type_infoD1Ev
                0x0000a340       0x34 C:\Android\android-ndk-r8d\sources\cxx-stl\gnu-libstdc++\4.4.3\libs\armeabi\libgnustl_static.a(si_class_type_info.o)
                0x0000a340                __cxxabiv1::__si_class_type_info::~__si_class_type_info()
 .text._ZN10__cxxabiv120__si_class_type_infoD0Ev
                0x0000a374       0x1c C:\Android\android-ndk-r8d\sources\cxx-stl\gnu-libstdc++\4.4.3\libs\armeabi\libgnustl_static.a(si_class_type_info.o)
                0x0000a374                __cxxabiv1::__si_class_type_info::~__si_class_type_info()
 .text._ZN10__cxxabiv120__si_class_type_infoD2Ev
                0x0000a390       0x34 C:\Android\android-ndk-r8d\sources\cxx-stl\gnu-libstdc++\4.4.3\libs\armeabi\libgnustl_static.a(si_class_type_info.o)
                0x0000a390                __cxxabiv1::__si_class_type_info::~__si_class_type_info()
 .text._ZNSt9type_infoD2Ev
                0x0000a3c4        0x4 C:\Android\android-ndk-r8d\sources\cxx-stl\gnu-libstdc++\4.4.3\libs\armeabi\libgnustl_static.a(tinfo.o)
                0x0000a3c4                std::type_info::~type_info()
 .text._ZNKSt9type_info14__is_pointer_pEv
                0x0000a3c8        0x8 C:\Android\android-ndk-r8d\sources\cxx-stl\gnu-libstdc++\4.4.3\libs\armeabi\libgnustl_static.a(tinfo.o)
                0x0000a3c8                std::type_info::__is_pointer_p() const
 .text._ZNKSt9type_info15__is_function_pEv
                0x0000a3d0        0x8 C:\Android\android-ndk-r8d\sources\cxx-stl\gnu-libstdc++\4.4.3\libs\armeabi\libgnustl_static.a(tinfo.o)
                0x0000a3d0                std::type_info::__is_function_p() const
 .text._ZNKSt9type_info11__do_upcastEPKN10__cxxabiv117__class_type_infoEPPv
                0x0000a3d8        0x8 C:\Android\android-ndk-r8d\sources\cxx-stl\gnu-libstdc++\4.4.3\libs\armeabi\libgnustl_static.a(tinfo.o)
                0x0000a3d8                std::type_info::__do_upcast(__cxxabiv1::__class_type_info const*, void**) const
 .text._ZNKSt9type_infoeqERKS_
                0x0000a3e0       0x54 C:\Android\android-ndk-r8d\sources\cxx-stl\gnu-libstdc++\4.4.3\libs\armeabi\libgnustl_static.a(tinfo.o)
                0x0000a3e0                std::type_info::operator==(std::type_info const&) const
 .text._ZNKSt9type_info10__do_catchEPKS_PPvj
                0x0000a434        0x4 C:\Android\android-ndk-r8d\sources\cxx-stl\gnu-libstdc++\4.4.3\libs\armeabi\libgnustl_static.a(tinfo.o)
                0x0000a434                std::type_info::__do_catch(std::type_info const*, void**, unsigned int) const
 .text.__aeabi_atexit
                0x0000a438       0x10 C:\Android\android-ndk-r8d\sources\cxx-stl\gnu-libstdc++\4.4.3\libs\armeabi\libgnustl_static.a(atexit_arm.o)
                0x0000a438                __aeabi_atexit
 .text._ZNKSt8bad_cast4whatEv
                0x0000a448       0x10 C:\Android\android-ndk-r8d\sources\cxx-stl\gnu-libstdc++\4.4.3\libs\armeabi\libgnustl_static.a(bad_cast.o)
                0x0000a448                std::bad_cast::what() const
 .text._ZNSt8bad_castD1Ev
                0x0000a458       0x34 C:\Android\android-ndk-r8d\sources\cxx-stl\gnu-libstdc++\4.4.3\libs\armeabi\libgnustl_static.a(bad_cast.o)
                0x0000a458                std::bad_cast::~bad_cast()
 .text._ZNSt8bad_castD0Ev
                0x0000a48c       0x1c C:\Android\android-ndk-r8d\sources\cxx-stl\gnu-libstdc++\4.4.3\libs\armeabi\libgnustl_static.a(bad_cast.o)
                0x0000a48c                std::bad_cast::~bad_cast()
 .text._ZNSt8bad_castD2Ev
                0x0000a4a8       0x34 C:\Android\android-ndk-r8d\sources\cxx-stl\gnu-libstdc++\4.4.3\libs\armeabi\libgnustl_static.a(bad_cast.o)
                0x0000a4a8                std::bad_cast::~bad_cast()
 .text._ZNKSt10bad_typeid4whatEv
                0x0000a4dc       0x10 C:\Android\android-ndk-r8d\sources\cxx-stl\gnu-libstdc++\4.4.3\libs\armeabi\libgnustl_static.a(bad_typeid.o)
                0x0000a4dc                std::bad_typeid::what() const
 .text._ZNSt10bad_typeidD1Ev
                0x0000a4ec       0x34 C:\Android\android-ndk-r8d\sources\cxx-stl\gnu-libstdc++\4.4.3\libs\armeabi\libgnustl_static.a(bad_typeid.o)
                0x0000a4ec                std::bad_typeid::~bad_typeid()
 .text._ZNSt10bad_typeidD0Ev
                0x0000a520       0x1c C:\Android\android-ndk-r8d\sources\cxx-stl\gnu-libstdc++\4.4.3\libs\armeabi\libgnustl_static.a(bad_typeid.o)
                0x0000a520                std::bad_typeid::~bad_typeid()
 .text._ZNSt10bad_typeidD2Ev
                0x0000a53c       0x34 C:\Android\android-ndk-r8d\sources\cxx-stl\gnu-libstdc++\4.4.3\libs\armeabi\libgnustl_static.a(bad_typeid.o)
                0x0000a53c                std::bad_typeid::~bad_typeid()
 .text._ZNK10__cxxabiv117__class_type_info11__do_upcastEPKS0_PPv
                0x0000a570       0x5c C:\Android\android-ndk-r8d\sources\cxx-stl\gnu-libstdc++\4.4.3\libs\armeabi\libgnustl_static.a(class_type_info.o)
                0x0000a570                __cxxabiv1::__class_type_info::__do_upcast(__cxxabiv1::__class_type_info const*, void**) const
 .text._ZNK10__cxxabiv117__class_type_info20__do_find_public_srcEiPKvPKS0_S2_
                0x0000a5cc       0x14 C:\Android\android-ndk-r8d\sources\cxx-stl\gnu-libstdc++\4.4.3\libs\armeabi\libgnustl_static.a(class_type_info.o)
                0x0000a5cc                __cxxabiv1::__class_type_info::__do_find_public_src(int, void const*, __cxxabiv1::__class_type_info const*, void const*) const
 .text._ZNK10__cxxabiv117__class_type_info11__do_upcastEPKS0_PKvRNS0_15__upcast_resultE
                0x0000a5e0       0x34 C:\Android\android-ndk-r8d\sources\cxx-stl\gnu-libstdc++\4.4.3\libs\armeabi\libgnustl_static.a(class_type_info.o)
                0x0000a5e0                __cxxabiv1::__class_type_info::__do_upcast(__cxxabiv1::__class_type_info const*, void const*, __cxxabiv1::__class_type_info::__upcast_result&) const
 .text._ZNK10__cxxabiv117__class_type_info12__do_dyncastEiNS0_10__sub_kindEPKS0_PKvS3_S5_RNS0_16__dyncast_resultE
                0x0000a614       0x6c C:\Android\android-ndk-r8d\sources\cxx-stl\gnu-libstdc++\4.4.3\libs\armeabi\libgnustl_static.a(class_type_info.o)
                0x0000a614                __cxxabiv1::__class_type_info::__do_dyncast(int, __cxxabiv1::__class_type_info::__sub_kind, __cxxabiv1::__class_type_info const*, void const*, __cxxabiv1::__class_type_info const*, void const*, __cxxabiv1::__class_type_info::__dyncast_result&) const
 .text._ZNK10__cxxabiv117__class_type_info10__do_catchEPKSt9type_infoPPvj
                0x0000a680       0x48 C:\Android\android-ndk-r8d\sources\cxx-stl\gnu-libstdc++\4.4.3\libs\armeabi\libgnustl_static.a(class_type_info.o)
                0x0000a680                __cxxabiv1::__class_type_info::__do_catch(std::type_info const*, void**, unsigned int) const
 .text._ZN10__cxxabiv117__class_type_infoD1Ev
                0x0000a6c8       0x34 C:\Android\android-ndk-r8d\sources\cxx-stl\gnu-libstdc++\4.4.3\libs\armeabi\libgnustl_static.a(class_type_info.o)
                0x0000a6c8                __cxxabiv1::__class_type_info::~__class_type_info()
 .text._ZN10__cxxabiv117__class_type_infoD0Ev
                0x0000a6fc       0x1c C:\Android\android-ndk-r8d\sources\cxx-stl\gnu-libstdc++\4.4.3\libs\armeabi\libgnustl_static.a(class_type_info.o)
                0x0000a6fc                __cxxabiv1::__class_type_info::~__class_type_info()
 .text._ZN10__cxxabiv117__class_type_infoD2Ev
                0x0000a718       0x34 C:\Android\android-ndk-r8d\sources\cxx-stl\gnu-libstdc++\4.4.3\libs\armeabi\libgnustl_static.a(class_type_info.o)
                0x0000a718                __cxxabiv1::__class_type_info::~__class_type_info()
 .text._ZNK10__cxxabiv117__pbase_type_info15__pointer_catchEPKS0_PPvj
                0x0000a74c       0x24 C:\Android\android-ndk-r8d\sources\cxx-stl\gnu-libstdc++\4.4.3\libs\armeabi\libgnustl_static.a(pbase_type_info.o)
                0x0000a74c                __cxxabiv1::__pbase_type_info::__pointer_catch(__cxxabiv1::__pbase_type_info const*, void**, unsigned int) const
 .text._ZNK10__cxxabiv117__pbase_type_info10__do_catchEPKSt9type_infoPPvj
                0x0000a770       0x94 C:\Android\android-ndk-r8d\sources\cxx-stl\gnu-libstdc++\4.4.3\libs\armeabi\libgnustl_static.a(pbase_type_info.o)
                0x0000a770                __cxxabiv1::__pbase_type_info::__do_catch(std::type_info const*, void**, unsigned int) const
 .text._ZN10__cxxabiv117__pbase_type_infoD1Ev
                0x0000a804       0x34 C:\Android\android-ndk-r8d\sources\cxx-stl\gnu-libstdc++\4.4.3\libs\armeabi\libgnustl_static.a(pbase_type_info.o)
                0x0000a804                __cxxabiv1::__pbase_type_info::~__pbase_type_info()
 .text._ZN10__cxxabiv117__pbase_type_infoD0Ev
                0x0000a838       0x1c C:\Android\android-ndk-r8d\sources\cxx-stl\gnu-libstdc++\4.4.3\libs\armeabi\libgnustl_static.a(pbase_type_info.o)
                0x0000a838                __cxxabiv1::__pbase_type_info::~__pbase_type_info()
 .text._ZN10__cxxabiv117__pbase_type_infoD2Ev
                0x0000a854       0x34 C:\Android\android-ndk-r8d\sources\cxx-stl\gnu-libstdc++\4.4.3\libs\armeabi\libgnustl_static.a(pbase_type_info.o)
                0x0000a854                __cxxabiv1::__pbase_type_info::~__pbase_type_info()
 .text._ZN9__gnu_cxx27__verbose_terminate_handlerEv
                0x0000a888      0x1c4 C:\Android\android-ndk-r8d\sources\cxx-stl\gnu-libstdc++\4.4.3\libs\armeabi\libgnustl_static.a(vterminate.o)
                0x0000a888                __gnu_cxx::__verbose_terminate_handler()
 .text          0x0000aa4c     0x4974 C:\Android\android-ndk-r8d\sources\cxx-stl\gnu-libstdc++\4.4.3\libs\armeabi\libgnustl_static.a(cp-demangle.o)
                0x0000e798                __cxa_demangle
                0x0000e764                __gcclibcxx_demangle_callback
 .text.__cxa_current_exception_type
                0x0000f3c0       0x2c C:\Android\android-ndk-r8d\sources\cxx-stl\gnu-libstdc++\4.4.3\libs\armeabi\libgnustl_static.a(eh_type.o)
                0x0000f3c0                __cxa_current_exception_type
 .text          0x0000f3ec       0x1c c:/Android/android-ndk-r8d/toolchains/arm-linux-androideabi-4.4.3/prebuilt/windows/bin/../lib/gcc/arm-linux-androideabi/4.4.3\libgcc.a(_aeabi_ldivmod.o)
                0x0000f3ec                __aeabi_ldivmod
 .text          0x0000f408       0x88 c:/Android/android-ndk-r8d/toolchains/arm-linux-androideabi-4.4.3/prebuilt/windows/bin/../lib/gcc/arm-linux-androideabi/4.4.3\libgcc.a(bpabi.o)
                0x0000f408                __gnu_uldivmod_helper
                0x0000f44c                __gnu_ldivmod_helper
 .text          0x0000f490      0xec4 c:/Android/android-ndk-r8d/toolchains/arm-linux-androideabi-4.4.3/prebuilt/windows/bin/../lib/gcc/arm-linux-androideabi/4.4.3\libgcc.a(unwind-arm.o)
                0x0000feb8                __gnu_Unwind_RaiseException
                0x0000fa10                __aeabi_unwind_cpp_pr0
                0x0000f540                _Unwind_GetCFA
                0x0000f4dc                _Unwind_VRS_Set
                0x0000fc54                __gnu_Unwind_Backtrace
                0x0000ffe8                _Unwind_VRS_Pop
                0x0000fa00                __aeabi_unwind_cpp_pr2
                0x0000f54c                _Unwind_DeleteException
                0x0000f548                _Unwind_Complete
                0x0000ff7c                __gnu_Unwind_Resume
                0x0000fe44                __gnu_Unwind_ForcedUnwind
                0x0000ff5c                __gnu_Unwind_Resume_or_Rethrow
                0x0000f490                _Unwind_VRS_Get
                0x0000fa08                __aeabi_unwind_cpp_pr1
 .text          0x00010354      0x1a8 c:/Android/android-ndk-r8d/toolchains/arm-linux-androideabi-4.4.3/prebuilt/windows/bin/../lib/gcc/arm-linux-androideabi/4.4.3\libgcc.a(libunwind.o)
                0x000104b4                ___Unwind_ForcedUnwind
                0x00010370                __gnu_Unwind_Save_VFP
                0x00010490                _Unwind_Resume_or_Rethrow
                0x00010490                ___Unwind_Resume_or_Rethrow
                0x000104d8                _Unwind_Backtrace
                0x00010354                __restore_core_regs
                0x00010390                __gnu_Unwind_Save_VFP_D_16_to_31
                0x00010380                __gnu_Unwind_Save_VFP_D
                0x000104d8                ___Unwind_Backtrace
                0x00010448                ___Unwind_RaiseException
                0x0001046c                ___Unwind_Resume
                0x00010398                __gnu_Unwind_Restore_WMMXD
                0x00010368                __gnu_Unwind_Restore_VFP
                0x0001046c                _Unwind_Resume
                0x00010378                __gnu_Unwind_Restore_VFP_D
                0x00010388                __gnu_Unwind_Restore_VFP_D_16_to_31
                0x00010448                _Unwind_RaiseException
                0x00010354                restore_core_regs
                0x00010434                __gnu_Unwind_Save_WMMXC
                0x00010420                __gnu_Unwind_Restore_WMMXC
                0x000104b4                _Unwind_ForcedUnwind
                0x000103dc                __gnu_Unwind_Save_WMMXD
 .text          0x000104fc      0x484 c:/Android/android-ndk-r8d/toolchains/arm-linux-androideabi-4.4.3/prebuilt/windows/bin/../lib/gcc/arm-linux-androideabi/4.4.3\libgcc.a(pr-support.o)
                0x0001059c                _Unwind_GetRegionStart
                0x000105c8                __gnu_unwind_execute
                0x00010554                _Unwind_GetTextRelBase
                0x00010564                _Unwind_GetLanguageSpecificData
                0x00010940                __gnu_unwind_frame
                0x0001055c                _Unwind_GetDataRelBase
 .text          0x00010980      0x47c c:/Android/android-ndk-r8d/toolchains/arm-linux-androideabi-4.4.3/prebuilt/windows/bin/../lib/gcc/arm-linux-androideabi/4.4.3\libgcc.a(_divdi3.o)
                0x00010980                __divdi3
 .text          0x00010dfc      0x40c c:/Android/android-ndk-r8d/toolchains/arm-linux-androideabi-4.4.3/prebuilt/windows/bin/../lib/gcc/arm-linux-androideabi/4.4.3\libgcc.a(_udivdi3.o)
                0x00010dfc                __udivdi3
 .text          0x00011208       0xc4 c:/Android/android-ndk-r8d/toolchains/arm-linux-androideabi-4.4.3/prebuilt/windows/bin/../lib/gcc/arm-linux-androideabi/4.4.3\libgcc.a(_udivsi3.o)
                0x00011208                __udivsi3
                0x00011208                __aeabi_uidiv
                0x000112b4                __aeabi_uidivmod
 .text          0x000112cc       0x10 c:/Android/android-ndk-r8d/toolchains/arm-linux-androideabi-4.4.3/prebuilt/windows/bin/../lib/gcc/arm-linux-androideabi/4.4.3\libgcc.a(_dvmd_lnx.o)
                0x000112cc                __div0
 *(.gnu.warning)
 *(.glue_7t)
 .glue_7t       0x00000000        0x0 linker stubs
 *(.glue_7)
 .glue_7        0x00000000        0x0 linker stubs
 *(.vfp11_veneer)
 .vfp11_veneer  0x00000000        0x0 linker stubs
 *(.v4_bx)
 .v4_bx         0x00000000        0x0 linker stubs

.fini
 *(.fini)
                0x000112dc                PROVIDE (__etext, .)
                0x000112dc                PROVIDE (_etext, .)
                0x000112dc                PROVIDE (etext, .)

.rodata         0x000112dc     0x14e8
 *(.rodata .rodata.* .gnu.linkonce.r.*)
 .rodata        0x000112dc      0x66c debug\s3ePlayhaven_platform.os
 .rodata        0x00011948      0x2d4 debug\s3ePlayhaven_register.os
 .rodata.str1.4
                0x00011c1c      0x118 C:\marmalade\6.1\s3e\edk\lib\android\libedk.a(IwDebug.o)
                                0x120 (size before relaxing)
 .rodata._ZTSN9__gnu_cxx24__concurrence_lock_errorE
                0x00011d34       0x28 C:\Android\android-ndk-r8d\sources\cxx-stl\gnu-libstdc++\4.4.3\libs\armeabi\libgnustl_static.a(eh_alloc.o)
                0x00011d34                typeinfo name for __gnu_cxx::__concurrence_lock_error
 .rodata._ZTSN9__gnu_cxx26__concurrence_unlock_errorE
                0x00011d5c       0x2c C:\Android\android-ndk-r8d\sources\cxx-stl\gnu-libstdc++\4.4.3\libs\armeabi\libgnustl_static.a(eh_alloc.o)
                0x00011d5c                typeinfo name for __gnu_cxx::__concurrence_unlock_error
 .rodata.str1.4
                0x00011d88       0x4a C:\Android\android-ndk-r8d\sources\cxx-stl\gnu-libstdc++\4.4.3\libs\armeabi\libgnustl_static.a(eh_alloc.o)
                                 0x4c (size before relaxing)
 *fill*         0x00011dd2        0x2 00
 .rodata._ZTSN10__cxxabiv115__forced_unwindE
                0x00011dd4       0x20 C:\Android\android-ndk-r8d\sources\cxx-stl\gnu-libstdc++\4.4.3\libs\armeabi\libgnustl_static.a(eh_exception.o)
                0x00011dd4                typeinfo name for __cxxabiv1::__forced_unwind
 .rodata._ZTSN10__cxxabiv119__foreign_exceptionE
                0x00011df4       0x24 C:\Android\android-ndk-r8d\sources\cxx-stl\gnu-libstdc++\4.4.3\libs\armeabi\libgnustl_static.a(eh_exception.o)
                0x00011df4                typeinfo name for __cxxabiv1::__foreign_exception
 .rodata.str1.4
                0x00011e18       0x23 C:\Android\android-ndk-r8d\sources\cxx-stl\gnu-libstdc++\4.4.3\libs\armeabi\libgnustl_static.a(eh_exception.o)
                                 0x24 (size before relaxing)
 *fill*         0x00011e3b        0x1 00
 .rodata._ZTSSt9exception
                0x00011e3c       0x10 C:\Android\android-ndk-r8d\sources\cxx-stl\gnu-libstdc++\4.4.3\libs\armeabi\libgnustl_static.a(eh_exception.o)
                0x00011e3c                typeinfo name for std::exception
 .rodata._ZTSSt13bad_exception
                0x00011e4c       0x14 C:\Android\android-ndk-r8d\sources\cxx-stl\gnu-libstdc++\4.4.3\libs\armeabi\libgnustl_static.a(eh_exception.o)
                0x00011e4c                typeinfo name for std::bad_exception
 .rodata._ZTSPKe
                0x00011e60        0x4 C:\Android\android-ndk-r8d\sources\cxx-stl\gnu-libstdc++\4.4.3\libs\armeabi\libgnustl_static.a(fundamental_type_info.o)
                0x00011e60                typeinfo name for long double const*
 .rodata._ZTSPe
                0x00011e64        0x4 C:\Android\android-ndk-r8d\sources\cxx-stl\gnu-libstdc++\4.4.3\libs\armeabi\libgnustl_static.a(fundamental_type_info.o)
                0x00011e64                typeinfo name for long double*
 .rodata._ZTSe  0x00011e68        0x4 C:\Android\android-ndk-r8d\sources\cxx-stl\gnu-libstdc++\4.4.3\libs\armeabi\libgnustl_static.a(fundamental_type_info.o)
                0x00011e68                typeinfo name for long double
 .rodata._ZTSPKd
                0x00011e6c        0x4 C:\Android\android-ndk-r8d\sources\cxx-stl\gnu-libstdc++\4.4.3\libs\armeabi\libgnustl_static.a(fundamental_type_info.o)
                0x00011e6c                typeinfo name for double const*
 .rodata._ZTSPd
                0x00011e70        0x4 C:\Android\android-ndk-r8d\sources\cxx-stl\gnu-libstdc++\4.4.3\libs\armeabi\libgnustl_static.a(fundamental_type_info.o)
                0x00011e70                typeinfo name for double*
 .rodata._ZTSd  0x00011e74        0x4 C:\Android\android-ndk-r8d\sources\cxx-stl\gnu-libstdc++\4.4.3\libs\armeabi\libgnustl_static.a(fundamental_type_info.o)
                0x00011e74                typeinfo name for double
 .rodata._ZTSPKf
                0x00011e78        0x4 C:\Android\android-ndk-r8d\sources\cxx-stl\gnu-libstdc++\4.4.3\libs\armeabi\libgnustl_static.a(fundamental_type_info.o)
                0x00011e78                typeinfo name for float const*
 .rodata._ZTSPf
                0x00011e7c        0x4 C:\Android\android-ndk-r8d\sources\cxx-stl\gnu-libstdc++\4.4.3\libs\armeabi\libgnustl_static.a(fundamental_type_info.o)
                0x00011e7c                typeinfo name for float*
 .rodata._ZTSf  0x00011e80        0x4 C:\Android\android-ndk-r8d\sources\cxx-stl\gnu-libstdc++\4.4.3\libs\armeabi\libgnustl_static.a(fundamental_type_info.o)
                0x00011e80                typeinfo name for float
 .rodata._ZTSPKy
                0x00011e84        0x4 C:\Android\android-ndk-r8d\sources\cxx-stl\gnu-libstdc++\4.4.3\libs\armeabi\libgnustl_static.a(fundamental_type_info.o)
                0x00011e84                typeinfo name for unsigned long long const*
 .rodata._ZTSPy
                0x00011e88        0x4 C:\Android\android-ndk-r8d\sources\cxx-stl\gnu-libstdc++\4.4.3\libs\armeabi\libgnustl_static.a(fundamental_type_info.o)
                0x00011e88                typeinfo name for unsigned long long*
 .rodata._ZTSy  0x00011e8c        0x4 C:\Android\android-ndk-r8d\sources\cxx-stl\gnu-libstdc++\4.4.3\libs\armeabi\libgnustl_static.a(fundamental_type_info.o)
                0x00011e8c                typeinfo name for unsigned long long
 .rodata._ZTSPKx
                0x00011e90        0x4 C:\Android\android-ndk-r8d\sources\cxx-stl\gnu-libstdc++\4.4.3\libs\armeabi\libgnustl_static.a(fundamental_type_info.o)
                0x00011e90                typeinfo name for long long const*
 .rodata._ZTSPx
                0x00011e94        0x4 C:\Android\android-ndk-r8d\sources\cxx-stl\gnu-libstdc++\4.4.3\libs\armeabi\libgnustl_static.a(fundamental_type_info.o)
                0x00011e94                typeinfo name for long long*
 .rodata._ZTSx  0x00011e98        0x4 C:\Android\android-ndk-r8d\sources\cxx-stl\gnu-libstdc++\4.4.3\libs\armeabi\libgnustl_static.a(fundamental_type_info.o)
                0x00011e98                typeinfo name for long long
 .rodata._ZTSPKm
                0x00011e9c        0x4 C:\Android\android-ndk-r8d\sources\cxx-stl\gnu-libstdc++\4.4.3\libs\armeabi\libgnustl_static.a(fundamental_type_info.o)
                0x00011e9c                typeinfo name for unsigned long const*
 .rodata._ZTSPm
                0x00011ea0        0x4 C:\Android\android-ndk-r8d\sources\cxx-stl\gnu-libstdc++\4.4.3\libs\armeabi\libgnustl_static.a(fundamental_type_info.o)
                0x00011ea0                typeinfo name for unsigned long*
 .rodata._ZTSm  0x00011ea4        0x4 C:\Android\android-ndk-r8d\sources\cxx-stl\gnu-libstdc++\4.4.3\libs\armeabi\libgnustl_static.a(fundamental_type_info.o)
                0x00011ea4                typeinfo name for unsigned long
 .rodata._ZTSPKl
                0x00011ea8        0x4 C:\Android\android-ndk-r8d\sources\cxx-stl\gnu-libstdc++\4.4.3\libs\armeabi\libgnustl_static.a(fundamental_type_info.o)
                0x00011ea8                typeinfo name for long const*
 .rodata._ZTSPl
                0x00011eac        0x4 C:\Android\android-ndk-r8d\sources\cxx-stl\gnu-libstdc++\4.4.3\libs\armeabi\libgnustl_static.a(fundamental_type_info.o)
                0x00011eac                typeinfo name for long*
 .rodata._ZTSl  0x00011eb0        0x4 C:\Android\android-ndk-r8d\sources\cxx-stl\gnu-libstdc++\4.4.3\libs\armeabi\libgnustl_static.a(fundamental_type_info.o)
                0x00011eb0                typeinfo name for long
 .rodata._ZTSPKj
                0x00011eb4        0x4 C:\Android\android-ndk-r8d\sources\cxx-stl\gnu-libstdc++\4.4.3\libs\armeabi\libgnustl_static.a(fundamental_type_info.o)
                0x00011eb4                typeinfo name for unsigned int const*
 .rodata._ZTSPj
                0x00011eb8        0x4 C:\Android\android-ndk-r8d\sources\cxx-stl\gnu-libstdc++\4.4.3\libs\armeabi\libgnustl_static.a(fundamental_type_info.o)
                0x00011eb8                typeinfo name for unsigned int*
 .rodata._ZTSj  0x00011ebc        0x4 C:\Android\android-ndk-r8d\sources\cxx-stl\gnu-libstdc++\4.4.3\libs\armeabi\libgnustl_static.a(fundamental_type_info.o)
                0x00011ebc                typeinfo name for unsigned int
 .rodata._ZTSPKi
                0x00011ec0        0x4 C:\Android\android-ndk-r8d\sources\cxx-stl\gnu-libstdc++\4.4.3\libs\armeabi\libgnustl_static.a(fundamental_type_info.o)
                0x00011ec0                typeinfo name for int const*
 .rodata._ZTSPi
                0x00011ec4        0x4 C:\Android\android-ndk-r8d\sources\cxx-stl\gnu-libstdc++\4.4.3\libs\armeabi\libgnustl_static.a(fundamental_type_info.o)
                0x00011ec4                typeinfo name for int*
 .rodata._ZTSi  0x00011ec8        0x4 C:\Android\android-ndk-r8d\sources\cxx-stl\gnu-libstdc++\4.4.3\libs\armeabi\libgnustl_static.a(fundamental_type_info.o)
                0x00011ec8                typeinfo name for int
 .rodata._ZTSPKt
                0x00011ecc        0x4 C:\Android\android-ndk-r8d\sources\cxx-stl\gnu-libstdc++\4.4.3\libs\armeabi\libgnustl_static.a(fundamental_type_info.o)
                0x00011ecc                typeinfo name for unsigned short const*
 .rodata._ZTSPt
                0x00011ed0        0x4 C:\Android\android-ndk-r8d\sources\cxx-stl\gnu-libstdc++\4.4.3\libs\armeabi\libgnustl_static.a(fundamental_type_info.o)
                0x00011ed0                typeinfo name for unsigned short*
 .rodata._ZTSt  0x00011ed4        0x4 C:\Android\android-ndk-r8d\sources\cxx-stl\gnu-libstdc++\4.4.3\libs\armeabi\libgnustl_static.a(fundamental_type_info.o)
                0x00011ed4                typeinfo name for unsigned short
 .rodata._ZTSPKs
                0x00011ed8        0x4 C:\Android\android-ndk-r8d\sources\cxx-stl\gnu-libstdc++\4.4.3\libs\armeabi\libgnustl_static.a(fundamental_type_info.o)
                0x00011ed8                typeinfo name for short const*
 .rodata._ZTSPs
                0x00011edc        0x4 C:\Android\android-ndk-r8d\sources\cxx-stl\gnu-libstdc++\4.4.3\libs\armeabi\libgnustl_static.a(fundamental_type_info.o)
                0x00011edc                typeinfo name for short*
 .rodata._ZTSs  0x00011ee0        0x4 C:\Android\android-ndk-r8d\sources\cxx-stl\gnu-libstdc++\4.4.3\libs\armeabi\libgnustl_static.a(fundamental_type_info.o)
                0x00011ee0                typeinfo name for short
 .rodata._ZTSPKh
                0x00011ee4        0x4 C:\Android\android-ndk-r8d\sources\cxx-stl\gnu-libstdc++\4.4.3\libs\armeabi\libgnustl_static.a(fundamental_type_info.o)
                0x00011ee4                typeinfo name for unsigned char const*
 .rodata._ZTSPh
                0x00011ee8        0x4 C:\Android\android-ndk-r8d\sources\cxx-stl\gnu-libstdc++\4.4.3\libs\armeabi\libgnustl_static.a(fundamental_type_info.o)
                0x00011ee8                typeinfo name for unsigned char*
 .rodata._ZTSh  0x00011eec        0x4 C:\Android\android-ndk-r8d\sources\cxx-stl\gnu-libstdc++\4.4.3\libs\armeabi\libgnustl_static.a(fundamental_type_info.o)
                0x00011eec                typeinfo name for unsigned char
 .rodata._ZTSPKa
                0x00011ef0        0x4 C:\Android\android-ndk-r8d\sources\cxx-stl\gnu-libstdc++\4.4.3\libs\armeabi\libgnustl_static.a(fundamental_type_info.o)
                0x00011ef0                typeinfo name for signed char const*
 .rodata._ZTSPa
                0x00011ef4        0x4 C:\Android\android-ndk-r8d\sources\cxx-stl\gnu-libstdc++\4.4.3\libs\armeabi\libgnustl_static.a(fundamental_type_info.o)
                0x00011ef4                typeinfo name for signed char*
 .rodata._ZTSa  0x00011ef8        0x4 C:\Android\android-ndk-r8d\sources\cxx-stl\gnu-libstdc++\4.4.3\libs\armeabi\libgnustl_static.a(fundamental_type_info.o)
                0x00011ef8                typeinfo name for signed char
 .rodata._ZTSPKc
                0x00011efc        0x4 C:\Android\android-ndk-r8d\sources\cxx-stl\gnu-libstdc++\4.4.3\libs\armeabi\libgnustl_static.a(fundamental_type_info.o)
                0x00011efc                typeinfo name for char const*
 .rodata._ZTSPc
                0x00011f00        0x4 C:\Android\android-ndk-r8d\sources\cxx-stl\gnu-libstdc++\4.4.3\libs\armeabi\libgnustl_static.a(fundamental_type_info.o)
                0x00011f00                typeinfo name for char*
 .rodata._ZTSc  0x00011f04        0x4 C:\Android\android-ndk-r8d\sources\cxx-stl\gnu-libstdc++\4.4.3\libs\armeabi\libgnustl_static.a(fundamental_type_info.o)
                0x00011f04                typeinfo name for char
 .rodata._ZTSPKDi
                0x00011f08        0x8 C:\Android\android-ndk-r8d\sources\cxx-stl\gnu-libstdc++\4.4.3\libs\armeabi\libgnustl_static.a(fundamental_type_info.o)
                0x00011f08                _ZTSPKDi
 .rodata._ZTSPDi
                0x00011f10        0x4 C:\Android\android-ndk-r8d\sources\cxx-stl\gnu-libstdc++\4.4.3\libs\armeabi\libgnustl_static.a(fundamental_type_info.o)
                0x00011f10                _ZTSPDi
 .rodata._ZTSDi
                0x00011f14        0x4 C:\Android\android-ndk-r8d\sources\cxx-stl\gnu-libstdc++\4.4.3\libs\armeabi\libgnustl_static.a(fundamental_type_info.o)
                0x00011f14                _ZTSDi
 .rodata._ZTSPKDs
                0x00011f18        0x8 C:\Android\android-ndk-r8d\sources\cxx-stl\gnu-libstdc++\4.4.3\libs\armeabi\libgnustl_static.a(fundamental_type_info.o)
                0x00011f18                _ZTSPKDs
 .rodata._ZTSPDs
                0x00011f20        0x4 C:\Android\android-ndk-r8d\sources\cxx-stl\gnu-libstdc++\4.4.3\libs\armeabi\libgnustl_static.a(fundamental_type_info.o)
                0x00011f20                _ZTSPDs
 .rodata._ZTSDs
                0x00011f24        0x4 C:\Android\android-ndk-r8d\sources\cxx-stl\gnu-libstdc++\4.4.3\libs\armeabi\libgnustl_static.a(fundamental_type_info.o)
                0x00011f24                _ZTSDs
 .rodata._ZTSPKw
                0x00011f28        0x4 C:\Android\android-ndk-r8d\sources\cxx-stl\gnu-libstdc++\4.4.3\libs\armeabi\libgnustl_static.a(fundamental_type_info.o)
                0x00011f28                typeinfo name for wchar_t const*
 .rodata._ZTSPw
                0x00011f2c        0x4 C:\Android\android-ndk-r8d\sources\cxx-stl\gnu-libstdc++\4.4.3\libs\armeabi\libgnustl_static.a(fundamental_type_info.o)
                0x00011f2c                typeinfo name for wchar_t*
 .rodata._ZTSw  0x00011f30        0x4 C:\Android\android-ndk-r8d\sources\cxx-stl\gnu-libstdc++\4.4.3\libs\armeabi\libgnustl_static.a(fundamental_type_info.o)
                0x00011f30                typeinfo name for wchar_t
 .rodata._ZTSPKb
                0x00011f34        0x4 C:\Android\android-ndk-r8d\sources\cxx-stl\gnu-libstdc++\4.4.3\libs\armeabi\libgnustl_static.a(fundamental_type_info.o)
                0x00011f34                typeinfo name for bool const*
 .rodata._ZTSPb
                0x00011f38        0x4 C:\Android\android-ndk-r8d\sources\cxx-stl\gnu-libstdc++\4.4.3\libs\armeabi\libgnustl_static.a(fundamental_type_info.o)
                0x00011f38                typeinfo name for bool*
 .rodata._ZTSb  0x00011f3c        0x4 C:\Android\android-ndk-r8d\sources\cxx-stl\gnu-libstdc++\4.4.3\libs\armeabi\libgnustl_static.a(fundamental_type_info.o)
                0x00011f3c                typeinfo name for bool
 .rodata._ZTSPKv
                0x00011f40        0x4 C:\Android\android-ndk-r8d\sources\cxx-stl\gnu-libstdc++\4.4.3\libs\armeabi\libgnustl_static.a(fundamental_type_info.o)
                0x00011f40                typeinfo name for void const*
 .rodata._ZTSPv
                0x00011f44        0x4 C:\Android\android-ndk-r8d\sources\cxx-stl\gnu-libstdc++\4.4.3\libs\armeabi\libgnustl_static.a(fundamental_type_info.o)
                0x00011f44                typeinfo name for void*
 .rodata._ZTSv  0x00011f48        0x4 C:\Android\android-ndk-r8d\sources\cxx-stl\gnu-libstdc++\4.4.3\libs\armeabi\libgnustl_static.a(fundamental_type_info.o)
                0x00011f48                typeinfo name for void
 .rodata._ZTSN10__cxxabiv123__fundamental_type_infoE
                0x00011f4c       0x28 C:\Android\android-ndk-r8d\sources\cxx-stl\gnu-libstdc++\4.4.3\libs\armeabi\libgnustl_static.a(fundamental_type_info.o)
                0x00011f4c                typeinfo name for __cxxabiv1::__fundamental_type_info
 .rodata._ZTSSt9bad_alloc
                0x00011f74       0x10 C:\Android\android-ndk-r8d\sources\cxx-stl\gnu-libstdc++\4.4.3\libs\armeabi\libgnustl_static.a(new_handler.o)
                0x00011f74                typeinfo name for std::bad_alloc
 .rodata.str1.4
                0x00011f84        0xf C:\Android\android-ndk-r8d\sources\cxx-stl\gnu-libstdc++\4.4.3\libs\armeabi\libgnustl_static.a(new_handler.o)
                                 0x10 (size before relaxing)
 *fill*         0x00011f93        0x1 00
 .rodata._ZSt7nothrow
                0x00011f94        0x4 C:\Android\android-ndk-r8d\sources\cxx-stl\gnu-libstdc++\4.4.3\libs\armeabi\libgnustl_static.a(new_handler.o)
                0x00011f94                std::nothrow
 .rodata._ZTSN10__cxxabiv119__pointer_type_infoE
                0x00011f98       0x24 C:\Android\android-ndk-r8d\sources\cxx-stl\gnu-libstdc++\4.4.3\libs\armeabi\libgnustl_static.a(pointer_type_info.o)
                0x00011f98                typeinfo name for __cxxabiv1::__pointer_type_info
 .rodata.str1.4
                0x00011fbc       0x1c C:\Android\android-ndk-r8d\sources\cxx-stl\gnu-libstdc++\4.4.3\libs\armeabi\libgnustl_static.a(pure.o)
 .rodata._ZTSN10__cxxabiv120__si_class_type_infoE
                0x00011fd8       0x28 C:\Android\android-ndk-r8d\sources\cxx-stl\gnu-libstdc++\4.4.3\libs\armeabi\libgnustl_static.a(si_class_type_info.o)
                0x00011fd8                typeinfo name for __cxxabiv1::__si_class_type_info
 .rodata._ZTSSt9type_info
                0x00012000       0x10 C:\Android\android-ndk-r8d\sources\cxx-stl\gnu-libstdc++\4.4.3\libs\armeabi\libgnustl_static.a(tinfo.o)
                0x00012000                typeinfo name for std::type_info
 .rodata._ZTSSt8bad_cast
                0x00012010        0xc C:\Android\android-ndk-r8d\sources\cxx-stl\gnu-libstdc++\4.4.3\libs\armeabi\libgnustl_static.a(bad_cast.o)
                0x00012010                typeinfo name for std::bad_cast
 .rodata.str1.4
                0x0001201c        0xe C:\Android\android-ndk-r8d\sources\cxx-stl\gnu-libstdc++\4.4.3\libs\armeabi\libgnustl_static.a(bad_cast.o)
                                 0x10 (size before relaxing)
 *fill*         0x0001202a        0x2 00
 .rodata.str1.4
                0x0001202c       0x10 C:\Android\android-ndk-r8d\sources\cxx-stl\gnu-libstdc++\4.4.3\libs\armeabi\libgnustl_static.a(bad_typeid.o)
 .rodata._ZTSSt10bad_typeid
                0x0001203c       0x10 C:\Android\android-ndk-r8d\sources\cxx-stl\gnu-libstdc++\4.4.3\libs\armeabi\libgnustl_static.a(bad_typeid.o)
                0x0001203c                typeinfo name for std::bad_typeid
 .rodata._ZTSN10__cxxabiv117__class_type_infoE
                0x0001204c       0x24 C:\Android\android-ndk-r8d\sources\cxx-stl\gnu-libstdc++\4.4.3\libs\armeabi\libgnustl_static.a(class_type_info.o)
                0x0001204c                typeinfo name for __cxxabiv1::__class_type_info
 .rodata._ZTSN10__cxxabiv117__pbase_type_infoE
                0x00012070       0x24 C:\Android\android-ndk-r8d\sources\cxx-stl\gnu-libstdc++\4.4.3\libs\armeabi\libgnustl_static.a(pbase_type_info.o)
                0x00012070                typeinfo name for __cxxabiv1::__pbase_type_info
 .rodata.str1.4
                0x00012094       0x92 C:\Android\android-ndk-r8d\sources\cxx-stl\gnu-libstdc++\4.4.3\libs\armeabi\libgnustl_static.a(vterminate.o)
                                 0x94 (size before relaxing)
 *fill*         0x00012126        0x2 00
 .rodata.str1.4
                0x00012128      0x69c C:\Android\android-ndk-r8d\sources\cxx-stl\gnu-libstdc++\4.4.3\libs\armeabi\libgnustl_static.a(cp-demangle.o)
                                0x6d0 (size before relaxing)

.rodata1
 *(.rodata1)

.ARM.extab      0x000127c4      0x2d0
 *(.ARM.extab* .gnu.linkonce.armextab.*)
 .ARM.extab.text._Znwj
                0x000127c4       0x24 C:\Android\android-ndk-r8d\sources\cxx-stl\gnu-libstdc++\4.4.3\libs\armeabi\libgnustl_static.a(new_op.o)
 .ARM.extab.text._Znaj
                0x000127e8       0x20 C:\Android\android-ndk-r8d\sources\cxx-stl\gnu-libstdc++\4.4.3\libs\armeabi\libgnustl_static.a(new_opv.o)
 .ARM.extab.text._ZNK9__gnu_cxx24__concurrence_lock_error4whatEv
                0x00012808        0x0 C:\Android\android-ndk-r8d\sources\cxx-stl\gnu-libstdc++\4.4.3\libs\armeabi\libgnustl_static.a(eh_alloc.o)
 .ARM.extab.text._ZNK9__gnu_cxx26__concurrence_unlock_error4whatEv
                0x00012808        0x0 C:\Android\android-ndk-r8d\sources\cxx-stl\gnu-libstdc++\4.4.3\libs\armeabi\libgnustl_static.a(eh_alloc.o)
 .ARM.extab.text._ZN9__gnu_cxx24__concurrence_lock_errorD1Ev
                0x00012808        0x0 C:\Android\android-ndk-r8d\sources\cxx-stl\gnu-libstdc++\4.4.3\libs\armeabi\libgnustl_static.a(eh_alloc.o)
 .ARM.extab.text._ZN9__gnu_cxx26__concurrence_unlock_errorD1Ev
                0x00012808        0x0 C:\Android\android-ndk-r8d\sources\cxx-stl\gnu-libstdc++\4.4.3\libs\armeabi\libgnustl_static.a(eh_alloc.o)
 .ARM.extab.text._ZN9__gnu_cxx13__scoped_lockD1Ev
                0x00012808       0x1c C:\Android\android-ndk-r8d\sources\cxx-stl\gnu-libstdc++\4.4.3\libs\armeabi\libgnustl_static.a(eh_alloc.o)
 .ARM.extab.text._ZN9__gnu_cxx26__concurrence_unlock_errorD0Ev
                0x00012824        0x0 C:\Android\android-ndk-r8d\sources\cxx-stl\gnu-libstdc++\4.4.3\libs\armeabi\libgnustl_static.a(eh_alloc.o)
 .ARM.extab.text._ZN9__gnu_cxx24__concurrence_lock_errorD0Ev
                0x00012824        0x0 C:\Android\android-ndk-r8d\sources\cxx-stl\gnu-libstdc++\4.4.3\libs\armeabi\libgnustl_static.a(eh_alloc.o)
 .ARM.extab.text.__cxa_free_dependent_exception
                0x00012824       0x38 C:\Android\android-ndk-r8d\sources\cxx-stl\gnu-libstdc++\4.4.3\libs\armeabi\libgnustl_static.a(eh_alloc.o)
 .ARM.extab.text.__cxa_free_exception
                0x0001285c       0x38 C:\Android\android-ndk-r8d\sources\cxx-stl\gnu-libstdc++\4.4.3\libs\armeabi\libgnustl_static.a(eh_alloc.o)
 .ARM.extab.text.__cxa_allocate_dependent_exception
                0x00012894       0x34 C:\Android\android-ndk-r8d\sources\cxx-stl\gnu-libstdc++\4.4.3\libs\armeabi\libgnustl_static.a(eh_alloc.o)
 .ARM.extab.text.__cxa_allocate_exception
                0x000128c8       0x40 C:\Android\android-ndk-r8d\sources\cxx-stl\gnu-libstdc++\4.4.3\libs\armeabi\libgnustl_static.a(eh_alloc.o)
 .ARM.extab.text.__cxa_call_unexpected
                0x00012908       0x2c C:\Android\android-ndk-r8d\sources\cxx-stl\gnu-libstdc++\4.4.3\libs\armeabi\libgnustl_static.a(eh_call.o)
 .ARM.extab.text.__cxa_begin_catch
                0x00012934       0x20 C:\Android\android-ndk-r8d\sources\cxx-stl\gnu-libstdc++\4.4.3\libs\armeabi\libgnustl_static.a(eh_catch.o)
 .ARM.extab.text._ZN17__eh_globals_initD1Ev
                0x00012954        0x0 C:\Android\android-ndk-r8d\sources\cxx-stl\gnu-libstdc++\4.4.3\libs\armeabi\libgnustl_static.a(eh_globals.o)
 .ARM.extab.text.__cxa_get_globals_fast
                0x00012954       0x1c C:\Android\android-ndk-r8d\sources\cxx-stl\gnu-libstdc++\4.4.3\libs\armeabi\libgnustl_static.a(eh_globals.o)
 .ARM.extab.text.__cxa_get_globals
                0x00012970       0x1c C:\Android\android-ndk-r8d\sources\cxx-stl\gnu-libstdc++\4.4.3\libs\armeabi\libgnustl_static.a(eh_globals.o)
 .ARM.extab.text.__gxx_personality_v0
                0x0001298c       0x30 C:\Android\android-ndk-r8d\sources\cxx-stl\gnu-libstdc++\4.4.3\libs\armeabi\libgnustl_static.a(eh_personality.o)
 .ARM.extab.text._ZN10__cxxabiv111__terminateEPFvvE
                0x000129bc       0x24 C:\Android\android-ndk-r8d\sources\cxx-stl\gnu-libstdc++\4.4.3\libs\armeabi\libgnustl_static.a(eh_terminate.o)
 .ARM.extab.text._ZSt9terminatev
                0x000129e0        0xc C:\Android\android-ndk-r8d\sources\cxx-stl\gnu-libstdc++\4.4.3\libs\armeabi\libgnustl_static.a(eh_terminate.o)
 .ARM.extab.text._ZN10__cxxabiv112__unexpectedEPFvvE
                0x000129ec        0xc C:\Android\android-ndk-r8d\sources\cxx-stl\gnu-libstdc++\4.4.3\libs\armeabi\libgnustl_static.a(eh_terminate.o)
 .ARM.extab.text._ZSt10unexpectedv